Archive member included to satisfy reference by file (symbol)

c:/progra~2/arm gnu toolchain arm-none-eabi/12.2 rel1/bin/../lib/gcc/arm-none-eabi/12.2.1/thumb/v6-m/nofp\libgcc.a(_dvmd_tls.o)
                              CMakeFiles/TalonFirmware.dir/C_/Users/David_Zaha/Desktop/2022_school_year/YWISE/pico-sdk/src/rp2_common/pico_divider/divider.S.obj (__aeabi_idiv0)
c:/progra~2/arm gnu toolchain arm-none-eabi/12.2 rel1/bin/../lib/gcc/arm-none-eabi/12.2.1/thumb/v6-m/nofp\libc.a(libc_a-calloc.o)
                              CMakeFiles/TalonFirmware.dir/C_/Users/David_Zaha/Desktop/2022_school_year/YWISE/pico-sdk/src/rp2_common/pico_malloc/pico_malloc.c.obj (calloc)
c:/progra~2/arm gnu toolchain arm-none-eabi/12.2 rel1/bin/../lib/gcc/arm-none-eabi/12.2.1/thumb/v6-m/nofp\libc.a(libc_a-callocr.o)
                              c:/progra~2/arm gnu toolchain arm-none-eabi/12.2 rel1/bin/../lib/gcc/arm-none-eabi/12.2.1/thumb/v6-m/nofp\libc.a(libc_a-calloc.o) (_calloc_r)
c:/progra~2/arm gnu toolchain arm-none-eabi/12.2 rel1/bin/../lib/gcc/arm-none-eabi/12.2.1/thumb/v6-m/nofp\libc.a(libc_a-malloc.o)
                              CMakeFiles/TalonFirmware.dir/C_/Users/David_Zaha/Desktop/2022_school_year/YWISE/pico-sdk/src/rp2_common/pico_malloc/pico_malloc.c.obj (malloc)
c:/progra~2/arm gnu toolchain arm-none-eabi/12.2 rel1/bin/../lib/gcc/arm-none-eabi/12.2.1/thumb/v6-m/nofp\libc.a(libc_a-mallocr.o)
                              c:/progra~2/arm gnu toolchain arm-none-eabi/12.2 rel1/bin/../lib/gcc/arm-none-eabi/12.2.1/thumb/v6-m/nofp\libc.a(libc_a-callocr.o) (_malloc_r)
c:/progra~2/arm gnu toolchain arm-none-eabi/12.2 rel1/bin/../lib/gcc/arm-none-eabi/12.2.1/thumb/v6-m/nofp\libc.a(libc_a-mlock.o)
                              c:/progra~2/arm gnu toolchain arm-none-eabi/12.2 rel1/bin/../lib/gcc/arm-none-eabi/12.2.1/thumb/v6-m/nofp\libc.a(libc_a-mallocr.o) (__malloc_lock)
c:/progra~2/arm gnu toolchain arm-none-eabi/12.2 rel1/bin/../lib/gcc/arm-none-eabi/12.2.1/thumb/v6-m/nofp\libc.a(libc_a-realloc.o)
                              CMakeFiles/TalonFirmware.dir/C_/Users/David_Zaha/Desktop/2022_school_year/YWISE/pico-sdk/src/rp2_common/pico_malloc/pico_malloc.c.obj (realloc)
c:/progra~2/arm gnu toolchain arm-none-eabi/12.2 rel1/bin/../lib/gcc/arm-none-eabi/12.2.1/thumb/v6-m/nofp\libc.a(libc_a-reallocr.o)
                              c:/progra~2/arm gnu toolchain arm-none-eabi/12.2 rel1/bin/../lib/gcc/arm-none-eabi/12.2.1/thumb/v6-m/nofp\libc.a(libc_a-realloc.o) (_realloc_r)
c:/progra~2/arm gnu toolchain arm-none-eabi/12.2 rel1/bin/../lib/gcc/arm-none-eabi/12.2.1/thumb/v6-m/nofp\libc.a(libc_a-memmove.o)
                              c:/progra~2/arm gnu toolchain arm-none-eabi/12.2 rel1/bin/../lib/gcc/arm-none-eabi/12.2.1/thumb/v6-m/nofp\libc.a(libc_a-reallocr.o) (memmove)
c:/progra~2/arm gnu toolchain arm-none-eabi/12.2 rel1/bin/../lib/gcc/arm-none-eabi/12.2.1/thumb/v6-m/nofp\libc.a(libc_a-impure.o)
                              c:/progra~2/arm gnu toolchain arm-none-eabi/12.2 rel1/bin/../lib/gcc/arm-none-eabi/12.2.1/thumb/v6-m/nofp\libc.a(libc_a-calloc.o) (_impure_ptr)
c:/progra~2/arm gnu toolchain arm-none-eabi/12.2 rel1/bin/../lib/gcc/arm-none-eabi/12.2.1/thumb/v6-m/nofp\libc.a(libc_a-sbrkr.o)
                              c:/progra~2/arm gnu toolchain arm-none-eabi/12.2 rel1/bin/../lib/gcc/arm-none-eabi/12.2.1/thumb/v6-m/nofp\libc.a(libc_a-mallocr.o) (_sbrk_r)
c:/progra~2/arm gnu toolchain arm-none-eabi/12.2 rel1/bin/../lib/gcc/arm-none-eabi/12.2.1/thumb/v6-m/nofp\libc.a(libc_a-errno.o)
                              c:/progra~2/arm gnu toolchain arm-none-eabi/12.2 rel1/bin/../lib/gcc/arm-none-eabi/12.2.1/thumb/v6-m/nofp\libc.a(libc_a-callocr.o) (__errno)
c:/progra~2/arm gnu toolchain arm-none-eabi/12.2 rel1/bin/../lib/gcc/arm-none-eabi/12.2.1/thumb/v6-m/nofp\libc.a(libc_a-init.o)
                              c:/progra~2/arm gnu toolchain arm-none-eabi/12.2 rel1/bin/../lib/gcc/arm-none-eabi/12.2.1/thumb/v6-m/nofp/crt0.o (__libc_init_array)
c:/progra~2/arm gnu toolchain arm-none-eabi/12.2 rel1/bin/../lib/gcc/arm-none-eabi/12.2.1/thumb/v6-m/nofp\libc.a(libc_a-lock.o)
                              c:/progra~2/arm gnu toolchain arm-none-eabi/12.2 rel1/bin/../lib/gcc/arm-none-eabi/12.2.1/thumb/v6-m/nofp\libc.a(libc_a-mlock.o) (__retarget_lock_acquire_recursive)
c:/progra~2/arm gnu toolchain arm-none-eabi/12.2 rel1/bin/../lib/gcc/arm-none-eabi/12.2.1/thumb/v6-m/nofp\libc.a(libc_a-sysconf.o)
                              c:/progra~2/arm gnu toolchain arm-none-eabi/12.2 rel1/bin/../lib/gcc/arm-none-eabi/12.2.1/thumb/v6-m/nofp\libc.a(libc_a-mallocr.o) (sysconf)
c:/progra~2/arm gnu toolchain arm-none-eabi/12.2 rel1/bin/../lib/gcc/arm-none-eabi/12.2.1/thumb/v6-m/nofp\libc.a(libc_a-strlen-stub.o)
                              CMakeFiles/TalonFirmware.dir/C_/Users/David_Zaha/Desktop/2022_school_year/YWISE/pico-sdk/src/rp2_common/pico_stdio/stdio.c.obj (strlen)
[...]
Memory Configuration

Name             Origin             Length             Attributes
FLASH            0x10000000         0x00200000         xr
RAM              0x20000000         0x00040000         xrw
SCRATCH_X        0x20040000         0x00001000         xrw
SCRATCH_Y        0x20041000         0x00001000         xrw
*default*        0x00000000         0xffffffff

Linker script and memory map

LOAD c:/progra~2/arm gnu toolchain arm-none-eabi/12.2 rel1/bin/../lib/gcc/arm-none-eabi/12.2.1/thumb/v6-m/nofp/crti.o
LOAD c:/progra~2/arm gnu toolchain arm-none-eabi/12.2 rel1/bin/../lib/gcc/arm-none-eabi/12.2.1/thumb/v6-m/nofp/crtbegin.o
LOAD c:/progra~2/arm gnu toolchain arm-none-eabi/12.2 rel1/bin/../lib/gcc/arm-none-eabi/12.2.1/thumb/v6-m/nofp/crt0.o

.flash_begin    0x10000000        0x0
                0x10000000                __flash_binary_start = .

.boot2          0x10000000      0x100
                0x10000000                __boot2_start__ = .
 *(.boot2)
 .boot2         0x10000000      0x100 C:\Users\DAVIDZ~1\AppData\Local\Temp\ccUJ0j2j.o
                0x10000100                __boot2_end__ = .
                0x00000001                ASSERT (((__boot2_end__ - __boot2_start__) == 0x100), ERROR: Pico second stage bootloader must be 256 bytes in size)

.text           0x10000100     0x7838
                0x10000100                __logical_binary_start = .
 *(.vectors)
 .vectors       0x10000100       0xd4 CMakeFiles/TalonFirmware.dir/C_/Users/David_Zaha/Desktop/2022_school_year/YWISE/pico-sdk/src/rp2_common/pico_standard_link/crt0.S.obj
                0x10000100                __VECTOR_TABLE
                0x10000100                __vectors
                0x100001c0                isr_invalid
                0x100001c0                __default_isrs_start
                0x100001c2                isr_nmi
                0x100001c4                isr_hardfault
                0x100001c6                isr_svcall
                0x100001c8                isr_pendsv
                0x100001ca                isr_systick
                0x100001cc                isr_irq23
                0x100001cc                isr_irq18
                0x100001cc                isr_irq11
                0x100001cc                isr_irq28
                0x100001cc                isr_irq19
                0x100001cc                isr_irq0
                0x100001cc                isr_irq6
                0x100001cc                isr_irq5
                0x100001cc                isr_irq12
                0x100001cc                isr_irq22
                0x100001cc                isr_irq31
                0x100001cc                isr_irq17
                0x100001cc                isr_irq27
                0x100001cc                isr_irq30
                0x100001cc                isr_irq2
                0x100001cc                isr_irq10
                0x100001cc                isr_irq8
                0x100001cc                isr_irq24
                0x100001cc                isr_irq1
                0x100001cc                isr_irq7
                0x100001cc                isr_irq21
                0x100001cc                isr_irq20
                0x100001cc                isr_irq15
                0x100001cc                isr_irq25
                0x100001cc                isr_irq13
                0x100001cc                __unhandled_user_irq
                0x100001cc                isr_irq4
                0x100001cc                isr_irq16
                0x100001cc                isr_irq29
                0x100001cc                isr_irq26
                0x100001cc                __default_isrs_end
                0x100001cc                isr_irq3
                0x100001cc                isr_irq14
                0x100001cc                isr_irq9
                0x100001d2                unhandled_user_irq_num_in_r0
 *(.binary_info_header)
 .binary_info_header
                0x100001d4       0x14 CMakeFiles/TalonFirmware.dir/C_/Users/David_Zaha/Desktop/2022_school_year/YWISE/pico-sdk/src/rp2_common/pico_standard_link/crt0.S.obj
                0x100001e8                __binary_info_header_end = .
 *(.reset)
 .reset         0x100001e8       0xa0 CMakeFiles/TalonFirmware.dir/C_/Users/David_Zaha/Desktop/2022_school_year/YWISE/pico-sdk/src/rp2_common/pico_standard_link/crt0.S.obj
                0x100001e8                _entry_point
 .reset         0x10000288       0x30 CMakeFiles/TalonFirmware.dir/C_/Users/David_Zaha/Desktop/2022_school_year/YWISE/pico-sdk/src/rp2_common/pico_standard_link/binary_info.c.obj
 *(.init)
 .init          0x100002b8        0x4 c:/progra~2/arm gnu toolchain arm-none-eabi/12.2 rel1/bin/../lib/gcc/arm-none-eabi/12.2.1/thumb/v6-m/nofp/crti.o
                0x100002b8                _init
 *(EXCLUDE_FILE(*libm.a: *libc.a:*lib_a-mem*.o *libgcc.a:) .text*)
 .text.register_tm_clones
                0x100002bc       0x28 c:/progra~2/arm gnu toolchain arm-none-eabi/12.2 rel1/bin/../lib/gcc/arm-none-eabi/12.2.1/thumb/v6-m/nofp/crtbegin.o
 .text.frame_dummy
                0x100002e4       0x24 c:/progra~2/arm gnu toolchain arm-none-eabi/12.2 rel1/bin/../lib/gcc/arm-none-eabi/12.2.1/thumb/v6-m/nofp/crtbegin.o
 .text.MAX17048_alert_handler
                0x10000308       0x38 CMakeFiles/TalonFirmware.dir/main.c.obj
                0x10000308                MAX17048_alert_handler
 .text.core1_main
                0x10000340       0x20 CMakeFiles/TalonFirmware.dir/main.c.obj
                0x10000340                core1_main
 .text.ADS1299_drdy_interrupt
                0x10000360       0x8c CMakeFiles/TalonFirmware.dir/main.c.obj
                0x10000360                ADS1299_drdy_interrupt
 .text.MAX17048_init
                0x100003ec       0x68 CMakeFiles/TalonFirmware.dir/main.c.obj
                0x100003ec                MAX17048_init
 .text.send_data
                0x10000454       0x8c CMakeFiles/TalonFirmware.dir/main.c.obj
                0x10000454                send_data
 .text.core1_interrupt_handler
                0x100004e0       0x30 CMakeFiles/TalonFirmware.dir/main.c.obj
                0x100004e0                core1_interrupt_handler
 .text.ADS1299_init
                0x10000510      0x1ec CMakeFiles/TalonFirmware.dir/main.c.obj
                0x10000510                ADS1299_init
 .text.ESP12F_init_uart
                0x100006fc       0x24 CMakeFiles/TalonFirmware.dir/main.c.obj
                0x100006fc                ESP12F_init_uart
 .text.ESP12F_init_spi
                0x10000720       0x58 CMakeFiles/TalonFirmware.dir/main.c.obj
                0x10000720                ESP12F_init_spi
 .text.startup.main
                0x10000778      0x10c CMakeFiles/TalonFirmware.dir/main.c.obj
                0x10000778                main
 .text.gpio_default_irq_handler
                0x10000884      0x204 CMakeFiles/TalonFirmware.dir/C_/Users/David_Zaha/Desktop/2022_school_year/YWISE/pico-sdk/src/rp2_common/hardware_gpio/gpio.c.obj
 .text.gpio_set_function
                0x10000a88       0x30 CMakeFiles/TalonFirmware.dir/C_/Users/David_Zaha/Desktop/2022_school_year/YWISE/pico-sdk/src/rp2_common/hardware_gpio/gpio.c.obj
                0x10000a88                gpio_set_function
 .text.gpio_set_pulls
                0x10000ab8       0x24 CMakeFiles/TalonFirmware.dir/C_/Users/David_Zaha/Desktop/2022_school_year/YWISE/pico-sdk/src/rp2_common/hardware_gpio/gpio.c.obj
                0x10000ab8                gpio_set_pulls
 .text.gpio_set_irq_enabled
                0x10000adc       0x54 CMakeFiles/TalonFirmware.dir/C_/Users/David_Zaha/Desktop/2022_school_year/YWISE/pico-sdk/src/rp2_common/hardware_gpio/gpio.c.obj
                0x10000adc                gpio_set_irq_enabled
 .text.gpio_set_irq_enabled_with_callback
                0x10000b30       0xc4 CMakeFiles/TalonFirmware.dir/C_/Users/David_Zaha/Desktop/2022_school_year/YWISE/pico-sdk/src/rp2_common/hardware_gpio/gpio.c.obj
                0x10000b30                gpio_set_irq_enabled_with_callback
 .text.gpio_init
                0x10000bf4       0x3c CMakeFiles/TalonFirmware.dir/C_/Users/David_Zaha/Desktop/2022_school_year/YWISE/pico-sdk/src/rp2_common/hardware_gpio/gpio.c.obj
                0x10000bf4                gpio_init
 .text.running_on_fpga
                0x10000c30       0x10 CMakeFiles/TalonFirmware.dir/C_/Users/David_Zaha/Desktop/2022_school_year/YWISE/pico-sdk/src/rp2_common/pico_platform/platform.c.obj
                0x10000c30                running_on_fpga
 .text.hw_claim_or_assert
                0x10000c40       0x44 CMakeFiles/TalonFirmware.dir/C_/Users/David_Zaha/Desktop/2022_school_year/YWISE/pico-sdk/src/rp2_common/hardware_claim/claim.c.obj
                0x10000c40                hw_claim_or_assert
 .text.hw_claim_unused_from_range
                0x10000c84       0x9c CMakeFiles/TalonFirmware.dir/C_/Users/David_Zaha/Desktop/2022_school_year/YWISE/pico-sdk/src/rp2_common/hardware_claim/claim.c.obj
                0x10000c84                hw_claim_unused_from_range
 .text.spin_locks_reset
                0x10000d20       0x1c CMakeFiles/TalonFirmware.dir/C_/Users/David_Zaha/Desktop/2022_school_year/YWISE/pico-sdk/src/rp2_common/hardware_sync/sync.c.obj
                0x10000d20                spin_locks_reset
 .text.next_striped_spin_lock_num
                0x10000d3c       0x18 CMakeFiles/TalonFirmware.dir/C_/Users/David_Zaha/Desktop/2022_school_year/YWISE/pico-sdk/src/rp2_common/hardware_sync/sync.c.obj
                0x10000d3c                next_striped_spin_lock_num
 .text.spin_lock_claim_unused
                0x10000d54       0x24 CMakeFiles/TalonFirmware.dir/C_/Users/David_Zaha/Desktop/2022_school_year/YWISE/pico-sdk/src/rp2_common/hardware_sync/sync.c.obj
                0x10000d54                spin_lock_claim_unused
 .text.irq_set_enabled
                0x10000d78       0x24 CMakeFiles/TalonFirmware.dir/C_/Users/David_Zaha/Desktop/2022_school_year/YWISE/pico-sdk/src/rp2_common/hardware_irq/irq.c.obj
                0x10000d78                irq_set_enabled
 .text.irq_is_enabled
                0x10000d9c       0x18 CMakeFiles/TalonFirmware.dir/C_/Users/David_Zaha/Desktop/2022_school_year/YWISE/pico-sdk/src/rp2_common/hardware_irq/irq.c.obj
                0x10000d9c                irq_is_enabled
 .text.irq_set_pending
                0x10000db4       0x10 CMakeFiles/TalonFirmware.dir/C_/Users/David_Zaha/Desktop/2022_school_year/YWISE/pico-sdk/src/rp2_common/hardware_irq/irq.c.obj
                0x10000db4                irq_set_pending
 .text.irq_has_shared_handler
                0x10000dc4       0x2c CMakeFiles/TalonFirmware.dir/C_/Users/David_Zaha/Desktop/2022_school_year/YWISE/pico-sdk/src/rp2_common/hardware_irq/irq.c.obj
                0x10000dc4                irq_has_shared_handler
 .text.irq_get_vtable_handler
                0x10000df0       0x10 CMakeFiles/TalonFirmware.dir/C_/Users/David_Zaha/Desktop/2022_school_year/YWISE/pico-sdk/src/rp2_common/hardware_irq/irq.c.obj
                0x10000df0                irq_get_vtable_handler
 .text.irq_set_exclusive_handler
                0x10000e00       0x54 CMakeFiles/TalonFirmware.dir/C_/Users/David_Zaha/Desktop/2022_school_year/YWISE/pico-sdk/src/rp2_common/hardware_irq/irq.c.obj
                0x10000e00                irq_set_exclusive_handler
 .text.irq_add_shared_handler
                0x10000e54      0x1f4 CMakeFiles/TalonFirmware.dir/C_/Users/David_Zaha/Desktop/2022_school_year/YWISE/pico-sdk/src/rp2_common/hardware_irq/irq.c.obj
                0x10000e54                irq_add_shared_handler
 .text.irq_remove_handler
                0x10001048      0x1c4 CMakeFiles/TalonFirmware.dir/C_/Users/David_Zaha/Desktop/2022_school_year/YWISE/pico-sdk/src/rp2_common/hardware_irq/irq.c.obj
                0x10001048                irq_remove_handler
 .text.irq_add_tail_to_free_list
                0x1000120c       0xb4 CMakeFiles/TalonFirmware.dir/C_/Users/David_Zaha/Desktop/2022_school_year/YWISE/pico-sdk/src/rp2_common/hardware_irq/irq.c.obj
                0x1000120c                irq_add_tail_to_free_list
 .text.irq_init_priorities
                0x100012c0       0x24 CMakeFiles/TalonFirmware.dir/C_/Users/David_Zaha/Desktop/2022_school_year/YWISE/pico-sdk/src/rp2_common/hardware_irq/irq.c.obj
                0x100012c0                irq_init_priorities
 .text.user_irq_claim_unused
                0x100012e4       0x2c CMakeFiles/TalonFirmware.dir/C_/Users/David_Zaha/Desktop/2022_school_year/YWISE/pico-sdk/src/rp2_common/hardware_irq/irq.c.obj
                0x100012e4                user_irq_claim_unused
 .text.lock_init
                0x10001310       0x10 CMakeFiles/TalonFirmware.dir/C_/Users/David_Zaha/Desktop/2022_school_year/YWISE/pico-sdk/src/common/pico_sync/lock_core.c.obj
                0x10001310                lock_init
 .text.mutex_init
                0x10001320       0x1c CMakeFiles/TalonFirmware.dir/C_/Users/David_Zaha/Desktop/2022_school_year/YWISE/pico-sdk/src/common/pico_sync/mutex.c.obj
                0x10001320                mutex_init
 .text.recursive_mutex_init
                0x1000133c       0x1c CMakeFiles/TalonFirmware.dir/C_/Users/David_Zaha/Desktop/2022_school_year/YWISE/pico-sdk/src/common/pico_sync/mutex.c.obj
                0x1000133c                recursive_mutex_init
 .text.critical_section_init
                0x10001358       0x1c CMakeFiles/TalonFirmware.dir/C_/Users/David_Zaha/Desktop/2022_school_year/YWISE/pico-sdk/src/common/pico_sync/critical_section.c.obj
                0x10001358                critical_section_init
 .text.critical_section_init_with_lock_num
                0x10001374       0x14 CMakeFiles/TalonFirmware.dir/C_/Users/David_Zaha/Desktop/2022_school_year/YWISE/pico-sdk/src/common/pico_sync/critical_section.c.obj
                0x10001374                critical_section_init_with_lock_num
 .text.timer_pool_entry_comparator
                0x10001388       0x34 CMakeFiles/TalonFirmware.dir/C_/Users/David_Zaha/Desktop/2022_school_year/YWISE/pico-sdk/src/common/pico_time/time.c.obj
                0x10001388                timer_pool_entry_comparator
 .text.sleep_until_callback
                0x100013bc       0x30 CMakeFiles/TalonFirmware.dir/C_/Users/David_Zaha/Desktop/2022_school_year/YWISE/pico-sdk/src/common/pico_time/time.c.obj
 .text.add_alarm_under_lock.isra.0
                0x100013ec      0x100 CMakeFiles/TalonFirmware.dir/C_/Users/David_Zaha/Desktop/2022_school_year/YWISE/pico-sdk/src/common/pico_time/time.c.obj
 .text.alarm_pool_alarm_callback
                0x100014ec      0x1bc CMakeFiles/TalonFirmware.dir/C_/Users/David_Zaha/Desktop/2022_school_year/YWISE/pico-sdk/src/common/pico_time/time.c.obj
 .text.alarm_pool_init_default
                0x100016a8       0x6c CMakeFiles/TalonFirmware.dir/C_/Users/David_Zaha/Desktop/2022_school_year/YWISE/pico-sdk/src/common/pico_time/time.c.obj
                0x100016a8                alarm_pool_init_default
 .text.alarm_pool_get_default
                0x10001714        0x8 CMakeFiles/TalonFirmware.dir/C_/Users/David_Zaha/Desktop/2022_school_year/YWISE/pico-sdk/src/common/pico_time/time.c.obj
                0x10001714                alarm_pool_get_default
 .text.alarm_pool_add_alarm_at
                0x1000171c      0x188 CMakeFiles/TalonFirmware.dir/C_/Users/David_Zaha/Desktop/2022_school_year/YWISE/pico-sdk/src/common/pico_time/time.c.obj
                0x1000171c                alarm_pool_add_alarm_at
 .text.alarm_pool_cancel_alarm
                0x100018a4       0x6c CMakeFiles/TalonFirmware.dir/C_/Users/David_Zaha/Desktop/2022_school_year/YWISE/pico-sdk/src/common/pico_time/time.c.obj
                0x100018a4                alarm_pool_cancel_alarm
 .text.alarm_pool_core_num
                0x10001910        0x4 CMakeFiles/TalonFirmware.dir/C_/Users/David_Zaha/Desktop/2022_school_year/YWISE/pico-sdk/src/common/pico_time/time.c.obj
                0x10001910                alarm_pool_core_num
 .text.sleep_until
                0x10001914       0xc4 CMakeFiles/TalonFirmware.dir/C_/Users/David_Zaha/Desktop/2022_school_year/YWISE/pico-sdk/src/common/pico_time/time.c.obj
                0x10001914                sleep_until
 .text.sleep_us
                0x100019d8       0x28 CMakeFiles/TalonFirmware.dir/C_/Users/David_Zaha/Desktop/2022_school_year/YWISE/pico-sdk/src/common/pico_time/time.c.obj
                0x100019d8                sleep_us
 .text.sleep_ms
                0x10001a00       0x38 CMakeFiles/TalonFirmware.dir/C_/Users/David_Zaha/Desktop/2022_school_year/YWISE/pico-sdk/src/common/pico_time/time.c.obj
                0x10001a00                sleep_ms
 .text.best_effort_wfe_or_timeout
                0x10001a38       0x78 CMakeFiles/TalonFirmware.dir/C_/Users/David_Zaha/Desktop/2022_school_year/YWISE/pico-sdk/src/common/pico_time/time.c.obj
                0x10001a38                best_effort_wfe_or_timeout
 .text.hardware_alarm_irq_handler
                0x10001ab0       0xbc CMakeFiles/TalonFirmware.dir/C_/Users/David_Zaha/Desktop/2022_school_year/YWISE/pico-sdk/src/rp2_common/hardware_timer/timer.c.obj
 .text.hardware_alarm_claim
                0x10001b6c       0x18 CMakeFiles/TalonFirmware.dir/C_/Users/David_Zaha/Desktop/2022_school_year/YWISE/pico-sdk/src/rp2_common/hardware_timer/timer.c.obj
                0x10001b6c                hardware_alarm_claim
 .text.time_us_64
                0x10001b84       0x14 CMakeFiles/TalonFirmware.dir/C_/Users/David_Zaha/Desktop/2022_school_year/YWISE/pico-sdk/src/rp2_common/hardware_timer/timer.c.obj
                0x10001b84                time_us_64
 .text.busy_wait_until
                0x10001b98       0x20 CMakeFiles/TalonFirmware.dir/C_/Users/David_Zaha/Desktop/2022_school_year/YWISE/pico-sdk/src/rp2_common/hardware_timer/timer.c.obj
                0x10001b98                busy_wait_until
 .text.hardware_alarm_set_callback
                0x10001bb8       0x8c CMakeFiles/TalonFirmware.dir/C_/Users/David_Zaha/Desktop/2022_school_year/YWISE/pico-sdk/src/rp2_common/hardware_timer/timer.c.obj
                0x10001bb8                hardware_alarm_set_callback
 .text.hardware_alarm_set_target
                0x10001c44       0xdc CMakeFiles/TalonFirmware.dir/C_/Users/David_Zaha/Desktop/2022_school_year/YWISE/pico-sdk/src/rp2_common/hardware_timer/timer.c.obj
                0x10001c44                hardware_alarm_set_target
 .text.hardware_alarm_cancel
                0x10001d20       0x3c CMakeFiles/TalonFirmware.dir/C_/Users/David_Zaha/Desktop/2022_school_year/YWISE/pico-sdk/src/rp2_common/hardware_timer/timer.c.obj
                0x10001d20                hardware_alarm_cancel
 .text.ph_merge_nodes
                0x10001d5c       0x64 CMakeFiles/TalonFirmware.dir/C_/Users/David_Zaha/Desktop/2022_school_year/YWISE/pico-sdk/src/common/pico_util/pheap.c.obj
 .text.ph_post_alloc_init
                0x10001dc0       0x3c CMakeFiles/TalonFirmware.dir/C_/Users/David_Zaha/Desktop/2022_school_year/YWISE/pico-sdk/src/common/pico_util/pheap.c.obj
                0x10001dc0                ph_post_alloc_init
 .text.ph_merge_two_pass
                0x10001dfc       0x98 CMakeFiles/TalonFirmware.dir/C_/Users/David_Zaha/Desktop/2022_school_year/YWISE/pico-sdk/src/common/pico_util/pheap.c.obj
                0x10001dfc                ph_merge_two_pass
 .text.ph_remove_any_head
                0x10001e94      0x100 CMakeFiles/TalonFirmware.dir/C_/Users/David_Zaha/Desktop/2022_school_year/YWISE/pico-sdk/src/common/pico_util/pheap.c.obj
 .text.ph_remove_head
                0x10001f94      0x104 CMakeFiles/TalonFirmware.dir/C_/Users/David_Zaha/Desktop/2022_school_year/YWISE/pico-sdk/src/common/pico_util/pheap.c.obj
                0x10001f94                ph_remove_head
 .text.ph_remove_and_free_node
                0x10002098       0x78 CMakeFiles/TalonFirmware.dir/C_/Users/David_Zaha/Desktop/2022_school_year/YWISE/pico-sdk/src/common/pico_util/pheap.c.obj
                0x10002098                ph_remove_and_free_node
 .text.uart_init
                0x10002110       0xe0 CMakeFiles/TalonFirmware.dir/C_/Users/David_Zaha/Desktop/2022_school_year/YWISE/pico-sdk/src/rp2_common/hardware_uart/uart.c.obj
                0x10002110                uart_init
 .text.clocks_init
                0x100021f0      0x2b4 CMakeFiles/TalonFirmware.dir/C_/Users/David_Zaha/Desktop/2022_school_year/YWISE/pico-sdk/src/rp2_common/hardware_clocks/clocks.c.obj
                0x100021f0                clocks_init
 .text.clock_get_hz
                0x100024a4        0xc CMakeFiles/TalonFirmware.dir/C_/Users/David_Zaha/Desktop/2022_school_year/YWISE/pico-sdk/src/rp2_common/hardware_clocks/clocks.c.obj
                0x100024a4                clock_get_hz
 .text.pll_init
                0x100024b0       0xa8 CMakeFiles/TalonFirmware.dir/C_/Users/David_Zaha/Desktop/2022_school_year/YWISE/pico-sdk/src/rp2_common/hardware_pll/pll.c.obj
                0x100024b0                pll_init
 .text.watchdog_start_tick
                0x10002558       0x10 CMakeFiles/TalonFirmware.dir/C_/Users/David_Zaha/Desktop/2022_school_year/YWISE/pico-sdk/src/rp2_common/hardware_watchdog/watchdog.c.obj
                0x10002558                watchdog_start_tick
 .text.watchdog_reboot
                0x10002568       0x9c CMakeFiles/TalonFirmware.dir/C_/Users/David_Zaha/Desktop/2022_school_year/YWISE/pico-sdk/src/rp2_common/hardware_watchdog/watchdog.c.obj
                0x10002568                watchdog_reboot
 .text.xosc_init
                0x10002604       0x28 CMakeFiles/TalonFirmware.dir/C_/Users/David_Zaha/Desktop/2022_school_year/YWISE/pico-sdk/src/rp2_common/hardware_xosc/xosc.c.obj
                0x10002604                xosc_init
 .text.runtime_init
                0x1000262c       0xf0 CMakeFiles/TalonFirmware.dir/C_/Users/David_Zaha/Desktop/2022_school_year/YWISE/pico-sdk/src/rp2_common/pico_runtime/runtime.c.obj
                0x1000262c                runtime_init
 .text._exit    0x1000271c        0x4 CMakeFiles/TalonFirmware.dir/C_/Users/David_Zaha/Desktop/2022_school_year/YWISE/pico-sdk/src/rp2_common/pico_runtime/runtime.c.obj
                0x1000271c                _exit
 .text.exit     0x10002720        0x8 CMakeFiles/TalonFirmware.dir/C_/Users/David_Zaha/Desktop/2022_school_year/YWISE/pico-sdk/src/rp2_common/pico_runtime/runtime.c.obj
                0x10002720                exit
 .text.panic    0x10002728       0x30 CMakeFiles/TalonFirmware.dir/C_/Users/David_Zaha/Desktop/2022_school_year/YWISE/pico-sdk/src/rp2_common/pico_runtime/runtime.c.obj
                0x10002728                panic
 .text.hard_assertion_failure
                0x10002758        0xc CMakeFiles/TalonFirmware.dir/C_/Users/David_Zaha/Desktop/2022_school_year/YWISE/pico-sdk/src/rp2_common/pico_runtime/runtime.c.obj
                0x10002758                hard_assertion_failure
 .text._out_null
                0x10002764        0x4 CMakeFiles/TalonFirmware.dir/C_/Users/David_Zaha/Desktop/2022_school_year/YWISE/pico-sdk/src/rp2_common/pico_printf/printf.c.obj
 .text._out_rev
                0x10002768       0x90 CMakeFiles/TalonFirmware.dir/C_/Users/David_Zaha/Desktop/2022_school_year/YWISE/pico-sdk/src/rp2_common/pico_printf/printf.c.obj
 .text._ntoa_format
                0x100027f8      0x1f4 CMakeFiles/TalonFirmware.dir/C_/Users/David_Zaha/Desktop/2022_school_year/YWISE/pico-sdk/src/rp2_common/pico_printf/printf.c.obj
 .text._out_char
                0x100029ec       0x10 CMakeFiles/TalonFirmware.dir/C_/Users/David_Zaha/Desktop/2022_school_year/YWISE/pico-sdk/src/rp2_common/pico_printf/printf.c.obj
 .text._out_fct
                0x100029fc       0x10 CMakeFiles/TalonFirmware.dir/C_/Users/David_Zaha/Desktop/2022_school_year/YWISE/pico-sdk/src/rp2_common/pico_printf/printf.c.obj
 .text._etoa    0x10002a0c      0x454 CMakeFiles/TalonFirmware.dir/C_/Users/David_Zaha/Desktop/2022_school_year/YWISE/pico-sdk/src/rp2_common/pico_printf/printf.c.obj
 .text._ftoa    0x10002e60      0x3c4 CMakeFiles/TalonFirmware.dir/C_/Users/David_Zaha/Desktop/2022_school_year/YWISE/pico-sdk/src/rp2_common/pico_printf/printf.c.obj
 .text._vsnprintf
                0x10003224      0xb24 CMakeFiles/TalonFirmware.dir/C_/Users/David_Zaha/Desktop/2022_school_year/YWISE/pico-sdk/src/rp2_common/pico_printf/printf.c.obj
 .text.vfctprintf
                0x10003d48       0x20 CMakeFiles/TalonFirmware.dir/C_/Users/David_Zaha/Desktop/2022_school_year/YWISE/pico-sdk/src/rp2_common/pico_printf/printf.c.obj
                0x10003d48                vfctprintf
 .text.weak_raw_vprintf
                0x10003d68       0x30 CMakeFiles/TalonFirmware.dir/C_/Users/David_Zaha/Desktop/2022_school_year/YWISE/pico-sdk/src/rp2_common/pico_printf/printf.c.obj
                0x10003d68                weak_raw_vprintf
 .text          0x10003d98       0x10 CMakeFiles/TalonFirmware.dir/C_/Users/David_Zaha/Desktop/2022_school_year/YWISE/pico-sdk/src/rp2_common/pico_bit_ops/bit_ops_aeabi.S.obj
 .text.rom_func_lookup
                0x10003da8       0x10 CMakeFiles/TalonFirmware.dir/C_/Users/David_Zaha/Desktop/2022_school_year/YWISE/pico-sdk/src/rp2_common/pico_bootrom/bootrom.c.obj
                0x10003da8                rom_func_lookup
 .text.rom_data_lookup
                0x10003db8       0x10 CMakeFiles/TalonFirmware.dir/C_/Users/David_Zaha/Desktop/2022_school_year/YWISE/pico-sdk/src/rp2_common/pico_bootrom/bootrom.c.obj
                0x10003db8                rom_data_lookup
 .text.rom_funcs_lookup
                0x10003dc8       0x44 CMakeFiles/TalonFirmware.dir/C_/Users/David_Zaha/Desktop/2022_school_year/YWISE/pico-sdk/src/rp2_common/pico_bootrom/bootrom.c.obj
                0x10003dc8                rom_funcs_lookup
 .text.__wrap___aeabi_idiv
                0x10003e0c       0x50 CMakeFiles/TalonFirmware.dir/C_/Users/David_Zaha/Desktop/2022_school_year/YWISE/pico-sdk/src/rp2_common/pico_divider/divider.S.obj
                0x10003e0c                __wrap___aeabi_idivmod
                0x10003e0c                divmod_s32s32
                0x10003e0c                div_s32s32
                0x10003e0c                __wrap___aeabi_idiv
                0x10003e14                divmod_s32s32_unsafe
                0x10003e40                divmod_s32s32_savestate
 .text.__wrap___aeabi_uidiv
                0x10003e5c       0x4c CMakeFiles/TalonFirmware.dir/C_/Users/David_Zaha/Desktop/2022_school_year/YWISE/pico-sdk/src/rp2_common/pico_divider/divider.S.obj
                0x10003e5c                __wrap___aeabi_uidiv
                0x10003e5c                __wrap___aeabi_uidivmod
                0x10003e5c                div_u32u32
                0x10003e5c                divmod_u32u32
                0x10003e64                divmod_u32u32_unsafe
                0x10003e8c                divmod_u32u32_savestate
 .text.__wrap___aeabi_ldiv
                0x10003ea8      0x424 CMakeFiles/TalonFirmware.dir/C_/Users/David_Zaha/Desktop/2022_school_year/YWISE/pico-sdk/src/rp2_common/pico_divider/divider.S.obj
                0x10003ea8                div_s64s64
                0x10003ea8                divmod_s64s64
                0x10003ea8                __wrap___aeabi_ldivmod
                0x10003ed8                divmod_u64u64
                0x10003ed8                div_u64u64
                0x10003ed8                __wrap___aeabi_uldivmod
                0x10003ee8                divmod_u64u64_savestate
                0x10003f08                divmod_s64s64_unsafe
                0x10003f90                divmod_u64u64_unsafe
 .text.__wrap___aeabi_darithmetic
                0x100042cc       0x80 CMakeFiles/TalonFirmware.dir/C_/Users/David_Zaha/Desktop/2022_school_year/YWISE/pico-sdk/src/rp2_common/pico_double/double_aeabi.S.obj
                0x100042cc                __wrap___aeabi_drsub
                0x100042d2                __wrap___aeabi_dsub
                0x100042e4                __wrap___aeabi_dadd
                0x100042f6                __wrap___aeabi_ddiv
                0x10004332                __wrap___aeabi_dmul
 .text.__wrap___aeabi_cdcmple
                0x1000434c       0x6c CMakeFiles/TalonFirmware.dir/C_/Users/David_Zaha/Desktop/2022_school_year/YWISE/pico-sdk/src/rp2_common/pico_double/double_aeabi.S.obj
                0x1000434c                __wrap___aeabi_cdrcmple
                0x1000435c                __wrap___aeabi_cdcmpeq
                0x1000435c                __wrap___aeabi_cdcmple
 .text.__wrap___aeabi_dcmplt
                0x100043b8        0xc CMakeFiles/TalonFirmware.dir/C_/Users/David_Zaha/Desktop/2022_school_year/YWISE/pico-sdk/src/rp2_common/pico_double/double_aeabi.S.obj
                0x100043b8                __wrap___aeabi_dcmplt
 .text.__wrap___aeabi_dcmpge
                0x100043c4       0x10 CMakeFiles/TalonFirmware.dir/C_/Users/David_Zaha/Desktop/2022_school_year/YWISE/pico-sdk/src/rp2_common/pico_double/double_aeabi.S.obj
                0x100043c4                __wrap___aeabi_dcmpge
 .text.__wrap___aeabi_dcmpgt
                0x100043d4        0xa CMakeFiles/TalonFirmware.dir/C_/Users/David_Zaha/Desktop/2022_school_year/YWISE/pico-sdk/src/rp2_common/pico_double/double_aeabi.S.obj
                0x100043d4                __wrap___aeabi_dcmpgt
 .text.__wrap___aeabi_dcmpun
                0x100043de       0x1c CMakeFiles/TalonFirmware.dir/C_/Users/David_Zaha/Desktop/2022_school_year/YWISE/pico-sdk/src/rp2_common/pico_double/double_aeabi.S.obj
                0x100043de                __wrap___aeabi_dcmpun
 *fill*         0x100043fa        0x2 
 .text.__wrap___aeabi_i2d
                0x100043fc       0x38 CMakeFiles/TalonFirmware.dir/C_/Users/David_Zaha/Desktop/2022_school_year/YWISE/pico-sdk/src/rp2_common/pico_double/double_aeabi.S.obj
                0x100043fc                __wrap___aeabi_ui2d
                0x10004404                __wrap___aeabi_i2d
 .text.__wrap___aeabi_d2iz
                0x10004434       0x48 CMakeFiles/TalonFirmware.dir/C_/Users/David_Zaha/Desktop/2022_school_year/YWISE/pico-sdk/src/rp2_common/pico_double/double_aeabi.S.obj
                0x10004434                double2int_z
                0x10004434                __wrap___aeabi_d2iz
 .text.__wrap___aeabi_d2uiz
                0x1000447c       0x18 CMakeFiles/TalonFirmware.dir/C_/Users/David_Zaha/Desktop/2022_school_year/YWISE/pico-sdk/src/rp2_common/pico_double/double_aeabi.S.obj
                0x1000447c                __wrap___aeabi_d2uiz
                0x1000447c                double2uint
 .text.__wrap___aeabi_d2f
                0x10004494       0x18 CMakeFiles/TalonFirmware.dir/C_/Users/David_Zaha/Desktop/2022_school_year/YWISE/pico-sdk/src/rp2_common/pico_double/double_aeabi.S.obj
                0x10004494                __wrap___aeabi_d2f
 .text.__aeabi_double_init
                0x100044ac       0x98 CMakeFiles/TalonFirmware.dir/C_/Users/David_Zaha/Desktop/2022_school_year/YWISE/pico-sdk/src/rp2_common/pico_double/double_init_rom.c.obj
                0x100044ac                __aeabi_double_init
 .text.double_table_shim_on_use_helper
                0x10004544       0x2c CMakeFiles/TalonFirmware.dir/C_/Users/David_Zaha/Desktop/2022_school_year/YWISE/pico-sdk/src/rp2_common/pico_double/double_v1_rom_shim.S.obj
                0x10004544                double_table_shim_on_use_helper
 .text.__wrap___aeabi_dsub
                0x10004570       0x10 CMakeFiles/TalonFirmware.dir/C_/Users/David_Zaha/Desktop/2022_school_year/YWISE/pico-sdk/src/rp2_common/pico_double/double_v1_rom_shim.S.obj
                0x10004570                drsub_shim
                0x10004576                dsub_shim
 .text.dadd_shim
                0x10004580      0x15c CMakeFiles/TalonFirmware.dir/C_/Users/David_Zaha/Desktop/2022_school_year/YWISE/pico-sdk/src/rp2_common/pico_double/double_v1_rom_shim.S.obj
                0x10004580                dadd_shim
 .text.dmul_shim
                0x100046dc      0x15c CMakeFiles/TalonFirmware.dir/C_/Users/David_Zaha/Desktop/2022_school_year/YWISE/pico-sdk/src/rp2_common/pico_double/double_v1_rom_shim.S.obj
                0x100046dc                dmul_shim
 .text.ddiv_shim
                0x10004838      0x1b0 CMakeFiles/TalonFirmware.dir/C_/Users/David_Zaha/Desktop/2022_school_year/YWISE/pico-sdk/src/rp2_common/pico_double/double_v1_rom_shim.S.obj
                0x10004838                ddiv_shim
 .text.double2uint_shim
                0x100049e8        0xe CMakeFiles/TalonFirmware.dir/C_/Users/David_Zaha/Desktop/2022_school_year/YWISE/pico-sdk/src/rp2_common/pico_double/double_v1_rom_shim.S.obj
                0x100049e8                double2uint_shim
                0x100049ea                double2ufix_shim
 *fill*         0x100049f6        0x2 
 .text.double2uint64_shim
                0x100049f8       0x70 CMakeFiles/TalonFirmware.dir/C_/Users/David_Zaha/Desktop/2022_school_year/YWISE/pico-sdk/src/rp2_common/pico_double/double_v1_rom_shim.S.obj
                0x100049f8                double2uint64_shim
                0x100049fa                double2ufix64_shim
                0x10004a1a                d2fix_a
 .text.double2float_shim
                0x10004a68       0x5c CMakeFiles/TalonFirmware.dir/C_/Users/David_Zaha/Desktop/2022_school_year/YWISE/pico-sdk/src/rp2_common/pico_double/double_v1_rom_shim.S.obj
                0x10004a68                double2float_shim
 .text.dunpacks
                0x10004ac4       0x3c CMakeFiles/TalonFirmware.dir/C_/Users/David_Zaha/Desktop/2022_school_year/YWISE/pico-sdk/src/rp2_common/pico_double/double_v1_rom_shim.S.obj
                0x10004ac4                dunpacks
 .text.__aeabi_lmul
                0x10004b00       0x32 CMakeFiles/TalonFirmware.dir/C_/Users/David_Zaha/Desktop/2022_school_year/YWISE/pico-sdk/src/rp2_common/pico_int64_ops/pico_int64_ops_aeabi.S.obj
                0x10004b00                __wrap___aeabi_lmul
 *fill*         0x10004b32        0x2 
 .text.__wrap___aeabi_farithmetic
                0x10004b34       0x48 CMakeFiles/TalonFirmware.dir/C_/Users/David_Zaha/Desktop/2022_school_year/YWISE/pico-sdk/src/rp2_common/pico_float/float_aeabi.S.obj
                0x10004b34                __wrap___aeabi_frsub
                0x10004b3a                __wrap___aeabi_fsub
                0x10004b40                __wrap___aeabi_fadd
                0x10004b46                __wrap___aeabi_fdiv
                0x10004b6e                __wrap___aeabi_fmul
 .text.__wrap___aeabi_ui2f
                0x10004b7c        0xa CMakeFiles/TalonFirmware.dir/C_/Users/David_Zaha/Desktop/2022_school_year/YWISE/pico-sdk/src/rp2_common/pico_float/float_aeabi.S.obj
                0x10004b7c                __wrap___aeabi_ui2f
 *fill*         0x10004b86        0x2 
 .text.__wrap___aeabi_i2f
                0x10004b88       0x44 CMakeFiles/TalonFirmware.dir/C_/Users/David_Zaha/Desktop/2022_school_year/YWISE/pico-sdk/src/rp2_common/pico_float/float_aeabi.S.obj
                0x10004b88                __wrap___aeabi_i2f
 .text.__wrap___aeabi_f2uiz
                0x10004bcc        0xc CMakeFiles/TalonFirmware.dir/C_/Users/David_Zaha/Desktop/2022_school_year/YWISE/pico-sdk/src/rp2_common/pico_float/float_aeabi.S.obj
                0x10004bcc                __wrap___aeabi_f2uiz
 .text.__wrap___aeabi_f2d
                0x10004bd8       0x14 CMakeFiles/TalonFirmware.dir/C_/Users/David_Zaha/Desktop/2022_school_year/YWISE/pico-sdk/src/rp2_common/pico_float/float_aeabi.S.obj
                0x10004bd8                __wrap___aeabi_f2d
 .text.__aeabi_float_init
                0x10004bec       0x64 CMakeFiles/TalonFirmware.dir/C_/Users/David_Zaha/Desktop/2022_school_year/YWISE/pico-sdk/src/rp2_common/pico_float/float_init_rom.c.obj
                0x10004bec                __aeabi_float_init
 .text.float_table_shim_on_use_helper
                0x10004c50       0x2c CMakeFiles/TalonFirmware.dir/C_/Users/David_Zaha/Desktop/2022_school_year/YWISE/pico-sdk/src/rp2_common/pico_float/float_v1_rom_shim.S.obj
                0x10004c50                float_table_shim_on_use_helper
 .text.float2double_shim
                0x10004c7c       0x30 CMakeFiles/TalonFirmware.dir/C_/Users/David_Zaha/Desktop/2022_school_year/YWISE/pico-sdk/src/rp2_common/pico_float/float_v1_rom_shim.S.obj
                0x10004c7c                float2double_shim
 .text          0x10004cac       0x10 CMakeFiles/TalonFirmware.dir/C_/Users/David_Zaha/Desktop/2022_school_year/YWISE/pico-sdk/src/rp2_common/pico_mem_ops/mem_ops_aeabi.S.obj
                0x10004cac                __aeabi_mem_init
 .text.memset   0x10004cbc        0xc CMakeFiles/TalonFirmware.dir/C_/Users/David_Zaha/Desktop/2022_school_year/YWISE/pico-sdk/src/rp2_common/pico_mem_ops/mem_ops_aeabi.S.obj
                0x10004cbc                __wrap_memset
 .text.memcpy   0x10004cc8        0xc CMakeFiles/TalonFirmware.dir/C_/Users/David_Zaha/Desktop/2022_school_year/YWISE/pico-sdk/src/rp2_common/pico_mem_ops/mem_ops_aeabi.S.obj
                0x10004cc8                __wrap_memcpy
                0x10004cc8                __wrap___aeabi_memcpy
 .text.stdio_out_chars_crlf
                0x10004cd4       0xbc CMakeFiles/TalonFirmware.dir/C_/Users/David_Zaha/Desktop/2022_school_year/YWISE/pico-sdk/src/rp2_common/pico_stdio/stdio.c.obj
 .text.stdio_buffered_printer
                0x10004d90       0x64 CMakeFiles/TalonFirmware.dir/C_/Users/David_Zaha/Desktop/2022_school_year/YWISE/pico-sdk/src/rp2_common/pico_stdio/stdio.c.obj
 .text.__wrap_putchar
                0x10004df4       0x98 CMakeFiles/TalonFirmware.dir/C_/Users/David_Zaha/Desktop/2022_school_year/YWISE/pico-sdk/src/rp2_common/pico_stdio/stdio.c.obj
                0x10004df4                __wrap_putchar
 .text.__wrap_puts
                0x10004e8c       0xe0 CMakeFiles/TalonFirmware.dir/C_/Users/David_Zaha/Desktop/2022_school_year/YWISE/pico-sdk/src/rp2_common/pico_stdio/stdio.c.obj
                0x10004e8c                __wrap_puts
 .text.stdio_set_driver_enabled
                0x10004f6c       0x30 CMakeFiles/TalonFirmware.dir/C_/Users/David_Zaha/Desktop/2022_school_year/YWISE/pico-sdk/src/rp2_common/pico_stdio/stdio.c.obj
                0x10004f6c                stdio_set_driver_enabled
 .text.__wrap_vprintf
                0x10004f9c       0xd4 CMakeFiles/TalonFirmware.dir/C_/Users/David_Zaha/Desktop/2022_school_year/YWISE/pico-sdk/src/rp2_common/pico_stdio/stdio.c.obj
                0x10004f9c                __wrap_vprintf
 .text.__wrap_printf
                0x10005070       0x18 CMakeFiles/TalonFirmware.dir/C_/Users/David_Zaha/Desktop/2022_school_year/YWISE/pico-sdk/src/rp2_common/pico_stdio/stdio.c.obj
                0x10005070                __wrap_printf
 .text.stdio_init_all
                0x10005088        0x8 CMakeFiles/TalonFirmware.dir/C_/Users/David_Zaha/Desktop/2022_school_year/YWISE/pico-sdk/src/rp2_common/pico_stdio/stdio.c.obj
                0x10005088                stdio_init_all
 .text.resetd_init
                0x10005090        0x4 CMakeFiles/TalonFirmware.dir/C_/Users/David_Zaha/Desktop/2022_school_year/YWISE/pico-sdk/src/rp2_common/pico_stdio_usb/reset_interface.c.obj
 .text.resetd_reset
                0x10005094        0xc CMakeFiles/TalonFirmware.dir/C_/Users/David_Zaha/Desktop/2022_school_year/YWISE/pico-sdk/src/rp2_common/pico_stdio_usb/reset_interface.c.obj
 .text.resetd_open
                0x100050a0       0x28 CMakeFiles/TalonFirmware.dir/C_/Users/David_Zaha/Desktop/2022_school_year/YWISE/pico-sdk/src/rp2_common/pico_stdio_usb/reset_interface.c.obj
 .text.resetd_xfer_cb
                0x100050c8        0x4 CMakeFiles/TalonFirmware.dir/C_/Users/David_Zaha/Desktop/2022_school_year/YWISE/pico-sdk/src/rp2_common/pico_stdio_usb/reset_interface.c.obj
 .text.resetd_control_xfer_cb
                0x100050cc       0x60 CMakeFiles/TalonFirmware.dir/C_/Users/David_Zaha/Desktop/2022_school_year/YWISE/pico-sdk/src/rp2_common/pico_stdio_usb/reset_interface.c.obj
 .text.usbd_app_driver_get_cb
                0x1000512c        0xc CMakeFiles/TalonFirmware.dir/C_/Users/David_Zaha/Desktop/2022_school_year/YWISE/pico-sdk/src/rp2_common/pico_stdio_usb/reset_interface.c.obj
                0x1000512c                usbd_app_driver_get_cb
 .text.tud_cdc_line_coding_cb
                0x10005138       0x34 CMakeFiles/TalonFirmware.dir/C_/Users/David_Zaha/Desktop/2022_school_year/YWISE/pico-sdk/src/rp2_common/pico_stdio_usb/reset_interface.c.obj
                0x10005138                tud_cdc_line_coding_cb
 .text.stdio_usb_set_chars_available_callback
                0x1000516c       0x14 CMakeFiles/TalonFirmware.dir/C_/Users/David_Zaha/Desktop/2022_school_year/YWISE/pico-sdk/src/rp2_common/pico_stdio_usb/stdio_usb.c.obj
                0x1000516c                stdio_usb_set_chars_available_callback
 .text.usb_irq  0x10005180       0x10 CMakeFiles/TalonFirmware.dir/C_/Users/David_Zaha/Desktop/2022_school_year/YWISE/pico-sdk/src/rp2_common/pico_stdio_usb/stdio_usb.c.obj
 .text.timer_task
                0x10005190       0x54 CMakeFiles/TalonFirmware.dir/C_/Users/David_Zaha/Desktop/2022_school_year/YWISE/pico-sdk/src/rp2_common/pico_stdio_usb/stdio_usb.c.obj
 .text.stdio_usb_in_chars
                0x100051e4       0x90 CMakeFiles/TalonFirmware.dir/C_/Users/David_Zaha/Desktop/2022_school_year/YWISE/pico-sdk/src/rp2_common/pico_stdio_usb/stdio_usb.c.obj
                0x100051e4                stdio_usb_in_chars
 .text.stdio_usb_out_chars
                0x10005274      0x104 CMakeFiles/TalonFirmware.dir/C_/Users/David_Zaha/Desktop/2022_school_year/YWISE/pico-sdk/src/rp2_common/pico_stdio_usb/stdio_usb.c.obj
 .text.low_priority_worker_irq
                0x10005378       0xa8 CMakeFiles/TalonFirmware.dir/C_/Users/David_Zaha/Desktop/2022_school_year/YWISE/pico-sdk/src/rp2_common/pico_stdio_usb/stdio_usb.c.obj
 .text.tud_cdc_rx_cb
                0x10005420       0x20 CMakeFiles/TalonFirmware.dir/C_/Users/David_Zaha/Desktop/2022_school_year/YWISE/pico-sdk/src/rp2_common/pico_stdio_usb/stdio_usb.c.obj
                0x10005420                tud_cdc_rx_cb
 .text.stdio_usb_init
                0x10005440       0xe0 CMakeFiles/TalonFirmware.dir/C_/Users/David_Zaha/Desktop/2022_school_year/YWISE/pico-sdk/src/rp2_common/pico_stdio_usb/stdio_usb.c.obj
                0x10005440                stdio_usb_init
 .text.tud_descriptor_device_cb
                0x10005520        0x8 CMakeFiles/TalonFirmware.dir/C_/Users/David_Zaha/Desktop/2022_school_year/YWISE/pico-sdk/src/rp2_common/pico_stdio_usb/stdio_usb_descriptors.c.obj
                0x10005520                tud_descriptor_device_cb
 .text.tud_descriptor_configuration_cb
                0x10005528        0x8 CMakeFiles/TalonFirmware.dir/C_/Users/David_Zaha/Desktop/2022_school_year/YWISE/pico-sdk/src/rp2_common/pico_stdio_usb/stdio_usb_descriptors.c.obj
                0x10005528                tud_descriptor_configuration_cb
 .text.tud_descriptor_string_cb
                0x10005530       0x78 CMakeFiles/TalonFirmware.dir/C_/Users/David_Zaha/Desktop/2022_school_year/YWISE/pico-sdk/src/rp2_common/pico_stdio_usb/stdio_usb_descriptors.c.obj
                0x10005530                tud_descriptor_string_cb
 .text.startup._retrieve_unique_id_on_boot
                0x100055a8       0x10 CMakeFiles/TalonFirmware.dir/C_/Users/David_Zaha/Desktop/2022_school_year/YWISE/pico-sdk/src/rp2_common/pico_unique_id/unique_id.c.obj
 .text.pico_get_unique_board_id_string
                0x100055b8      0x1a8 CMakeFiles/TalonFirmware.dir/C_/Users/David_Zaha/Desktop/2022_school_year/YWISE/pico-sdk/src/rp2_common/pico_unique_id/unique_id.c.obj
                0x100055b8                pico_get_unique_board_id_string
 .text.flash_get_unique_id
                0x10005760       0x40 CMakeFiles/TalonFirmware.dir/C_/Users/David_Zaha/Desktop/2022_school_year/YWISE/pico-sdk/src/rp2_common/hardware_flash/flash.c.obj
                0x10005760                flash_get_unique_id
 .text.dcd_int_enable
                0x100057a0        0xc CMakeFiles/TalonFirmware.dir/C_/Users/David_Zaha/Desktop/2022_school_year/YWISE/pico-sdk/lib/tinyusb/src/portable/raspberrypi/rp2040/dcd_rp2040.c.obj
                0x100057a0                dcd_int_enable
 .text.dcd_set_address
                0x100057ac       0x14 CMakeFiles/TalonFirmware.dir/C_/Users/David_Zaha/Desktop/2022_school_year/YWISE/pico-sdk/lib/tinyusb/src/portable/raspberrypi/rp2040/dcd_rp2040.c.obj
                0x100057ac                dcd_set_address
 .text.dcd_connect
                0x100057c0       0x10 CMakeFiles/TalonFirmware.dir/C_/Users/David_Zaha/Desktop/2022_school_year/YWISE/pico-sdk/lib/tinyusb/src/portable/raspberrypi/rp2040/dcd_rp2040.c.obj
                0x100057c0                dcd_connect
 .text.dcd_init
                0x100057d0       0x98 CMakeFiles/TalonFirmware.dir/C_/Users/David_Zaha/Desktop/2022_school_year/YWISE/pico-sdk/lib/tinyusb/src/portable/raspberrypi/rp2040/dcd_rp2040.c.obj
                0x100057d0                dcd_init
 .text.dcd_edpt0_status_complete
                0x10005868       0x1c CMakeFiles/TalonFirmware.dir/C_/Users/David_Zaha/Desktop/2022_school_year/YWISE/pico-sdk/lib/tinyusb/src/portable/raspberrypi/rp2040/dcd_rp2040.c.obj
                0x10005868                dcd_edpt0_status_complete
 .text.dcd_edpt_open
                0x10005884      0x108 CMakeFiles/TalonFirmware.dir/C_/Users/David_Zaha/Desktop/2022_school_year/YWISE/pico-sdk/lib/tinyusb/src/portable/raspberrypi/rp2040/dcd_rp2040.c.obj
                0x10005884                dcd_edpt_open
 .text.dcd_edpt_close_all
                0x1000598c        0x8 CMakeFiles/TalonFirmware.dir/C_/Users/David_Zaha/Desktop/2022_school_year/YWISE/pico-sdk/lib/tinyusb/src/portable/raspberrypi/rp2040/dcd_rp2040.c.obj
                0x1000598c                dcd_edpt_close_all
 .text.dcd_edpt_xfer
                0x10005994       0x24 CMakeFiles/TalonFirmware.dir/C_/Users/David_Zaha/Desktop/2022_school_year/YWISE/pico-sdk/lib/tinyusb/src/portable/raspberrypi/rp2040/dcd_rp2040.c.obj
                0x10005994                dcd_edpt_xfer
 .text.dcd_edpt_stall
                0x100059b8       0x38 CMakeFiles/TalonFirmware.dir/C_/Users/David_Zaha/Desktop/2022_school_year/YWISE/pico-sdk/lib/tinyusb/src/portable/raspberrypi/rp2040/dcd_rp2040.c.obj
                0x100059b8                dcd_edpt_stall
 .text.dcd_edpt_clear_stall
                0x100059f0       0x30 CMakeFiles/TalonFirmware.dir/C_/Users/David_Zaha/Desktop/2022_school_year/YWISE/pico-sdk/lib/tinyusb/src/portable/raspberrypi/rp2040/dcd_rp2040.c.obj
                0x100059f0                dcd_edpt_clear_stall
 .text.rp2040_usb_init
                0x10005a20       0x4c CMakeFiles/TalonFirmware.dir/C_/Users/David_Zaha/Desktop/2022_school_year/YWISE/pico-sdk/lib/tinyusb/src/portable/raspberrypi/rp2040/rp2040_usb.c.obj
                0x10005a20                rp2040_usb_init
 .text.hw_endpoint_xfer_start
                0x10005a6c       0x40 CMakeFiles/TalonFirmware.dir/C_/Users/David_Zaha/Desktop/2022_school_year/YWISE/pico-sdk/lib/tinyusb/src/portable/raspberrypi/rp2040/rp2040_usb.c.obj
                0x10005a6c                hw_endpoint_xfer_start
 .text.tud_mounted
                0x10005aac       0x10 CMakeFiles/TalonFirmware.dir/C_/Users/David_Zaha/Desktop/2022_school_year/YWISE/pico-sdk/lib/tinyusb/src/device/usbd.c.obj
                0x10005aac                tud_mounted
 .text.tud_suspended
                0x10005abc       0x10 CMakeFiles/TalonFirmware.dir/C_/Users/David_Zaha/Desktop/2022_school_year/YWISE/pico-sdk/lib/tinyusb/src/device/usbd.c.obj
                0x10005abc                tud_suspended
 .text.tud_inited
                0x10005acc       0x14 CMakeFiles/TalonFirmware.dir/C_/Users/David_Zaha/Desktop/2022_school_year/YWISE/pico-sdk/lib/tinyusb/src/device/usbd.c.obj
                0x10005acc                tud_inited
 .text.tud_init
                0x10005ae0       0xd8 CMakeFiles/TalonFirmware.dir/C_/Users/David_Zaha/Desktop/2022_school_year/YWISE/pico-sdk/lib/tinyusb/src/device/usbd.c.obj
                0x10005ae0                tud_init
 .text.tud_task_ext
                0x10005bb8      0x8a4 CMakeFiles/TalonFirmware.dir/C_/Users/David_Zaha/Desktop/2022_school_year/YWISE/pico-sdk/lib/tinyusb/src/device/usbd.c.obj
                0x10005bb8                tud_task_ext
 .text.usbd_open_edpt_pair
                0x1000645c       0x9c CMakeFiles/TalonFirmware.dir/C_/Users/David_Zaha/Desktop/2022_school_year/YWISE/pico-sdk/lib/tinyusb/src/device/usbd.c.obj
                0x1000645c                usbd_open_edpt_pair
 .text.usbd_defer_func
                0x100064f8       0x48 CMakeFiles/TalonFirmware.dir/C_/Users/David_Zaha/Desktop/2022_school_year/YWISE/pico-sdk/lib/tinyusb/src/device/usbd.c.obj
                0x100064f8                usbd_defer_func
 .text.usbd_edpt_open
                0x10006540       0x34 CMakeFiles/TalonFirmware.dir/C_/Users/David_Zaha/Desktop/2022_school_year/YWISE/pico-sdk/lib/tinyusb/src/device/usbd.c.obj
                0x10006540                usbd_edpt_open
 .text.usbd_edpt_claim
                0x10006574       0x28 CMakeFiles/TalonFirmware.dir/C_/Users/David_Zaha/Desktop/2022_school_year/YWISE/pico-sdk/lib/tinyusb/src/device/usbd.c.obj
                0x10006574                usbd_edpt_claim
 .text.usbd_edpt_release
                0x1000659c       0x28 CMakeFiles/TalonFirmware.dir/C_/Users/David_Zaha/Desktop/2022_school_year/YWISE/pico-sdk/lib/tinyusb/src/device/usbd.c.obj
                0x1000659c                usbd_edpt_release
 .text.usbd_edpt_xfer
                0x100065c4       0x4c CMakeFiles/TalonFirmware.dir/C_/Users/David_Zaha/Desktop/2022_school_year/YWISE/pico-sdk/lib/tinyusb/src/device/usbd.c.obj
                0x100065c4                usbd_edpt_xfer
 .text.tud_control_status
                0x10006610       0x2c CMakeFiles/TalonFirmware.dir/C_/Users/David_Zaha/Desktop/2022_school_year/YWISE/pico-sdk/lib/tinyusb/src/device/usbd_control.c.obj
                0x10006610                tud_control_status
 .text.tud_control_xfer
                0x1000663c       0xac CMakeFiles/TalonFirmware.dir/C_/Users/David_Zaha/Desktop/2022_school_year/YWISE/pico-sdk/lib/tinyusb/src/device/usbd_control.c.obj
                0x1000663c                tud_control_xfer
 .text.usbd_control_reset
                0x100066e8       0x14 CMakeFiles/TalonFirmware.dir/C_/Users/David_Zaha/Desktop/2022_school_year/YWISE/pico-sdk/lib/tinyusb/src/device/usbd_control.c.obj
                0x100066e8                usbd_control_reset
 .text.usbd_control_set_complete_callback
                0x100066fc        0xc CMakeFiles/TalonFirmware.dir/C_/Users/David_Zaha/Desktop/2022_school_year/YWISE/pico-sdk/lib/tinyusb/src/device/usbd_control.c.obj
                0x100066fc                usbd_control_set_complete_callback
 .text.usbd_control_set_request
                0x10006708       0x1c CMakeFiles/TalonFirmware.dir/C_/Users/David_Zaha/Desktop/2022_school_year/YWISE/pico-sdk/lib/tinyusb/src/device/usbd_control.c.obj
                0x10006708                usbd_control_set_request
 .text.usbd_control_xfer_cb
                0x10006724       0xf4 CMakeFiles/TalonFirmware.dir/C_/Users/David_Zaha/Desktop/2022_school_year/YWISE/pico-sdk/lib/tinyusb/src/device/usbd_control.c.obj
                0x10006724                usbd_control_xfer_cb
 .text.tud_cdc_n_connected
                0x10006818       0x30 CMakeFiles/TalonFirmware.dir/C_/Users/David_Zaha/Desktop/2022_school_year/YWISE/pico-sdk/lib/tinyusb/src/class/cdc/cdc_device.c.obj
                0x10006818                tud_cdc_n_connected
 .text.tud_cdc_n_available
                0x10006848       0x18 CMakeFiles/TalonFirmware.dir/C_/Users/David_Zaha/Desktop/2022_school_year/YWISE/pico-sdk/lib/tinyusb/src/class/cdc/cdc_device.c.obj
                0x10006848                tud_cdc_n_available
 .text.tud_cdc_n_read
                0x10006860       0x70 CMakeFiles/TalonFirmware.dir/C_/Users/David_Zaha/Desktop/2022_school_year/YWISE/pico-sdk/lib/tinyusb/src/class/cdc/cdc_device.c.obj
                0x10006860                tud_cdc_n_read
 .text.tud_cdc_n_write_flush
                0x100068d0       0x78 CMakeFiles/TalonFirmware.dir/C_/Users/David_Zaha/Desktop/2022_school_year/YWISE/pico-sdk/lib/tinyusb/src/class/cdc/cdc_device.c.obj
                0x100068d0                tud_cdc_n_write_flush
 .text.tud_cdc_n_write
                0x10006948       0x34 CMakeFiles/TalonFirmware.dir/C_/Users/David_Zaha/Desktop/2022_school_year/YWISE/pico-sdk/lib/tinyusb/src/class/cdc/cdc_device.c.obj
                0x10006948                tud_cdc_n_write
 .text.tud_cdc_n_write_available
                0x1000697c       0x18 CMakeFiles/TalonFirmware.dir/C_/Users/David_Zaha/Desktop/2022_school_year/YWISE/pico-sdk/lib/tinyusb/src/class/cdc/cdc_device.c.obj
                0x1000697c                tud_cdc_n_write_available
 .text.cdcd_init
                0x10006994       0x7c CMakeFiles/TalonFirmware.dir/C_/Users/David_Zaha/Desktop/2022_school_year/YWISE/pico-sdk/lib/tinyusb/src/class/cdc/cdc_device.c.obj
                0x10006994                cdcd_init
 .text.cdcd_reset
                0x10006a10       0x2c CMakeFiles/TalonFirmware.dir/C_/Users/David_Zaha/Desktop/2022_school_year/YWISE/pico-sdk/lib/tinyusb/src/class/cdc/cdc_device.c.obj
                0x10006a10                cdcd_reset
 .text.cdcd_open
                0x10006a3c       0xe4 CMakeFiles/TalonFirmware.dir/C_/Users/David_Zaha/Desktop/2022_school_year/YWISE/pico-sdk/lib/tinyusb/src/class/cdc/cdc_device.c.obj
                0x10006a3c                cdcd_open
 .text.cdcd_control_xfer_cb
                0x10006b20       0xe4 CMakeFiles/TalonFirmware.dir/C_/Users/David_Zaha/Desktop/2022_school_year/YWISE/pico-sdk/lib/tinyusb/src/class/cdc/cdc_device.c.obj
                0x10006b20                cdcd_control_xfer_cb
 .text.cdcd_xfer_cb
                0x10006c04      0x13c CMakeFiles/TalonFirmware.dir/C_/Users/David_Zaha/Desktop/2022_school_year/YWISE/pico-sdk/lib/tinyusb/src/class/cdc/cdc_device.c.obj
                0x10006c04                cdcd_xfer_cb
 .text.tusb_init
                0x10006d40        0xc CMakeFiles/TalonFirmware.dir/C_/Users/David_Zaha/Desktop/2022_school_year/YWISE/pico-sdk/lib/tinyusb/src/tusb.c.obj
                0x10006d40                tusb_init
 .text.tusb_inited
                0x10006d4c        0x8 CMakeFiles/TalonFirmware.dir/C_/Users/David_Zaha/Desktop/2022_school_year/YWISE/pico-sdk/lib/tinyusb/src/tusb.c.obj
                0x10006d4c                tusb_inited
 .text.tu_edpt_claim
                0x10006d54       0x50 CMakeFiles/TalonFirmware.dir/C_/Users/David_Zaha/Desktop/2022_school_year/YWISE/pico-sdk/lib/tinyusb/src/tusb.c.obj
                0x10006d54                tu_edpt_claim
 .text.tu_edpt_release
                0x10006da4       0x38 CMakeFiles/TalonFirmware.dir/C_/Users/David_Zaha/Desktop/2022_school_year/YWISE/pico-sdk/lib/tinyusb/src/tusb.c.obj
                0x10006da4                tu_edpt_release
 .text.tu_edpt_validate
                0x10006ddc       0x7c CMakeFiles/TalonFirmware.dir/C_/Users/David_Zaha/Desktop/2022_school_year/YWISE/pico-sdk/lib/tinyusb/src/tusb.c.obj
                0x10006ddc                tu_edpt_validate
 .text.tu_edpt_bind_driver
                0x10006e58       0x34 CMakeFiles/TalonFirmware.dir/C_/Users/David_Zaha/Desktop/2022_school_year/YWISE/pico-sdk/lib/tinyusb/src/tusb.c.obj
                0x10006e58                tu_edpt_bind_driver
 .text.tu_fifo_config
                0x10006e8c       0x6c CMakeFiles/TalonFirmware.dir/C_/Users/David_Zaha/Desktop/2022_school_year/YWISE/pico-sdk/lib/tinyusb/src/common/tusb_fifo.c.obj
                0x10006e8c                tu_fifo_config
 .text.tu_fifo_count
                0x10006ef8       0x2c CMakeFiles/TalonFirmware.dir/C_/Users/David_Zaha/Desktop/2022_school_year/YWISE/pico-sdk/lib/tinyusb/src/common/tusb_fifo.c.obj
                0x10006ef8                tu_fifo_count
 .text.tu_fifo_empty
                0x10006f24       0x10 CMakeFiles/TalonFirmware.dir/C_/Users/David_Zaha/Desktop/2022_school_year/YWISE/pico-sdk/lib/tinyusb/src/common/tusb_fifo.c.obj
                0x10006f24                tu_fifo_empty
 .text.tu_fifo_remaining
                0x10006f34       0x2c CMakeFiles/TalonFirmware.dir/C_/Users/David_Zaha/Desktop/2022_school_year/YWISE/pico-sdk/lib/tinyusb/src/common/tusb_fifo.c.obj
                0x10006f34                tu_fifo_remaining
 .text.tu_fifo_read
                0x10006f60       0x9c CMakeFiles/TalonFirmware.dir/C_/Users/David_Zaha/Desktop/2022_school_year/YWISE/pico-sdk/lib/tinyusb/src/common/tusb_fifo.c.obj
                0x10006f60                tu_fifo_read
 .text.tu_fifo_read_n
                0x10006ffc       0xe8 CMakeFiles/TalonFirmware.dir/C_/Users/David_Zaha/Desktop/2022_school_year/YWISE/pico-sdk/lib/tinyusb/src/common/tusb_fifo.c.obj
                0x10006ffc                tu_fifo_read_n
 .text.tu_fifo_write
                0x100070e4       0x88 CMakeFiles/TalonFirmware.dir/C_/Users/David_Zaha/Desktop/2022_school_year/YWISE/pico-sdk/lib/tinyusb/src/common/tusb_fifo.c.obj
                0x100070e4                tu_fifo_write
 .text.tu_fifo_write_n
                0x1000716c      0x170 CMakeFiles/TalonFirmware.dir/C_/Users/David_Zaha/Desktop/2022_school_year/YWISE/pico-sdk/lib/tinyusb/src/common/tusb_fifo.c.obj
                0x1000716c                tu_fifo_write_n
 .text.tu_fifo_clear
                0x100072dc       0x40 CMakeFiles/TalonFirmware.dir/C_/Users/David_Zaha/Desktop/2022_school_year/YWISE/pico-sdk/lib/tinyusb/src/common/tusb_fifo.c.obj
                0x100072dc                tu_fifo_clear
 .text.tu_fifo_set_overwritable
                0x1000731c       0x48 CMakeFiles/TalonFirmware.dir/C_/Users/David_Zaha/Desktop/2022_school_year/YWISE/pico-sdk/lib/tinyusb/src/common/tusb_fifo.c.obj
                0x1000731c                tu_fifo_set_overwritable
 .text.core1_trampoline
                0x10007364        0x4 CMakeFiles/TalonFirmware.dir/C_/Users/David_Zaha/Desktop/2022_school_year/YWISE/pico-sdk/src/rp2_common/pico_multicore/multicore.c.obj
 .text.core1_wrapper
                0x10007368        0xc CMakeFiles/TalonFirmware.dir/C_/Users/David_Zaha/Desktop/2022_school_year/YWISE/pico-sdk/src/rp2_common/pico_multicore/multicore.c.obj
                0x10007368                core1_wrapper
 .text.multicore_fifo_push_blocking
                0x10007374       0x14 CMakeFiles/TalonFirmware.dir/C_/Users/David_Zaha/Desktop/2022_school_year/YWISE/pico-sdk/src/rp2_common/pico_multicore/multicore.c.obj
                0x10007374                multicore_fifo_push_blocking
 .text.multicore_fifo_pop_blocking
                0x10007388       0x1c CMakeFiles/TalonFirmware.dir/C_/Users/David_Zaha/Desktop/2022_school_year/YWISE/pico-sdk/src/rp2_common/pico_multicore/multicore.c.obj
                0x10007388                multicore_fifo_pop_blocking
 .text.multicore_launch_core1_raw
                0x100073a4       0x84 CMakeFiles/TalonFirmware.dir/C_/Users/David_Zaha/Desktop/2022_school_year/YWISE/pico-sdk/src/rp2_common/pico_multicore/multicore.c.obj
                0x100073a4                multicore_launch_core1_raw
 .text.multicore_launch_core1
                0x10007428       0x58 CMakeFiles/TalonFirmware.dir/C_/Users/David_Zaha/Desktop/2022_school_year/YWISE/pico-sdk/src/rp2_common/pico_multicore/multicore.c.obj
                0x10007428                multicore_launch_core1
 .text.i2c_set_baudrate
                0x10007480       0xc4 CMakeFiles/TalonFirmware.dir/C_/Users/David_Zaha/Desktop/2022_school_year/YWISE/pico-sdk/src/rp2_common/hardware_i2c/i2c.c.obj
                0x10007480                i2c_set_baudrate
 .text.i2c_init
                0x10007544       0x54 CMakeFiles/TalonFirmware.dir/C_/Users/David_Zaha/Desktop/2022_school_year/YWISE/pico-sdk/src/rp2_common/hardware_i2c/i2c.c.obj
                0x10007544                i2c_init
 .text.i2c_write_blocking
                0x10007598       0xd0 CMakeFiles/TalonFirmware.dir/C_/Users/David_Zaha/Desktop/2022_school_year/YWISE/pico-sdk/src/rp2_common/hardware_i2c/i2c.c.obj
                0x10007598                i2c_write_blocking
 .text.i2c_read_blocking
                0x10007668       0x90 CMakeFiles/TalonFirmware.dir/C_/Users/David_Zaha/Desktop/2022_school_year/YWISE/pico-sdk/src/rp2_common/hardware_i2c/i2c.c.obj
                0x10007668                i2c_read_blocking
 .text.spi_init
                0x100076f8       0xf0 CMakeFiles/TalonFirmware.dir/C_/Users/David_Zaha/Desktop/2022_school_year/YWISE/pico-sdk/src/rp2_common/hardware_spi/spi.c.obj
                0x100076f8                spi_init
 .text.strlen   0x100077e8       0x5c c:/progra~2/arm gnu toolchain arm-none-eabi/12.2 rel1/bin/../lib/gcc/arm-none-eabi/12.2.1/thumb/v6-m/nofp\libc.a(libc_a-strlen-stub.o)
                0x100077e8                strlen
 *(.fini)
 .fini          0x10007844        0x4 c:/progra~2/arm gnu toolchain arm-none-eabi/12.2 rel1/bin/../lib/gcc/arm-none-eabi/12.2.1/thumb/v6-m/nofp/crti.o
                0x10007844                _fini
 .fini.__stub   0x10007848       0xf0 linker stubs
 *crtbegin.o(.ctors)
 *crtbegin?.o(.ctors)
 *(EXCLUDE_FILE(*crtend.o *crtend?.o) .ctors)
 *(SORT_BY_NAME(.ctors.*))
 *(.ctors)
 *crtbegin.o(.dtors)
 *crtbegin?.o(.dtors)
 *(EXCLUDE_FILE(*crtend.o *crtend?.o) .dtors)
 *(SORT_BY_NAME(.dtors.*))
 *(.dtors)
 *(.eh_frame*)
 .eh_frame      0x10007938        0x0 c:/progra~2/arm gnu toolchain arm-none-eabi/12.2 rel1/bin/../lib/gcc/arm-none-eabi/12.2.1/thumb/v6-m/nofp/crtbegin.o
                0x10007938                . = ALIGN (0x4)

.glue_7         0x10007938        0x0
 .glue_7        0x10007938        0x0 linker stubs

.glue_7t        0x10007938        0x0
 .glue_7t       0x10007938        0x0 linker stubs

.vfp11_veneer   0x10007938        0x0
 .vfp11_veneer  0x10007938        0x0 linker stubs

.v4_bx          0x10007938        0x0
 .v4_bx         0x10007938        0x0 linker stubs

.iplt           0x10007938        0x0
 .iplt          0x10007938        0x0 c:/progra~2/arm gnu toolchain arm-none-eabi/12.2 rel1/bin/../lib/gcc/arm-none-eabi/12.2.1/thumb/v6-m/nofp/crtbegin.o

.rodata         0x10007938      0x4f4
 *(EXCLUDE_FILE(*libm.a: *libc.a:*lib_a-mem*.o *libgcc.a:) .rodata*)
 .rodata.MAX17048_alert_handler.str1.4
                0x10007938        0x2 CMakeFiles/TalonFirmware.dir/main.c.obj
 *fill*         0x1000793a        0x2 
 .rodata.ADS1299_drdy_interrupt.str1.4
                0x1000793c        0x2 CMakeFiles/TalonFirmware.dir/main.c.obj
 *fill*         0x1000793e        0x2 
 .rodata.MAX17048_read_voltage.str1.4
                0x10007940        0x2 CMakeFiles/TalonFirmware.dir/main.c.obj
 *fill*         0x10007942        0x2 
 .rodata.send_data.str1.4
                0x10007944        0xe CMakeFiles/TalonFirmware.dir/main.c.obj
 *fill*         0x10007952        0x2 
 .rodata.spin_lock_claim_unused.str1.4
                0x10007954       0x1b CMakeFiles/TalonFirmware.dir/C_/Users/David_Zaha/Desktop/2022_school_year/YWISE/pico-sdk/src/rp2_common/hardware_sync/sync.c.obj
 *fill*         0x1000796f        0x1 
 .rodata.user_irq_claim_unused.str1.4
                0x10007970       0x1b CMakeFiles/TalonFirmware.dir/C_/Users/David_Zaha/Desktop/2022_school_year/YWISE/pico-sdk/src/rp2_common/hardware_irq/irq.c.obj
 *fill*         0x1000798b        0x1 
 .rodata.hardware_alarm_claim.str1.4
                0x1000798c       0x22 CMakeFiles/TalonFirmware.dir/C_/Users/David_Zaha/Desktop/2022_school_year/YWISE/pico-sdk/src/rp2_common/hardware_timer/timer.c.obj
 *fill*         0x100079ae        0x2 
 .rodata.panic.str1.4
                0x100079b0       0x10 CMakeFiles/TalonFirmware.dir/C_/Users/David_Zaha/Desktop/2022_school_year/YWISE/pico-sdk/src/rp2_common/pico_runtime/runtime.c.obj
                                 0x12 (size before relaxing)
 .rodata.hard_assertion_failure.str1.4
                0x100079c0        0xc CMakeFiles/TalonFirmware.dir/C_/Users/David_Zaha/Desktop/2022_school_year/YWISE/pico-sdk/src/rp2_common/pico_runtime/runtime.c.obj
 .rodata._ftoa.str1.4
                0x100079cc       0x15 CMakeFiles/TalonFirmware.dir/C_/Users/David_Zaha/Desktop/2022_school_year/YWISE/pico-sdk/src/rp2_common/pico_printf/printf.c.obj
 *fill*         0x100079e1        0x3 
 .rodata._vsnprintf
                0x100079e4      0x19c CMakeFiles/TalonFirmware.dir/C_/Users/David_Zaha/Desktop/2022_school_year/YWISE/pico-sdk/src/rp2_common/pico_printf/printf.c.obj
 .rodata.pow10.0
                0x10007b80       0x50 CMakeFiles/TalonFirmware.dir/C_/Users/David_Zaha/Desktop/2022_school_year/YWISE/pico-sdk/src/rp2_common/pico_printf/printf.c.obj
 .rodata.str1.4
                0x10007bd0       0x44 CMakeFiles/TalonFirmware.dir/C_/Users/David_Zaha/Desktop/2022_school_year/YWISE/pico-sdk/src/rp2_common/pico_standard_link/binary_info.c.obj
 .rodata.__bi_81
                0x10007c14        0xc CMakeFiles/TalonFirmware.dir/C_/Users/David_Zaha/Desktop/2022_school_year/YWISE/pico-sdk/src/rp2_common/pico_standard_link/binary_info.c.obj
 .rodata.__bi_75
                0x10007c20        0xc CMakeFiles/TalonFirmware.dir/C_/Users/David_Zaha/Desktop/2022_school_year/YWISE/pico-sdk/src/rp2_common/pico_standard_link/binary_info.c.obj
 .rodata.__bi_44
                0x10007c2c        0xc CMakeFiles/TalonFirmware.dir/C_/Users/David_Zaha/Desktop/2022_school_year/YWISE/pico-sdk/src/rp2_common/pico_standard_link/binary_info.c.obj
 .rodata.crlf_str.0
                0x10007c38        0x2 CMakeFiles/TalonFirmware.dir/C_/Users/David_Zaha/Desktop/2022_school_year/YWISE/pico-sdk/src/rp2_common/pico_stdio/stdio.c.obj
 *fill*         0x10007c3a        0x2 
 .rodata._resetd_driver
                0x10007c3c       0x18 CMakeFiles/TalonFirmware.dir/C_/Users/David_Zaha/Desktop/2022_school_year/YWISE/pico-sdk/src/rp2_common/pico_stdio_usb/reset_interface.c.obj
 .rodata.str1.4
                0x10007c54       0x13 CMakeFiles/TalonFirmware.dir/C_/Users/David_Zaha/Desktop/2022_school_year/YWISE/pico-sdk/src/rp2_common/pico_stdio_usb/stdio_usb.c.obj
 *fill*         0x10007c67        0x1 
 .rodata.__bi_188.0
                0x10007c68        0xc CMakeFiles/TalonFirmware.dir/C_/Users/David_Zaha/Desktop/2022_school_year/YWISE/pico-sdk/src/rp2_common/pico_stdio_usb/stdio_usb.c.obj
 .rodata.str1.4
                0x10007c74       0x2a CMakeFiles/TalonFirmware.dir/C_/Users/David_Zaha/Desktop/2022_school_year/YWISE/pico-sdk/src/rp2_common/pico_stdio_usb/stdio_usb_descriptors.c.obj
 *fill*         0x10007c9e        0x2 
 .rodata.usbd_desc_str
                0x10007ca0       0x18 CMakeFiles/TalonFirmware.dir/C_/Users/David_Zaha/Desktop/2022_school_year/YWISE/pico-sdk/src/rp2_common/pico_stdio_usb/stdio_usb_descriptors.c.obj
 .rodata.usbd_desc_cfg
                0x10007cb8       0x54 CMakeFiles/TalonFirmware.dir/C_/Users/David_Zaha/Desktop/2022_school_year/YWISE/pico-sdk/src/rp2_common/pico_stdio_usb/stdio_usb_descriptors.c.obj
 .rodata.usbd_desc_device
                0x10007d0c       0x12 CMakeFiles/TalonFirmware.dir/C_/Users/David_Zaha/Desktop/2022_school_year/YWISE/pico-sdk/src/rp2_common/pico_stdio_usb/stdio_usb_descriptors.c.obj
 *fill*         0x10007d1e        0x2 
 .rodata.str1.4
                0x10007d20       0x14 CMakeFiles/TalonFirmware.dir/C_/Users/David_Zaha/Desktop/2022_school_year/YWISE/pico-sdk/lib/tinyusb/src/portable/raspberrypi/rp2040/dcd_rp2040.c.obj
 .rodata.str1.4
                0x10007d34       0x53 CMakeFiles/TalonFirmware.dir/C_/Users/David_Zaha/Desktop/2022_school_year/YWISE/pico-sdk/lib/tinyusb/src/portable/raspberrypi/rp2040/rp2040_usb.c.obj
 *fill*         0x10007d87        0x1 
 .rodata.tud_task_ext
                0x10007d88       0x8c CMakeFiles/TalonFirmware.dir/C_/Users/David_Zaha/Desktop/2022_school_year/YWISE/pico-sdk/lib/tinyusb/src/device/usbd.c.obj
 .rodata._usbd_driver
                0x10007e14       0x18 CMakeFiles/TalonFirmware.dir/C_/Users/David_Zaha/Desktop/2022_school_year/YWISE/pico-sdk/lib/tinyusb/src/device/usbd.c.obj
                0x10007e2c                . = ALIGN (0x4)
 *(SORT_BY_ALIGNMENT(SORT_BY_NAME(.flashdata*)))
                0x10007e2c                . = ALIGN (0x4)

.rel.dyn        0x10007e2c        0x0
 .rel.iplt      0x10007e2c        0x0 c:/progra~2/arm gnu toolchain arm-none-eabi/12.2 rel1/bin/../lib/gcc/arm-none-eabi/12.2.1/thumb/v6-m/nofp/crtbegin.o

.ARM.extab
 *(.ARM.extab* .gnu.linkonce.armextab.*)
                0x10007e2c                __exidx_start = .

.ARM.exidx
 *(.ARM.exidx* .gnu.linkonce.armexidx.*)
                0x10007e2c                __exidx_end = .
                0x10007e2c                . = ALIGN (0x4)
                0x10007e2c                __binary_info_start = .

.binary_info    0x10007e2c       0x20
 *(.binary_info.keep.*)
 .binary_info.keep.__bi_ptr81
                0x10007e2c        0x4 CMakeFiles/TalonFirmware.dir/C_/Users/David_Zaha/Desktop/2022_school_year/YWISE/pico-sdk/src/rp2_common/pico_standard_link/binary_info.c.obj
 .binary_info.keep.__bi_ptr75
                0x10007e30        0x4 CMakeFiles/TalonFirmware.dir/C_/Users/David_Zaha/Desktop/2022_school_year/YWISE/pico-sdk/src/rp2_common/pico_standard_link/binary_info.c.obj
 .binary_info.keep.__bi_ptr50
                0x10007e34        0x4 CMakeFiles/TalonFirmware.dir/C_/Users/David_Zaha/Desktop/2022_school_year/YWISE/pico-sdk/src/rp2_common/pico_standard_link/binary_info.c.obj
 .binary_info.keep.__bi_ptr44
                0x10007e38        0x4 CMakeFiles/TalonFirmware.dir/C_/Users/David_Zaha/Desktop/2022_school_year/YWISE/pico-sdk/src/rp2_common/pico_standard_link/binary_info.c.obj
 .binary_info.keep.__bi_ptr38
                0x10007e3c        0x4 CMakeFiles/TalonFirmware.dir/C_/Users/David_Zaha/Desktop/2022_school_year/YWISE/pico-sdk/src/rp2_common/pico_standard_link/binary_info.c.obj
 .binary_info.keep.__bi_ptr30
                0x10007e40        0x4 CMakeFiles/TalonFirmware.dir/C_/Users/David_Zaha/Desktop/2022_school_year/YWISE/pico-sdk/src/rp2_common/pico_standard_link/binary_info.c.obj
 .binary_info.keep.__bi_ptr22
                0x10007e44        0x4 CMakeFiles/TalonFirmware.dir/C_/Users/David_Zaha/Desktop/2022_school_year/YWISE/pico-sdk/src/rp2_common/pico_standard_link/binary_info.c.obj
 *(.binary_info.*)
 .binary_info.__bi_ptr188
                0x10007e48        0x4 CMakeFiles/TalonFirmware.dir/C_/Users/David_Zaha/Desktop/2022_school_year/YWISE/pico-sdk/src/rp2_common/pico_stdio_usb/stdio_usb.c.obj
                0x10007e4c                __binary_info_end = .
                0x10007e4c                . = ALIGN (0x4)
                0x10007e4c                __etext = .

.ram_vector_table
                0x20000000       0xc0
 *(.ram_vector_table)
 .ram_vector_table
                0x20000000       0xc0 CMakeFiles/TalonFirmware.dir/C_/Users/David_Zaha/Desktop/2022_school_year/YWISE/pico-sdk/src/rp2_common/pico_runtime/runtime.c.obj
                0x20000000                ram_vector_table

.data           0x200000c0      0xf68 load address 0x10007e4c
                0x200000c0                __data_start__ = .
 *(vtable)
 *(.time_critical*)
 .time_critical.mutex_try_enter
                0x200000c0       0x40 CMakeFiles/TalonFirmware.dir/C_/Users/David_Zaha/Desktop/2022_school_year/YWISE/pico-sdk/src/common/pico_sync/mutex.c.obj
                0x200000c0                mutex_try_enter
 .time_critical.mutex_try_enter_block_until
                0x20000100       0x9c CMakeFiles/TalonFirmware.dir/C_/Users/David_Zaha/Desktop/2022_school_year/YWISE/pico-sdk/src/common/pico_sync/mutex.c.obj
                0x20000100                mutex_try_enter_block_until
 .time_critical.mutex_enter_timeout_ms
                0x2000019c       0x90 CMakeFiles/TalonFirmware.dir/C_/Users/David_Zaha/Desktop/2022_school_year/YWISE/pico-sdk/src/common/pico_sync/mutex.c.obj
                0x2000019c                mutex_enter_timeout_ms
 .time_critical.mutex_exit
                0x2000022c       0x28 CMakeFiles/TalonFirmware.dir/C_/Users/David_Zaha/Desktop/2022_school_year/YWISE/pico-sdk/src/common/pico_sync/mutex.c.obj
                0x2000022c                mutex_exit
 .time_critical.flash_init_boot2_copyout
                0x20000254       0x30 CMakeFiles/TalonFirmware.dir/C_/Users/David_Zaha/Desktop/2022_school_year/YWISE/pico-sdk/src/rp2_common/hardware_flash/flash.c.obj
 .time_critical.flash_enable_xip_via_boot2
                0x20000284        0xc CMakeFiles/TalonFirmware.dir/C_/Users/David_Zaha/Desktop/2022_school_year/YWISE/pico-sdk/src/rp2_common/hardware_flash/flash.c.obj
 .time_critical.flash_cs_force
                0x20000290       0x38 CMakeFiles/TalonFirmware.dir/C_/Users/David_Zaha/Desktop/2022_school_year/YWISE/pico-sdk/src/rp2_common/hardware_flash/flash.c.obj
 .time_critical.flash_do_cmd
                0x200002c8       0xc0 CMakeFiles/TalonFirmware.dir/C_/Users/David_Zaha/Desktop/2022_school_year/YWISE/pico-sdk/src/rp2_common/hardware_flash/flash.c.obj
                0x200002c8                flash_do_cmd
 .time_critical.reset_non_control_endpoints
                0x20000388       0x68 CMakeFiles/TalonFirmware.dir/C_/Users/David_Zaha/Desktop/2022_school_year/YWISE/pico-sdk/lib/tinyusb/src/portable/raspberrypi/rp2040/dcd_rp2040.c.obj
 .time_critical.hw_handle_buff_status
                0x200003f0       0xac CMakeFiles/TalonFirmware.dir/C_/Users/David_Zaha/Desktop/2022_school_year/YWISE/pico-sdk/lib/tinyusb/src/portable/raspberrypi/rp2040/dcd_rp2040.c.obj
 .time_critical.dcd_rp2040_irq
                0x2000049c      0x510 CMakeFiles/TalonFirmware.dir/C_/Users/David_Zaha/Desktop/2022_school_year/YWISE/pico-sdk/lib/tinyusb/src/portable/raspberrypi/rp2040/dcd_rp2040.c.obj
 .time_critical.e15_is_bulkin_ep
                0x200009ac       0x28 CMakeFiles/TalonFirmware.dir/C_/Users/David_Zaha/Desktop/2022_school_year/YWISE/pico-sdk/lib/tinyusb/src/portable/raspberrypi/rp2040/rp2040_usb.c.obj
 .time_critical.e15_is_critical_frame_period
                0x200009d4       0x34 CMakeFiles/TalonFirmware.dir/C_/Users/David_Zaha/Desktop/2022_school_year/YWISE/pico-sdk/lib/tinyusb/src/portable/raspberrypi/rp2040/rp2040_usb.c.obj
 .time_critical.prepare_ep_buffer
                0x20000a08       0x6c CMakeFiles/TalonFirmware.dir/C_/Users/David_Zaha/Desktop/2022_school_year/YWISE/pico-sdk/lib/tinyusb/src/portable/raspberrypi/rp2040/rp2040_usb.c.obj
 .time_critical.sync_ep_buffer
                0x20000a74       0x48 CMakeFiles/TalonFirmware.dir/C_/Users/David_Zaha/Desktop/2022_school_year/YWISE/pico-sdk/lib/tinyusb/src/portable/raspberrypi/rp2040/rp2040_usb.c.obj
 .time_critical._hw_endpoint_xfer_sync
                0x20000abc       0x28 CMakeFiles/TalonFirmware.dir/C_/Users/David_Zaha/Desktop/2022_school_year/YWISE/pico-sdk/lib/tinyusb/src/portable/raspberrypi/rp2040/rp2040_usb.c.obj
 .time_critical.hw_endpoint_reset_transfer
                0x20000ae4        0xc CMakeFiles/TalonFirmware.dir/C_/Users/David_Zaha/Desktop/2022_school_year/YWISE/pico-sdk/lib/tinyusb/src/portable/raspberrypi/rp2040/rp2040_usb.c.obj
                0x20000ae4                hw_endpoint_reset_transfer
 .time_critical._hw_endpoint_buffer_control_update32
                0x20000af0       0x58 CMakeFiles/TalonFirmware.dir/C_/Users/David_Zaha/Desktop/2022_school_year/YWISE/pico-sdk/lib/tinyusb/src/portable/raspberrypi/rp2040/rp2040_usb.c.obj
                0x20000af0                _hw_endpoint_buffer_control_update32
 .time_critical.hw_endpoint_start_next_buffer
                0x20000b48       0x6c CMakeFiles/TalonFirmware.dir/C_/Users/David_Zaha/Desktop/2022_school_year/YWISE/pico-sdk/lib/tinyusb/src/portable/raspberrypi/rp2040/rp2040_usb.c.obj
                0x20000b48                hw_endpoint_start_next_buffer
 .time_critical.hw_endpoint_xfer_continue
                0x20000bb4       0x50 CMakeFiles/TalonFirmware.dir/C_/Users/David_Zaha/Desktop/2022_school_year/YWISE/pico-sdk/lib/tinyusb/src/portable/raspberrypi/rp2040/rp2040_usb.c.obj
                0x20000bb4                hw_endpoint_xfer_continue
 .time_critical.tinyusb
                0x20000c04      0x170 CMakeFiles/TalonFirmware.dir/C_/Users/David_Zaha/Desktop/2022_school_year/YWISE/pico-sdk/lib/tinyusb/src/device/usbd.c.obj
                0x20000c04                dcd_event_handler
 .time_critical.spi_write_read_blocking
                0x20000d74       0x78 CMakeFiles/TalonFirmware.dir/C_/Users/David_Zaha/Desktop/2022_school_year/YWISE/pico-sdk/src/rp2_common/hardware_spi/spi.c.obj
                0x20000d74                spi_write_read_blocking
 .time_critical.spi_write_blocking
                0x20000dec       0x4c CMakeFiles/TalonFirmware.dir/C_/Users/David_Zaha/Desktop/2022_school_year/YWISE/pico-sdk/src/rp2_common/hardware_spi/spi.c.obj
                0x20000dec                spi_write_blocking
 .time_critical.spi_read_blocking
                0x20000e38       0x68 CMakeFiles/TalonFirmware.dir/C_/Users/David_Zaha/Desktop/2022_school_year/YWISE/pico-sdk/src/rp2_common/hardware_spi/spi.c.obj
                0x20000e38                spi_read_blocking
 *(.text*)
 .text          0x20000ea0        0x4 c:/progra~2/arm gnu toolchain arm-none-eabi/12.2 rel1/bin/../lib/gcc/arm-none-eabi/12.2.1/thumb/v6-m/nofp\libgcc.a(_dvmd_tls.o)
                0x20000ea0                __aeabi_idiv0
                0x20000ea0                __aeabi_ldiv0
 *fill*         0x20000ea4        0x4 
 .text.__stub   0x20000ea8       0x70 linker stubs
                0x20000f18                . = ALIGN (0x4)
 *(.rodata*)
                0x20000f18                . = ALIGN (0x4)
 *(.data*)
 .data.send_to_esp12f
                0x20000f18        0x1 CMakeFiles/TalonFirmware.dir/main.c.obj
                0x20000f18                send_to_esp12f
 .data.striped_spin_lock_num
                0x20000f19        0x1 CMakeFiles/TalonFirmware.dir/C_/Users/David_Zaha/Desktop/2022_school_year/YWISE/pico-sdk/src/rp2_common/hardware_sync/sync.c.obj
 *fill*         0x20000f1a        0x2 
 .data          0x20000f1c       0x48 CMakeFiles/TalonFirmware.dir/C_/Users/David_Zaha/Desktop/2022_school_year/YWISE/pico-sdk/src/rp2_common/hardware_irq/irq_handler_chain.S.obj
                0x20000f1c                irq_handler_chain_slots
                0x20000f4c                irq_handler_chain_first_slot
                0x20000f56                irq_handler_chain_remove_tail
 .data.default_alarm_pool
                0x20000f64       0x18 CMakeFiles/TalonFirmware.dir/C_/Users/David_Zaha/Desktop/2022_school_year/YWISE/pico-sdk/src/common/pico_time/time.c.obj
 .data.default_alarm_pool_heap
                0x20000f7c       0x10 CMakeFiles/TalonFirmware.dir/C_/Users/David_Zaha/Desktop/2022_school_year/YWISE/pico-sdk/src/common/pico_time/time.c.obj
 *fill*         0x20000f8c        0x4 
 .data.aeabi_bits_funcs
                0x20000f90       0x10 CMakeFiles/TalonFirmware.dir/C_/Users/David_Zaha/Desktop/2022_school_year/YWISE/pico-sdk/src/rp2_common/pico_bit_ops/bit_ops_aeabi.S.obj
                0x20000f90                aeabi_bits_funcs
                0x20000fa0                aeabi_bits_funcs_end
 .data.aeabi_mem_funcs
                0x20000fa0       0x10 CMakeFiles/TalonFirmware.dir/C_/Users/David_Zaha/Desktop/2022_school_year/YWISE/pico-sdk/src/rp2_common/pico_mem_ops/mem_ops_aeabi.S.obj
                0x20000fa0                aeabi_mem_funcs
                0x20000fb0                aeabi_mem_funcs_end
 .data.stdio_usb
                0x20000fb0       0x18 CMakeFiles/TalonFirmware.dir/C_/Users/David_Zaha/Desktop/2022_school_year/YWISE/pico-sdk/src/rp2_common/pico_stdio_usb/stdio_usb.c.obj
                0x20000fb0                stdio_usb
 .data.ep_dir_string
                0x20000fc8        0x8 CMakeFiles/TalonFirmware.dir/C_/Users/David_Zaha/Desktop/2022_school_year/YWISE/pico-sdk/lib/tinyusb/src/portable/raspberrypi/rp2040/rp2040_usb.c.obj
                0x20000fc8                ep_dir_string
 .data._usbd_qdef
                0x20000fd0       0x1c CMakeFiles/TalonFirmware.dir/C_/Users/David_Zaha/Desktop/2022_school_year/YWISE/pico-sdk/lib/tinyusb/src/device/usbd.c.obj
                0x20000fd0                _usbd_qdef
 .data._usbd_rhport
                0x20000fec        0x1 CMakeFiles/TalonFirmware.dir/C_/Users/David_Zaha/Desktop/2022_school_year/YWISE/pico-sdk/lib/tinyusb/src/device/usbd.c.obj
 *fill*         0x20000fed        0x3 
 .data.i2c1_inst
                0x20000ff0        0x8 CMakeFiles/TalonFirmware.dir/C_/Users/David_Zaha/Desktop/2022_school_year/YWISE/pico-sdk/src/rp2_common/hardware_i2c/i2c.c.obj
                0x20000ff0                i2c1_inst
 .data.i2c0_inst
                0x20000ff8        0x8 CMakeFiles/TalonFirmware.dir/C_/Users/David_Zaha/Desktop/2022_school_year/YWISE/pico-sdk/src/rp2_common/hardware_i2c/i2c.c.obj
                0x20000ff8                i2c0_inst
                0x20001000                . = ALIGN (0x4)
 *(.after_data.*)
                0x20001000                . = ALIGN (0x4)
                0x20001000                PROVIDE (__mutex_array_start = .)
 *(SORT_BY_NAME(.mutex_array.*))
 *(.mutex_array)
 .mutex_array   0x20001000        0x8 CMakeFiles/TalonFirmware.dir/C_/Users/David_Zaha/Desktop/2022_school_year/YWISE/pico-sdk/src/rp2_common/pico_malloc/pico_malloc.c.obj
 .mutex_array   0x20001008        0x8 CMakeFiles/TalonFirmware.dir/C_/Users/David_Zaha/Desktop/2022_school_year/YWISE/pico-sdk/src/rp2_common/pico_stdio/stdio.c.obj
                0x20001010                PROVIDE (__mutex_array_end = .)
                0x20001010                . = ALIGN (0x4)
                0x20001010                PROVIDE (__preinit_array_start = .)
 *(SORT_BY_NAME(.preinit_array.*))
 .preinit_array.00001
                0x20001010        0x4 CMakeFiles/TalonFirmware.dir/C_/Users/David_Zaha/Desktop/2022_school_year/YWISE/pico-sdk/src/rp2_common/pico_mem_ops/mem_ops_aeabi.S.obj
 .preinit_array.00010
                0x20001014        0x4 CMakeFiles/TalonFirmware.dir/C_/Users/David_Zaha/Desktop/2022_school_year/YWISE/pico-sdk/src/rp2_common/pico_bit_ops/bit_ops_aeabi.S.obj
 .preinit_array.00020
                0x20001018        0x4 CMakeFiles/TalonFirmware.dir/C_/Users/David_Zaha/Desktop/2022_school_year/YWISE/pico-sdk/src/rp2_common/pico_double/double_aeabi.S.obj
 .preinit_array.00020
                0x2000101c        0x4 CMakeFiles/TalonFirmware.dir/C_/Users/David_Zaha/Desktop/2022_school_year/YWISE/pico-sdk/src/rp2_common/pico_float/float_aeabi.S.obj
 *(.preinit_array)
                0x20001020                PROVIDE (__preinit_array_end = .)
                0x20001020                . = ALIGN (0x4)
                0x20001020                PROVIDE (__init_array_start = .)
 *(SORT_BY_NAME(.init_array.*))
 *(.init_array)
 .init_array    0x20001020        0x4 c:/progra~2/arm gnu toolchain arm-none-eabi/12.2 rel1/bin/../lib/gcc/arm-none-eabi/12.2.1/thumb/v6-m/nofp/crtbegin.o
 .init_array    0x20001024        0x4 CMakeFiles/TalonFirmware.dir/C_/Users/David_Zaha/Desktop/2022_school_year/YWISE/pico-sdk/src/rp2_common/pico_unique_id/unique_id.c.obj
                0x20001028                PROVIDE (__init_array_end = .)
                0x20001028                . = ALIGN (0x4)
                [!provide]                PROVIDE (__fini_array_start = .)
 *(SORT_BY_NAME(.fini_array.*))
 *(.fini_array)
                [!provide]                PROVIDE (__fini_array_end = .)
 *(.jcr)
                0x20001028                . = ALIGN (0x4)
                0x20001028                __data_end__ = .

.tm_clone_table
                0x20001028        0x0 load address 0x10008db4
 .tm_clone_table
                0x20001028        0x0 c:/progra~2/arm gnu toolchain arm-none-eabi/12.2 rel1/bin/../lib/gcc/arm-none-eabi/12.2.1/thumb/v6-m/nofp/crtbegin.o
 .tm_clone_table
                0x20001028        0x0 c:/progra~2/arm gnu toolchain arm-none-eabi/12.2 rel1/bin/../lib/gcc/arm-none-eabi/12.2.1/thumb/v6-m/nofp/crtend.o

.igot.plt       0x20001028        0x0 load address 0x10008db4
 .igot.plt      0x20001028        0x0 c:/progra~2/arm gnu toolchain arm-none-eabi/12.2 rel1/bin/../lib/gcc/arm-none-eabi/12.2.1/thumb/v6-m/nofp/crtbegin.o

.uninitialized_data
                0x20001028        0x0 load address 0x10008db4
                0x20001028                . = ALIGN (0x4)
 *(.uninitialized_data*)

.scratch_x      0x20040000        0x0 load address 0x10008db4
                0x20040000                __scratch_x_start__ = .
 *(.scratch_x.*)
                0x20040000                . = ALIGN (0x4)
                0x20040000                __scratch_x_end__ = .
                0x10008db4                __scratch_x_source__ = LOADADDR (.scratch_x)

.scratch_y      0x20041000        0x0 load address 0x10008db4
                0x20041000                __scratch_y_start__ = .
 *(.scratch_y.*)
                0x20041000                . = ALIGN (0x4)
                0x20041000                __scratch_y_end__ = .
                0x10008db4                __scratch_y_source__ = LOADADDR (.scratch_y)

.bss            0x20001028      0xdbc
                0x20001028                . = ALIGN (0x4)
                0x20001028                __bss_start__ = .
 *(SORT_BY_ALIGNMENT(SORT_BY_NAME(.bss*)))
 .bss.configured_freq
                0x20001028       0x28 CMakeFiles/TalonFirmware.dir/C_/Users/David_Zaha/Desktop/2022_school_year/YWISE/pico-sdk/src/rp2_common/hardware_clocks/clocks.c.obj
 .bss.default_alarm_pool_entries
                0x20001050      0x100 CMakeFiles/TalonFirmware.dir/C_/Users/David_Zaha/Desktop/2022_school_year/YWISE/pico-sdk/src/common/pico_time/time.c.obj
 .bss.last_avail_time.1
                0x20001150        0x8 CMakeFiles/TalonFirmware.dir/C_/Users/David_Zaha/Desktop/2022_school_year/YWISE/pico-sdk/src/rp2_common/pico_stdio_usb/stdio_usb.c.obj
 .bss.sd_table  0x20001158      0x100 CMakeFiles/TalonFirmware.dir/C_/Users/David_Zaha/Desktop/2022_school_year/YWISE/pico-sdk/src/rp2_common/pico_double/double_init_rom.c.obj
                0x20001158                sd_table
 .bss.sf_table  0x20001258      0x100 CMakeFiles/TalonFirmware.dir/C_/Users/David_Zaha/Desktop/2022_school_year/YWISE/pico-sdk/src/rp2_common/pico_float/float_init_rom.c.obj
                0x20001258                sf_table
 .bss._app_driver
                0x20001358        0x4 CMakeFiles/TalonFirmware.dir/C_/Users/David_Zaha/Desktop/2022_school_year/YWISE/pico-sdk/lib/tinyusb/src/device/usbd.c.obj
 .bss._cdcd_itf
                0x2000135c      0x2c8 CMakeFiles/TalonFirmware.dir/C_/Users/David_Zaha/Desktop/2022_school_year/YWISE/pico-sdk/lib/tinyusb/src/class/cdc/cdc_device.c.obj
 .bss._ctrl_xfer
                0x20001624       0x14 CMakeFiles/TalonFirmware.dir/C_/Users/David_Zaha/Desktop/2022_school_year/YWISE/pico-sdk/lib/tinyusb/src/device/usbd_control.c.obj
 .bss._ubsd_mutexdef
                0x20001638        0x8 CMakeFiles/TalonFirmware.dir/C_/Users/David_Zaha/Desktop/2022_school_year/YWISE/pico-sdk/lib/tinyusb/src/device/usbd.c.obj
 .bss._usbd_ctrl_buf
                0x20001640       0x40 CMakeFiles/TalonFirmware.dir/C_/Users/David_Zaha/Desktop/2022_school_year/YWISE/pico-sdk/lib/tinyusb/src/device/usbd_control.c.obj
 .bss._usbd_dev
                0x20001680       0x53 CMakeFiles/TalonFirmware.dir/C_/Users/David_Zaha/Desktop/2022_school_year/YWISE/pico-sdk/lib/tinyusb/src/device/usbd.c.obj
 *fill*         0x200016d3        0x1 
 .bss._usbd_mutex
                0x200016d4        0x4 CMakeFiles/TalonFirmware.dir/C_/Users/David_Zaha/Desktop/2022_school_year/YWISE/pico-sdk/lib/tinyusb/src/device/usbd.c.obj
 .bss._usbd_q   0x200016d8        0x4 CMakeFiles/TalonFirmware.dir/C_/Users/David_Zaha/Desktop/2022_school_year/YWISE/pico-sdk/lib/tinyusb/src/device/usbd.c.obj
 .bss._usbd_qdef_buf
                0x200016dc       0xc0 CMakeFiles/TalonFirmware.dir/C_/Users/David_Zaha/Desktop/2022_school_year/YWISE/pico-sdk/lib/tinyusb/src/device/usbd.c.obj
                0x200016dc                _usbd_qdef_buf
 .bss.alarm_callbacks
                0x2000179c       0x10 CMakeFiles/TalonFirmware.dir/C_/Users/David_Zaha/Desktop/2022_school_year/YWISE/pico-sdk/src/rp2_common/hardware_timer/timer.c.obj
 .bss.boot2_copyout
                0x200017ac      0x100 CMakeFiles/TalonFirmware.dir/C_/Users/David_Zaha/Desktop/2022_school_year/YWISE/pico-sdk/src/rp2_common/hardware_flash/flash.c.obj
 .bss.callbacks
                0x200018ac        0x8 CMakeFiles/TalonFirmware.dir/C_/Users/David_Zaha/Desktop/2022_school_year/YWISE/pico-sdk/src/rp2_common/hardware_gpio/gpio.c.obj
 .bss.chars_available_callback
                0x200018b4        0x4 CMakeFiles/TalonFirmware.dir/C_/Users/David_Zaha/Desktop/2022_school_year/YWISE/pico-sdk/src/rp2_common/pico_stdio_usb/stdio_usb.c.obj
 .bss.chars_available_param
                0x200018b8        0x4 CMakeFiles/TalonFirmware.dir/C_/Users/David_Zaha/Desktop/2022_school_year/YWISE/pico-sdk/src/rp2_common/pico_stdio_usb/stdio_usb.c.obj
 .bss.claimed   0x200018bc        0x4 CMakeFiles/TalonFirmware.dir/C_/Users/David_Zaha/Desktop/2022_school_year/YWISE/pico-sdk/src/rp2_common/hardware_sync/sync.c.obj
 .bss.data      0x200018c0       0x16 CMakeFiles/TalonFirmware.dir/main.c.obj
                0x200018c0                data
 *fill*         0x200018d6        0x2 
 .bss.default_alarm_pool_entry_ids_high
                0x200018d8       0x10 CMakeFiles/TalonFirmware.dir/C_/Users/David_Zaha/Desktop/2022_school_year/YWISE/pico-sdk/src/common/pico_time/time.c.obj
 .bss.default_alarm_pool_heap_nodes
                0x200018e8       0x30 CMakeFiles/TalonFirmware.dir/C_/Users/David_Zaha/Desktop/2022_school_year/YWISE/pico-sdk/src/common/pico_time/time.c.obj
 .bss.desc_str.0
                0x20001918       0x28 CMakeFiles/TalonFirmware.dir/C_/Users/David_Zaha/Desktop/2022_school_year/YWISE/pico-sdk/src/rp2_common/pico_stdio_usb/stdio_usb_descriptors.c.obj
 .bss.drivers   0x20001940        0x4 CMakeFiles/TalonFirmware.dir/C_/Users/David_Zaha/Desktop/2022_school_year/YWISE/pico-sdk/src/rp2_common/pico_stdio/stdio.c.obj
 .bss.e15_last_sof
                0x20001944        0x4 CMakeFiles/TalonFirmware.dir/C_/Users/David_Zaha/Desktop/2022_school_year/YWISE/pico-sdk/lib/tinyusb/src/portable/raspberrypi/rp2040/rp2040_usb.c.obj
                0x20001944                e15_last_sof
 .bss.filter    0x20001948        0x4 CMakeFiles/TalonFirmware.dir/C_/Users/David_Zaha/Desktop/2022_school_year/YWISE/pico-sdk/src/rp2_common/pico_stdio/stdio.c.obj
 .bss.hw_endpoints
                0x2000194c      0x400 CMakeFiles/TalonFirmware.dir/C_/Users/David_Zaha/Desktop/2022_school_year/YWISE/pico-sdk/lib/tinyusb/src/portable/raspberrypi/rp2040/dcd_rp2040.c.obj
 .bss.lazy_vsnprintf
                0x20001d4c        0x4 CMakeFiles/TalonFirmware.dir/C_/Users/David_Zaha/Desktop/2022_school_year/YWISE/pico-sdk/src/rp2_common/pico_printf/printf.c.obj
 .bss.load_value
                0x20001d50        0x4 CMakeFiles/TalonFirmware.dir/C_/Users/David_Zaha/Desktop/2022_school_year/YWISE/pico-sdk/src/rp2_common/hardware_watchdog/watchdog.c.obj
 .bss.next_buffer_ptr
                0x20001d54        0x4 CMakeFiles/TalonFirmware.dir/C_/Users/David_Zaha/Desktop/2022_school_year/YWISE/pico-sdk/lib/tinyusb/src/portable/raspberrypi/rp2040/dcd_rp2040.c.obj
 .bss.object.0  0x20001d58       0x18 c:/progra~2/arm gnu toolchain arm-none-eabi/12.2 rel1/bin/../lib/gcc/arm-none-eabi/12.2.1/thumb/v6-m/nofp/crtbegin.o
 .bss.one_shot_timer_crit_sec
                0x20001d70        0x8 CMakeFiles/TalonFirmware.dir/C_/Users/David_Zaha/Desktop/2022_school_year/YWISE/pico-sdk/src/rp2_common/pico_stdio_usb/stdio_usb.c.obj
 .bss.pools     0x20001d78       0x10 CMakeFiles/TalonFirmware.dir/C_/Users/David_Zaha/Desktop/2022_school_year/YWISE/pico-sdk/src/common/pico_time/time.c.obj
 .bss.raw_irq_mask
                0x20001d88        0x8 CMakeFiles/TalonFirmware.dir/C_/Users/David_Zaha/Desktop/2022_school_year/YWISE/pico-sdk/src/rp2_common/hardware_gpio/gpio.c.obj
 .bss.retrieved_id
                0x20001d90        0x8 CMakeFiles/TalonFirmware.dir/C_/Users/David_Zaha/Desktop/2022_school_year/YWISE/pico-sdk/src/rp2_common/pico_unique_id/unique_id.c.obj
 .bss.sf_clz_func
                0x20001d98        0x4 CMakeFiles/TalonFirmware.dir/C_/Users/David_Zaha/Desktop/2022_school_year/YWISE/pico-sdk/src/rp2_common/pico_double/double_init_rom.c.obj
                0x20001d98                sf_clz_func
 .bss.sleep_notifier
                0x20001d9c        0x4 CMakeFiles/TalonFirmware.dir/C_/Users/David_Zaha/Desktop/2022_school_year/YWISE/pico-sdk/src/common/pico_time/time.c.obj
 .bss.soc       0x20001da0        0x4 CMakeFiles/TalonFirmware.dir/main.c.obj
                0x20001da0                soc
 .bss.stdio_usb_mutex
                0x20001da4        0x8 CMakeFiles/TalonFirmware.dir/C_/Users/David_Zaha/Desktop/2022_school_year/YWISE/pico-sdk/src/rp2_common/pico_stdio_usb/stdio_usb.c.obj
 .bss.target_hi
                0x20001dac       0x10 CMakeFiles/TalonFirmware.dir/C_/Users/David_Zaha/Desktop/2022_school_year/YWISE/pico-sdk/src/rp2_common/hardware_timer/timer.c.obj
 .bss.uart_char_to_line_feed
                0x20001dbc        0x4 CMakeFiles/TalonFirmware.dir/C_/Users/David_Zaha/Desktop/2022_school_year/YWISE/pico-sdk/src/rp2_common/hardware_uart/uart.c.obj
                0x20001dbc                uart_char_to_line_feed
 .bss.usbd_serial_str
                0x20001dc0       0x11 CMakeFiles/TalonFirmware.dir/C_/Users/David_Zaha/Desktop/2022_school_year/YWISE/pico-sdk/src/rp2_common/pico_stdio_usb/stdio_usb_descriptors.c.obj
 *fill*         0x20001dd1        0x3 
 .bss.voltage   0x20001dd4        0x4 CMakeFiles/TalonFirmware.dir/main.c.obj
                0x20001dd4                voltage
 .bss._app_driver_count
                0x20001dd8        0x1 CMakeFiles/TalonFirmware.dir/C_/Users/David_Zaha/Desktop/2022_school_year/YWISE/pico-sdk/lib/tinyusb/src/device/usbd.c.obj
 .bss._sof_enable
                0x20001dd9        0x1 CMakeFiles/TalonFirmware.dir/C_/Users/David_Zaha/Desktop/2022_school_year/YWISE/pico-sdk/lib/tinyusb/src/portable/raspberrypi/rp2040/dcd_rp2040.c.obj
 .bss.boot2_copyout_valid
                0x20001dda        0x1 CMakeFiles/TalonFirmware.dir/C_/Users/David_Zaha/Desktop/2022_school_year/YWISE/pico-sdk/src/rp2_common/hardware_flash/flash.c.obj
 .bss.claimed   0x20001ddb        0x1 CMakeFiles/TalonFirmware.dir/C_/Users/David_Zaha/Desktop/2022_school_year/YWISE/pico-sdk/src/rp2_common/hardware_timer/timer.c.obj
 .bss.first_drdy_fall_detected
                0x20001ddc        0x1 CMakeFiles/TalonFirmware.dir/main.c.obj