Archive member included to satisfy reference by file (symbol)

/usr/lib/gcc/arm-none-eabi/12.2.0/thumb/v6-m/nofp/libgcc.a(_dvmd_tls.o)
                              CMakeFiles/TalonFirmware.dir/home/raahi/pico-sdk/src/rp2_common/pico_divider/divider.S.obj (__aeabi_idiv0)
/usr/lib/gcc/arm-none-eabi/12.2.0/../../../../arm-none-eabi/lib/thumb/v6-m/nofp/libc.a(libc_a-atexit.o)
                              /usr/lib/gcc/arm-none-eabi/12.2.0/../../../../arm-none-eabi/lib/thumb/v6-m/nofp/crt0.o (atexit)
/usr/lib/gcc/arm-none-eabi/12.2.0/../../../../arm-none-eabi/lib/thumb/v6-m/nofp/libc.a(libc_a-calloc.o)
                              CMakeFiles/TalonFirmware.dir/home/raahi/pico-sdk/src/rp2_common/pico_malloc/pico_malloc.c.obj (calloc)
/usr/lib/gcc/arm-none-eabi/12.2.0/../../../../arm-none-eabi/lib/thumb/v6-m/nofp/libc.a(libc_a-callocr.o)
                              /usr/lib/gcc/arm-none-eabi/12.2.0/../../../../arm-none-eabi/lib/thumb/v6-m/nofp/libc.a(libc_a-calloc.o) (_calloc_r)
/usr/lib/gcc/arm-none-eabi/12.2.0/../../../../arm-none-eabi/lib/thumb/v6-m/nofp/libc.a(libc_a-malloc.o)
                              CMakeFiles/TalonFirmware.dir/home/raahi/pico-sdk/src/rp2_common/pico_malloc/pico_malloc.c.obj (malloc)
/usr/lib/gcc/arm-none-eabi/12.2.0/../../../../arm-none-eabi/lib/thumb/v6-m/nofp/libc.a(libc_a-mallocr.o)
                              /usr/lib/gcc/arm-none-eabi/12.2.0/../../../../arm-none-eabi/lib/thumb/v6-m/nofp/libc.a(libc_a-callocr.o) (_malloc_r)
/usr/lib/gcc/arm-none-eabi/12.2.0/../../../../arm-none-eabi/lib/thumb/v6-m/nofp/libc.a(libc_a-mlock.o)
                              /usr/lib/gcc/arm-none-eabi/12.2.0/../../../../arm-none-eabi/lib/thumb/v6-m/nofp/libc.a(libc_a-mallocr.o) (__malloc_lock)
/usr/lib/gcc/arm-none-eabi/12.2.0/../../../../arm-none-eabi/lib/thumb/v6-m/nofp/libc.a(libc_a-realloc.o)
                              CMakeFiles/TalonFirmware.dir/home/raahi/pico-sdk/src/rp2_common/pico_malloc/pico_malloc.c.obj (realloc)
/usr/lib/gcc/arm-none-eabi/12.2.0/../../../../arm-none-eabi/lib/thumb/v6-m/nofp/libc.a(libc_a-reallocr.o)
                              /usr/lib/gcc/arm-none-eabi/12.2.0/../../../../arm-none-eabi/lib/thumb/v6-m/nofp/libc.a(libc_a-realloc.o) (_realloc_r)
/usr/lib/gcc/arm-none-eabi/12.2.0/../../../../arm-none-eabi/lib/thumb/v6-m/nofp/libc.a(libc_a-memmove.o)
                              /usr/lib/gcc/arm-none-eabi/12.2.0/../../../../arm-none-eabi/lib/thumb/v6-m/nofp/libc.a(libc_a-reallocr.o) (memmove)
/usr/lib/gcc/arm-none-eabi/12.2.0/../../../../arm-none-eabi/lib/thumb/v6-m/nofp/libc.a(libc_a-impure.o)
                              /usr/lib/gcc/arm-none-eabi/12.2.0/../../../../arm-none-eabi/lib/thumb/v6-m/nofp/libc.a(libc_a-calloc.o) (_impure_ptr)
/usr/lib/gcc/arm-none-eabi/12.2.0/../../../../arm-none-eabi/lib/thumb/v6-m/nofp/libc.a(libc_a-sbrkr.o)
                              /usr/lib/gcc/arm-none-eabi/12.2.0/../../../../arm-none-eabi/lib/thumb/v6-m/nofp/libc.a(libc_a-mallocr.o) (_sbrk_r)
/usr/lib/gcc/arm-none-eabi/12.2.0/../../../../arm-none-eabi/lib/thumb/v6-m/nofp/libc.a(libc_a-errno.o)
                              /usr/lib/gcc/arm-none-eabi/12.2.0/../../../../arm-none-eabi/lib/thumb/v6-m/nofp/libc.a(libc_a-callocr.o) (__errno)
/usr/lib/gcc/arm-none-eabi/12.2.0/../../../../arm-none-eabi/lib/thumb/v6-m/nofp/libc.a(libc_a-init.o)
                              /usr/lib/gcc/arm-none-eabi/12.2.0/../../../../arm-none-eabi/lib/thumb/v6-m/nofp/crt0.o (__libc_init_array)
/usr/lib/gcc/arm-none-eabi/12.2.0/../../../../arm-none-eabi/lib/thumb/v6-m/nofp/libc.a(libc_a-fini.o)
                              /usr/lib/gcc/arm-none-eabi/12.2.0/../../../../arm-none-eabi/lib/thumb/v6-m/nofp/crt0.o (__libc_fini_array)
/usr/lib/gcc/arm-none-eabi/12.2.0/../../../../arm-none-eabi/lib/thumb/v6-m/nofp/libc.a(libc_a-lock.o)
                              /usr/lib/gcc/arm-none-eabi/12.2.0/../../../../arm-none-eabi/lib/thumb/v6-m/nofp/libc.a(libc_a-mlock.o) (__retarget_lock_acquire_recursive)
/usr/lib/gcc/arm-none-eabi/12.2.0/../../../../arm-none-eabi/lib/thumb/v6-m/nofp/libc.a(libc_a-sysconf.o)
                              /usr/lib/gcc/arm-none-eabi/12.2.0/../../../../arm-none-eabi/lib/thumb/v6-m/nofp/libc.a(libc_a-mallocr.o) (sysconf)
/usr/lib/gcc/arm-none-eabi/12.2.0/../../../../arm-none-eabi/lib/thumb/v6-m/nofp/libc.a(libc_a-strlen-stub.o)
                              CMakeFiles/TalonFirmware.dir/home/raahi/pico-sdk/src/rp2_common/pico_stdio/stdio.c.obj (strlen)
/usr/lib/gcc/arm-none-eabi/12.2.0/../../../../arm-none-eabi/lib/thumb/v6-m/nofp/libc.a(libc_a-__atexit.o)
                              /usr/lib/gcc/arm-none-eabi/12.2.0/../../../../arm-none-eabi/lib/thumb/v6-m/nofp/libc.a(libc_a-atexit.o) (__register_exitproc)
/usr/lib/gcc/arm-none-eabi/12.2.0/../../../../arm-none-eabi/lib/thumb/v6-m/nofp/libc.a(libc_a-__call_atexit.o)
                              /usr/lib/gcc/arm-none-eabi/12.2.0/../../../../arm-none-eabi/lib/thumb/v6-m/nofp/libc.a(libc_a-__atexit.o) (__atexit_recursive_mutex)
[...]
Memory Configuration

Name             Origin             Length             Attributes
FLASH            0x10000000         0x00200000         xr
RAM              0x20000000         0x00040000         xrw
SCRATCH_X        0x20040000         0x00001000         xrw
SCRATCH_Y        0x20041000         0x00001000         xrw
*default*        0x00000000         0xffffffff

Linker script and memory map

LOAD /usr/lib/gcc/arm-none-eabi/12.2.0/thumb/v6-m/nofp/crti.o
LOAD /usr/lib/gcc/arm-none-eabi/12.2.0/thumb/v6-m/nofp/crtbegin.o
LOAD /usr/lib/gcc/arm-none-eabi/12.2.0/../../../../arm-none-eabi/lib/thumb/v6-m/nofp/crt0.o

.flash_begin    0x10000000        0x0
                0x10000000                        __flash_binary_start = .

.boot2          0x10000000      0x100
                0x10000000                        __boot2_start__ = .
 *(.boot2)
 .boot2         0x10000000      0x100 /tmp/cc3ZxIte.o
                0x10000100                        __boot2_end__ = .
                0x00000001                        ASSERT (((__boot2_end__ - __boot2_start__) == 0x100), ERROR: Pico second stage bootloader must be 256 bytes in size)

.text           0x10000100     0x80f0
                0x10000100                        __logical_binary_start = .
 *(.vectors)
 .vectors       0x10000100       0xd4 CMakeFiles/TalonFirmware.dir/home/raahi/pico-sdk/src/rp2_common/pico_standard_link/crt0.S.obj
                0x10000100                __vectors
                0x10000100                __VECTOR_TABLE
                0x100001c0                isr_invalid
                0x100001c0                __default_isrs_start
                0x100001c2                isr_nmi
                0x100001c4                isr_hardfault
                0x100001c6                isr_svcall
                0x100001c8                isr_pendsv
                0x100001ca                isr_systick
                0x100001cc                isr_irq30
                0x100001cc                __unhandled_user_irq
                0x100001cc                isr_irq13
                0x100001cc                isr_irq27
                0x100001cc                isr_irq31
                0x100001cc                isr_irq5
                0x100001cc                isr_irq11
                0x100001cc                isr_irq23
                0x100001cc                isr_irq18
                0x100001cc                isr_irq28
                0x100001cc                isr_irq19
                0x100001cc                isr_irq0
                0x100001cc                isr_irq6
                0x100001cc                isr_irq22
                0x100001cc                isr_irq17
                0x100001cc                isr_irq14
                0x100001cc                isr_irq2
                0x100001cc                isr_irq10
                0x100001cc                isr_irq8
                0x100001cc                isr_irq24
                0x100001cc                isr_irq1
                0x100001cc                isr_irq7
                0x100001cc                isr_irq21
                0x100001cc                isr_irq20
                0x100001cc                isr_irq15
                0x100001cc                isr_irq25
                0x100001cc                isr_irq4
                0x100001cc                isr_irq16
                0x100001cc                isr_irq29
                0x100001cc                isr_irq26
                0x100001cc                __default_isrs_end
                0x100001cc                isr_irq3
                0x100001cc                isr_irq12
                0x100001cc                isr_irq9
                0x100001d2                unhandled_user_irq_num_in_r0
 *(.binary_info_header)
 .binary_info_header
                0x100001d4       0x14 CMakeFiles/TalonFirmware.dir/home/raahi/pico-sdk/src/rp2_common/pico_standard_link/crt0.S.obj
                0x100001e8                        __binary_info_header_end = .
 *(.reset)
 .reset         0x100001e8       0xa0 CMakeFiles/TalonFirmware.dir/home/raahi/pico-sdk/src/rp2_common/pico_standard_link/crt0.S.obj
                0x100001e8                _entry_point
 .reset         0x10000288       0x30 CMakeFiles/TalonFirmware.dir/home/raahi/pico-sdk/src/rp2_common/pico_standard_link/binary_info.c.obj
 *(.init)
 .init          0x100002b8        0x4 /usr/lib/gcc/arm-none-eabi/12.2.0/thumb/v6-m/nofp/crti.o
                0x100002b8                _init
 *(EXCLUDE_FILE(*libm.a: *libc.a:*lib_a-mem*.o *libgcc.a:) .text*)
 .text.frame_dummy
                0x100002bc       0x20 /usr/lib/gcc/arm-none-eabi/12.2.0/thumb/v6-m/nofp/crtbegin.o
 .text.MAX17048_alert_handler
                0x100002dc       0x38 CMakeFiles/TalonFirmware.dir/main.c.obj
                0x100002dc                MAX17048_alert_handler
 .text.core1_main
                0x10000314       0x20 CMakeFiles/TalonFirmware.dir/main.c.obj
                0x10000314                core1_main
 .text.ADS1299_drdy_interrupt
                0x10000334       0x8c CMakeFiles/TalonFirmware.dir/main.c.obj
                0x10000334                ADS1299_drdy_interrupt
 .text.MAX17048_init
                0x100003c0       0x68 CMakeFiles/TalonFirmware.dir/main.c.obj
                0x100003c0                MAX17048_init
 .text.send_data
                0x10000428       0x98 CMakeFiles/TalonFirmware.dir/main.c.obj
                0x10000428                send_data
 .text.core1_interrupt_handler
                0x100004c0       0x30 CMakeFiles/TalonFirmware.dir/main.c.obj
                0x100004c0                core1_interrupt_handler
 .text.ADS1299_init
                0x100004f0      0x208 CMakeFiles/TalonFirmware.dir/main.c.obj
                0x100004f0                ADS1299_init
 .text.ESP12F_init_uart
                0x100006f8       0x24 CMakeFiles/TalonFirmware.dir/main.c.obj
                0x100006f8                ESP12F_init_uart
 .text.ESP12F_init_spi
                0x1000071c       0x58 CMakeFiles/TalonFirmware.dir/main.c.obj
                0x1000071c                ESP12F_init_spi
 .text.startup.main
                0x10000774      0x10c CMakeFiles/TalonFirmware.dir/main.c.obj
                0x10000774                main
 .text.gpio_default_irq_handler
                0x10000880      0x220 CMakeFiles/TalonFirmware.dir/home/raahi/pico-sdk/src/rp2_common/hardware_gpio/gpio.c.obj
 .text.gpio_set_function
                0x10000aa0       0x30 CMakeFiles/TalonFirmware.dir/home/raahi/pico-sdk/src/rp2_common/hardware_gpio/gpio.c.obj
                0x10000aa0                gpio_set_function
 .text.gpio_set_pulls
                0x10000ad0       0x24 CMakeFiles/TalonFirmware.dir/home/raahi/pico-sdk/src/rp2_common/hardware_gpio/gpio.c.obj
                0x10000ad0                gpio_set_pulls
 .text.gpio_set_irq_enabled
                0x10000af4       0x54 CMakeFiles/TalonFirmware.dir/home/raahi/pico-sdk/src/rp2_common/hardware_gpio/gpio.c.obj
                0x10000af4                gpio_set_irq_enabled
 .text.gpio_set_irq_enabled_with_callback
                0x10000b48       0xc4 CMakeFiles/TalonFirmware.dir/home/raahi/pico-sdk/src/rp2_common/hardware_gpio/gpio.c.obj
                0x10000b48                gpio_set_irq_enabled_with_callback
 .text.gpio_init
                0x10000c0c       0x3c CMakeFiles/TalonFirmware.dir/home/raahi/pico-sdk/src/rp2_common/hardware_gpio/gpio.c.obj
                0x10000c0c                gpio_init
 .text.running_on_fpga
                0x10000c48       0x10 CMakeFiles/TalonFirmware.dir/home/raahi/pico-sdk/src/rp2_common/pico_platform/platform.c.obj
                0x10000c48                running_on_fpga
 .text.hw_claim_or_assert
                0x10000c58       0x44 CMakeFiles/TalonFirmware.dir/home/raahi/pico-sdk/src/rp2_common/hardware_claim/claim.c.obj
                0x10000c58                hw_claim_or_assert
 .text.hw_claim_unused_from_range
                0x10000c9c       0x9c CMakeFiles/TalonFirmware.dir/home/raahi/pico-sdk/src/rp2_common/hardware_claim/claim.c.obj
                0x10000c9c                hw_claim_unused_from_range
 .text.spin_locks_reset
                0x10000d38       0x1c CMakeFiles/TalonFirmware.dir/home/raahi/pico-sdk/src/rp2_common/hardware_sync/sync.c.obj
                0x10000d38                spin_locks_reset
 .text.next_striped_spin_lock_num
                0x10000d54       0x18 CMakeFiles/TalonFirmware.dir/home/raahi/pico-sdk/src/rp2_common/hardware_sync/sync.c.obj
                0x10000d54                next_striped_spin_lock_num
 .text.spin_lock_claim_unused
                0x10000d6c       0x24 CMakeFiles/TalonFirmware.dir/home/raahi/pico-sdk/src/rp2_common/hardware_sync/sync.c.obj
                0x10000d6c                spin_lock_claim_unused
 .text.irq_set_enabled
                0x10000d90       0x24 CMakeFiles/TalonFirmware.dir/home/raahi/pico-sdk/src/rp2_common/hardware_irq/irq.c.obj
                0x10000d90                irq_set_enabled
 .text.irq_is_enabled
                0x10000db4       0x18 CMakeFiles/TalonFirmware.dir/home/raahi/pico-sdk/src/rp2_common/hardware_irq/irq.c.obj
                0x10000db4                irq_is_enabled
 .text.irq_set_pending
                0x10000dcc       0x10 CMakeFiles/TalonFirmware.dir/home/raahi/pico-sdk/src/rp2_common/hardware_irq/irq.c.obj
                0x10000dcc                irq_set_pending
 .text.irq_has_shared_handler
                0x10000ddc       0x2c CMakeFiles/TalonFirmware.dir/home/raahi/pico-sdk/src/rp2_common/hardware_irq/irq.c.obj
                0x10000ddc                irq_has_shared_handler
 .text.irq_get_vtable_handler
                0x10000e08       0x10 CMakeFiles/TalonFirmware.dir/home/raahi/pico-sdk/src/rp2_common/hardware_irq/irq.c.obj
                0x10000e08                irq_get_vtable_handler
 .text.irq_set_exclusive_handler
                0x10000e18       0x54 CMakeFiles/TalonFirmware.dir/home/raahi/pico-sdk/src/rp2_common/hardware_irq/irq.c.obj
                0x10000e18                irq_set_exclusive_handler
 .text.irq_add_shared_handler
                0x10000e6c      0x1e0 CMakeFiles/TalonFirmware.dir/home/raahi/pico-sdk/src/rp2_common/hardware_irq/irq.c.obj
                0x10000e6c                irq_add_shared_handler
 .text.irq_remove_handler
                0x1000104c      0x1c4 CMakeFiles/TalonFirmware.dir/home/raahi/pico-sdk/src/rp2_common/hardware_irq/irq.c.obj
                0x1000104c                irq_remove_handler
 .text.irq_add_tail_to_free_list
                0x10001210       0xb4 CMakeFiles/TalonFirmware.dir/home/raahi/pico-sdk/src/rp2_common/hardware_irq/irq.c.obj
                0x10001210                irq_add_tail_to_free_list
 .text.irq_init_priorities
                0x100012c4       0x24 CMakeFiles/TalonFirmware.dir/home/raahi/pico-sdk/src/rp2_common/hardware_irq/irq.c.obj
                0x100012c4                irq_init_priorities
 .text.user_irq_claim_unused
                0x100012e8       0x2c CMakeFiles/TalonFirmware.dir/home/raahi/pico-sdk/src/rp2_common/hardware_irq/irq.c.obj
                0x100012e8                user_irq_claim_unused
 .text.lock_init
                0x10001314       0x10 CMakeFiles/TalonFirmware.dir/home/raahi/pico-sdk/src/common/pico_sync/lock_core.c.obj
                0x10001314                lock_init
 .text.mutex_init
                0x10001324       0x1c CMakeFiles/TalonFirmware.dir/home/raahi/pico-sdk/src/common/pico_sync/mutex.c.obj
                0x10001324                mutex_init
 .text.recursive_mutex_init
                0x10001340       0x1c CMakeFiles/TalonFirmware.dir/home/raahi/pico-sdk/src/common/pico_sync/mutex.c.obj
                0x10001340                recursive_mutex_init
 .text.critical_section_init
                0x1000135c       0x1c CMakeFiles/TalonFirmware.dir/home/raahi/pico-sdk/src/common/pico_sync/critical_section.c.obj
                0x1000135c                critical_section_init
 .text.critical_section_init_with_lock_num
                0x10001378       0x14 CMakeFiles/TalonFirmware.dir/home/raahi/pico-sdk/src/common/pico_sync/critical_section.c.obj
                0x10001378                critical_section_init_with_lock_num
 .text.timer_pool_entry_comparator
                0x1000138c       0x34 CMakeFiles/TalonFirmware.dir/home/raahi/pico-sdk/src/common/pico_time/time.c.obj
                0x1000138c                timer_pool_entry_comparator
 .text.sleep_until_callback
                0x100013c0       0x30 CMakeFiles/TalonFirmware.dir/home/raahi/pico-sdk/src/common/pico_time/time.c.obj
 .text.add_alarm_under_lock.isra.0
                0x100013f0       0xf8 CMakeFiles/TalonFirmware.dir/home/raahi/pico-sdk/src/common/pico_time/time.c.obj
 .text.alarm_pool_alarm_callback
                0x100014e8      0x1bc CMakeFiles/TalonFirmware.dir/home/raahi/pico-sdk/src/common/pico_time/time.c.obj
 .text.alarm_pool_init_default
                0x100016a4       0x6c CMakeFiles/TalonFirmware.dir/home/raahi/pico-sdk/src/common/pico_time/time.c.obj
                0x100016a4                alarm_pool_init_default
 .text.alarm_pool_get_default
                0x10001710        0x8 CMakeFiles/TalonFirmware.dir/home/raahi/pico-sdk/src/common/pico_time/time.c.obj
                0x10001710                alarm_pool_get_default
 .text.alarm_pool_add_alarm_at
                0x10001718      0x17c CMakeFiles/TalonFirmware.dir/home/raahi/pico-sdk/src/common/pico_time/time.c.obj
                0x10001718                alarm_pool_add_alarm_at
 .text.alarm_pool_cancel_alarm
                0x10001894       0x68 CMakeFiles/TalonFirmware.dir/home/raahi/pico-sdk/src/common/pico_time/time.c.obj
                0x10001894                alarm_pool_cancel_alarm
 .text.alarm_pool_core_num
                0x100018fc        0x4 CMakeFiles/TalonFirmware.dir/home/raahi/pico-sdk/src/common/pico_time/time.c.obj
                0x100018fc                alarm_pool_core_num
 .text.sleep_until
                0x10001900       0xc4 CMakeFiles/TalonFirmware.dir/home/raahi/pico-sdk/src/common/pico_time/time.c.obj
                0x10001900                sleep_until
 .text.sleep_us
                0x100019c4       0x28 CMakeFiles/TalonFirmware.dir/home/raahi/pico-sdk/src/common/pico_time/time.c.obj
                0x100019c4                sleep_us
 .text.sleep_ms
                0x100019ec       0x38 CMakeFiles/TalonFirmware.dir/home/raahi/pico-sdk/src/common/pico_time/time.c.obj
                0x100019ec                sleep_ms
 .text.best_effort_wfe_or_timeout
                0x10001a24       0x60 CMakeFiles/TalonFirmware.dir/home/raahi/pico-sdk/src/common/pico_time/time.c.obj
                0x10001a24                best_effort_wfe_or_timeout
 .text.hardware_alarm_irq_handler
                0x10001a84       0xbc CMakeFiles/TalonFirmware.dir/home/raahi/pico-sdk/src/rp2_common/hardware_timer/timer.c.obj
 .text.hardware_alarm_claim
                0x10001b40       0x18 CMakeFiles/TalonFirmware.dir/home/raahi/pico-sdk/src/rp2_common/hardware_timer/timer.c.obj
                0x10001b40                hardware_alarm_claim
 .text.time_us_64
                0x10001b58       0x14 CMakeFiles/TalonFirmware.dir/home/raahi/pico-sdk/src/rp2_common/hardware_timer/timer.c.obj
                0x10001b58                time_us_64
 .text.busy_wait_until
                0x10001b6c       0x20 CMakeFiles/TalonFirmware.dir/home/raahi/pico-sdk/src/rp2_common/hardware_timer/timer.c.obj
                0x10001b6c                busy_wait_until
 .text.hardware_alarm_set_callback
                0x10001b8c       0x8c CMakeFiles/TalonFirmware.dir/home/raahi/pico-sdk/src/rp2_common/hardware_timer/timer.c.obj
                0x10001b8c                hardware_alarm_set_callback
 .text.hardware_alarm_set_target
                0x10001c18       0xdc CMakeFiles/TalonFirmware.dir/home/raahi/pico-sdk/src/rp2_common/hardware_timer/timer.c.obj
                0x10001c18                hardware_alarm_set_target
 .text.hardware_alarm_cancel
                0x10001cf4       0x3c CMakeFiles/TalonFirmware.dir/home/raahi/pico-sdk/src/rp2_common/hardware_timer/timer.c.obj
                0x10001cf4                hardware_alarm_cancel
 .text.ph_merge_nodes
                0x10001d30       0x58 CMakeFiles/TalonFirmware.dir/home/raahi/pico-sdk/src/common/pico_util/pheap.c.obj
 .text.ph_post_alloc_init
                0x10001d88       0x3c CMakeFiles/TalonFirmware.dir/home/raahi/pico-sdk/src/common/pico_util/pheap.c.obj
                0x10001d88                ph_post_alloc_init
 .text.ph_merge_two_pass
                0x10001dc4       0x8c CMakeFiles/TalonFirmware.dir/home/raahi/pico-sdk/src/common/pico_util/pheap.c.obj
                0x10001dc4                ph_merge_two_pass
 .text.ph_remove_any_head
                0x10001e50      0x100 CMakeFiles/TalonFirmware.dir/home/raahi/pico-sdk/src/common/pico_util/pheap.c.obj
 .text.ph_remove_head
                0x10001f50      0x104 CMakeFiles/TalonFirmware.dir/home/raahi/pico-sdk/src/common/pico_util/pheap.c.obj
                0x10001f50                ph_remove_head
 .text.ph_remove_and_free_node
                0x10002054       0x78 CMakeFiles/TalonFirmware.dir/home/raahi/pico-sdk/src/common/pico_util/pheap.c.obj
                0x10002054                ph_remove_and_free_node
 .text.uart_init
                0x100020cc       0xe0 CMakeFiles/TalonFirmware.dir/home/raahi/pico-sdk/src/rp2_common/hardware_uart/uart.c.obj
                0x100020cc                uart_init
 .text.clocks_init
                0x100021ac      0x2b4 CMakeFiles/TalonFirmware.dir/home/raahi/pico-sdk/src/rp2_common/hardware_clocks/clocks.c.obj
                0x100021ac                clocks_init
 .text.clock_get_hz
                0x10002460        0xc CMakeFiles/TalonFirmware.dir/home/raahi/pico-sdk/src/rp2_common/hardware_clocks/clocks.c.obj
                0x10002460                clock_get_hz
 .text.pll_init
                0x1000246c       0xa8 CMakeFiles/TalonFirmware.dir/home/raahi/pico-sdk/src/rp2_common/hardware_pll/pll.c.obj
                0x1000246c                pll_init
 .text.watchdog_start_tick
                0x10002514       0x10 CMakeFiles/TalonFirmware.dir/home/raahi/pico-sdk/src/rp2_common/hardware_watchdog/watchdog.c.obj
                0x10002514                watchdog_start_tick
 .text.watchdog_reboot
                0x10002524       0x9c CMakeFiles/TalonFirmware.dir/home/raahi/pico-sdk/src/rp2_common/hardware_watchdog/watchdog.c.obj
                0x10002524                watchdog_reboot
 .text.xosc_init
                0x100025c0       0x28 CMakeFiles/TalonFirmware.dir/home/raahi/pico-sdk/src/rp2_common/hardware_xosc/xosc.c.obj
                0x100025c0                xosc_init
 .text.runtime_init
                0x100025e8       0xec CMakeFiles/TalonFirmware.dir/home/raahi/pico-sdk/src/rp2_common/pico_runtime/runtime.c.obj
                0x100025e8                runtime_init
 .text._exit    0x100026d4        0x4 CMakeFiles/TalonFirmware.dir/home/raahi/pico-sdk/src/rp2_common/pico_runtime/runtime.c.obj
                0x100026d4                _exit
 .text.exit     0x100026d8        0x8 CMakeFiles/TalonFirmware.dir/home/raahi/pico-sdk/src/rp2_common/pico_runtime/runtime.c.obj
                0x100026d8                exit
 .text.panic    0x100026e0       0x30 CMakeFiles/TalonFirmware.dir/home/raahi/pico-sdk/src/rp2_common/pico_runtime/runtime.c.obj
                0x100026e0                panic
 .text.hard_assertion_failure
                0x10002710        0xc CMakeFiles/TalonFirmware.dir/home/raahi/pico-sdk/src/rp2_common/pico_runtime/runtime.c.obj
                0x10002710                hard_assertion_failure
 .text._out_null
                0x1000271c        0x4 CMakeFiles/TalonFirmware.dir/home/raahi/pico-sdk/src/rp2_common/pico_printf/printf.c.obj
 .text._out_rev
                0x10002720       0x90 CMakeFiles/TalonFirmware.dir/home/raahi/pico-sdk/src/rp2_common/pico_printf/printf.c.obj
 .text._ntoa_format
                0x100027b0      0x208 CMakeFiles/TalonFirmware.dir/home/raahi/pico-sdk/src/rp2_common/pico_printf/printf.c.obj
 .text._out_char
                0x100029b8       0x10 CMakeFiles/TalonFirmware.dir/home/raahi/pico-sdk/src/rp2_common/pico_printf/printf.c.obj
 .text._out_fct
                0x100029c8       0x10 CMakeFiles/TalonFirmware.dir/home/raahi/pico-sdk/src/rp2_common/pico_printf/printf.c.obj
 .text._etoa    0x100029d8      0x464 CMakeFiles/TalonFirmware.dir/home/raahi/pico-sdk/src/rp2_common/pico_printf/printf.c.obj
 .text._ftoa    0x10002e3c      0x3c4 CMakeFiles/TalonFirmware.dir/home/raahi/pico-sdk/src/rp2_common/pico_printf/printf.c.obj
 .text._vsnprintf
                0x10003200      0xc18 CMakeFiles/TalonFirmware.dir/home/raahi/pico-sdk/src/rp2_common/pico_printf/printf.c.obj
 .text.vfctprintf
                0x10003e18       0x20 CMakeFiles/TalonFirmware.dir/home/raahi/pico-sdk/src/rp2_common/pico_printf/printf.c.obj
                0x10003e18                vfctprintf
 .text.weak_raw_vprintf
                0x10003e38       0x30 CMakeFiles/TalonFirmware.dir/home/raahi/pico-sdk/src/rp2_common/pico_printf/printf.c.obj
                0x10003e38                weak_raw_vprintf
 .text          0x10003e68       0x10 CMakeFiles/TalonFirmware.dir/home/raahi/pico-sdk/src/rp2_common/pico_bit_ops/bit_ops_aeabi.S.obj
 .text.rom_func_lookup
                0x10003e78       0x10 CMakeFiles/TalonFirmware.dir/home/raahi/pico-sdk/src/rp2_common/pico_bootrom/bootrom.c.obj
                0x10003e78                rom_func_lookup
 .text.rom_data_lookup
                0x10003e88       0x10 CMakeFiles/TalonFirmware.dir/home/raahi/pico-sdk/src/rp2_common/pico_bootrom/bootrom.c.obj
                0x10003e88                rom_data_lookup
 .text.rom_funcs_lookup
                0x10003e98       0x44 CMakeFiles/TalonFirmware.dir/home/raahi/pico-sdk/src/rp2_common/pico_bootrom/bootrom.c.obj
                0x10003e98                rom_funcs_lookup
 .text.__wrap___aeabi_idiv
                0x10003edc       0x50 CMakeFiles/TalonFirmware.dir/home/raahi/pico-sdk/src/rp2_common/pico_divider/divider.S.obj
                0x10003edc                __wrap___aeabi_idivmod
                0x10003edc                divmod_s32s32
                0x10003edc                div_s32s32
                0x10003edc                __wrap___aeabi_idiv
                0x10003ee4                divmod_s32s32_unsafe
                0x10003f10                divmod_s32s32_savestate
 .text.__wrap___aeabi_uidiv
                0x10003f2c       0x4c CMakeFiles/TalonFirmware.dir/home/raahi/pico-sdk/src/rp2_common/pico_divider/divider.S.obj
                0x10003f2c                __wrap___aeabi_uidiv
                0x10003f2c                __wrap___aeabi_uidivmod
                0x10003f2c                div_u32u32
                0x10003f2c                divmod_u32u32
                0x10003f34                divmod_u32u32_unsafe
                0x10003f5c                divmod_u32u32_savestate
 .text.__wrap___aeabi_ldiv
                0x10003f78      0x424 CMakeFiles/TalonFirmware.dir/home/raahi/pico-sdk/src/rp2_common/pico_divider/divider.S.obj
                0x10003f78                div_s64s64
                0x10003f78                divmod_s64s64
                0x10003f78                __wrap___aeabi_ldivmod
                0x10003fa8                div_u64u64
                0x10003fa8                divmod_u64u64
                0x10003fa8                __wrap___aeabi_uldivmod
                0x10003fb8                divmod_u64u64_savestate
                0x10003fd8                divmod_s64s64_unsafe
                0x10004060                divmod_u64u64_unsafe
 .text.__wrap___aeabi_darithmetic
                0x1000439c       0x80 CMakeFiles/TalonFirmware.dir/home/raahi/pico-sdk/src/rp2_common/pico_double/double_aeabi.S.obj
                0x1000439c                __wrap___aeabi_drsub
                0x100043a2                __wrap___aeabi_dsub
                0x100043b4                __wrap___aeabi_dadd
                0x100043c6                __wrap___aeabi_ddiv
                0x10004402                __wrap___aeabi_dmul
 .text.__wrap___aeabi_cdcmple
                0x1000441c       0x6c CMakeFiles/TalonFirmware.dir/home/raahi/pico-sdk/src/rp2_common/pico_double/double_aeabi.S.obj
                0x1000441c                __wrap___aeabi_cdrcmple
                0x1000442c                __wrap___aeabi_cdcmple
                0x1000442c                __wrap___aeabi_cdcmpeq
 .text.__wrap___aeabi_dcmplt
                0x10004488        0xc CMakeFiles/TalonFirmware.dir/home/raahi/pico-sdk/src/rp2_common/pico_double/double_aeabi.S.obj
                0x10004488                __wrap___aeabi_dcmplt
 .text.__wrap___aeabi_dcmpge
                0x10004494       0x10 CMakeFiles/TalonFirmware.dir/home/raahi/pico-sdk/src/rp2_common/pico_double/double_aeabi.S.obj
                0x10004494                __wrap___aeabi_dcmpge
 .text.__wrap___aeabi_dcmpgt
                0x100044a4        0xa CMakeFiles/TalonFirmware.dir/home/raahi/pico-sdk/src/rp2_common/pico_double/double_aeabi.S.obj
                0x100044a4                __wrap___aeabi_dcmpgt
 .text.__wrap___aeabi_dcmpun
                0x100044ae       0x1c CMakeFiles/TalonFirmware.dir/home/raahi/pico-sdk/src/rp2_common/pico_double/double_aeabi.S.obj
                0x100044ae                __wrap___aeabi_dcmpun
 *fill*         0x100044ca        0x2 
 .text.__wrap___aeabi_i2d
                0x100044cc       0x38 CMakeFiles/TalonFirmware.dir/home/raahi/pico-sdk/src/rp2_common/pico_double/double_aeabi.S.obj
                0x100044cc                __wrap___aeabi_ui2d
                0x100044d4                __wrap___aeabi_i2d
 .text.__wrap___aeabi_d2iz
                0x10004504       0x48 CMakeFiles/TalonFirmware.dir/home/raahi/pico-sdk/src/rp2_common/pico_double/double_aeabi.S.obj
                0x10004504                __wrap___aeabi_d2iz
                0x10004504                double2int_z
 .text.__wrap___aeabi_d2uiz
                0x1000454c       0x18 CMakeFiles/TalonFirmware.dir/home/raahi/pico-sdk/src/rp2_common/pico_double/double_aeabi.S.obj
                0x1000454c                double2uint
                0x1000454c                __wrap___aeabi_d2uiz
 .text.__wrap___aeabi_d2f
                0x10004564       0x18 CMakeFiles/TalonFirmware.dir/home/raahi/pico-sdk/src/rp2_common/pico_double/double_aeabi.S.obj
                0x10004564                __wrap___aeabi_d2f
 .text.__aeabi_double_init
                0x1000457c       0x98 CMakeFiles/TalonFirmware.dir/home/raahi/pico-sdk/src/rp2_common/pico_double/double_init_rom.c.obj
                0x1000457c                __aeabi_double_init
 .text.double_table_shim_on_use_helper
                0x10004614       0x2c CMakeFiles/TalonFirmware.dir/home/raahi/pico-sdk/src/rp2_common/pico_double/double_v1_rom_shim.S.obj
                0x10004614                double_table_shim_on_use_helper
 .text.__wrap___aeabi_dsub
                0x10004640       0x10 CMakeFiles/TalonFirmware.dir/home/raahi/pico-sdk/src/rp2_common/pico_double/double_v1_rom_shim.S.obj
                0x10004640                drsub_shim
                0x10004646                dsub_shim
 .text.dadd_shim
                0x10004650      0x15c CMakeFiles/TalonFirmware.dir/home/raahi/pico-sdk/src/rp2_common/pico_double/double_v1_rom_shim.S.obj
                0x10004650                dadd_shim
 .text.dmul_shim
                0x100047ac      0x15c CMakeFiles/TalonFirmware.dir/home/raahi/pico-sdk/src/rp2_common/pico_double/double_v1_rom_shim.S.obj
                0x100047ac                dmul_shim
 .text.ddiv_shim
                0x10004908      0x1b0 CMakeFiles/TalonFirmware.dir/home/raahi/pico-sdk/src/rp2_common/pico_double/double_v1_rom_shim.S.obj
                0x10004908                ddiv_shim
 .text.double2uint_shim
                0x10004ab8        0xe CMakeFiles/TalonFirmware.dir/home/raahi/pico-sdk/src/rp2_common/pico_double/double_v1_rom_shim.S.obj
                0x10004ab8                double2uint_shim
                0x10004aba                double2ufix_shim
 *fill*         0x10004ac6        0x2 
 .text.double2uint64_shim
                0x10004ac8       0x70 CMakeFiles/TalonFirmware.dir/home/raahi/pico-sdk/src/rp2_common/pico_double/double_v1_rom_shim.S.obj
                0x10004ac8                double2uint64_shim
                0x10004aca                double2ufix64_shim
                0x10004aea                d2fix_a
 .text.double2float_shim
                0x10004b38       0x5c CMakeFiles/TalonFirmware.dir/home/raahi/pico-sdk/src/rp2_common/pico_double/double_v1_rom_shim.S.obj
                0x10004b38                double2float_shim
 .text.dunpacks
                0x10004b94       0x3c CMakeFiles/TalonFirmware.dir/home/raahi/pico-sdk/src/rp2_common/pico_double/double_v1_rom_shim.S.obj
                0x10004b94                dunpacks
 .text.__aeabi_lmul
                0x10004bd0       0x32 CMakeFiles/TalonFirmware.dir/home/raahi/pico-sdk/src/rp2_common/pico_int64_ops/pico_int64_ops_aeabi.S.obj
                0x10004bd0                __wrap___aeabi_lmul
 *fill*         0x10004c02        0x2 
 .text.__wrap___aeabi_farithmetic
                0x10004c04       0x48 CMakeFiles/TalonFirmware.dir/home/raahi/pico-sdk/src/rp2_common/pico_float/float_aeabi.S.obj
                0x10004c04                __wrap___aeabi_frsub
                0x10004c0a                __wrap___aeabi_fsub
                0x10004c10                __wrap___aeabi_fadd
                0x10004c16                __wrap___aeabi_fdiv
                0x10004c3e                __wrap___aeabi_fmul
 .text.__wrap___aeabi_ui2f
                0x10004c4c        0xa CMakeFiles/TalonFirmware.dir/home/raahi/pico-sdk/src/rp2_common/pico_float/float_aeabi.S.obj
                0x10004c4c                __wrap___aeabi_ui2f
 *fill*         0x10004c56        0x2 
 .text.__wrap___aeabi_i2f
                0x10004c58       0x44 CMakeFiles/TalonFirmware.dir/home/raahi/pico-sdk/src/rp2_common/pico_float/float_aeabi.S.obj
                0x10004c58                __wrap___aeabi_i2f
 .text.__wrap___aeabi_f2uiz
                0x10004c9c        0xc CMakeFiles/TalonFirmware.dir/home/raahi/pico-sdk/src/rp2_common/pico_float/float_aeabi.S.obj
                0x10004c9c                __wrap___aeabi_f2uiz
 .text.__wrap___aeabi_f2d
                0x10004ca8       0x14 CMakeFiles/TalonFirmware.dir/home/raahi/pico-sdk/src/rp2_common/pico_float/float_aeabi.S.obj
                0x10004ca8                __wrap___aeabi_f2d
 .text.__aeabi_float_init
                0x10004cbc       0x64 CMakeFiles/TalonFirmware.dir/home/raahi/pico-sdk/src/rp2_common/pico_float/float_init_rom.c.obj
                0x10004cbc                __aeabi_float_init
 .text.float_table_shim_on_use_helper
                0x10004d20       0x2c CMakeFiles/TalonFirmware.dir/home/raahi/pico-sdk/src/rp2_common/pico_float/float_v1_rom_shim.S.obj
                0x10004d20                float_table_shim_on_use_helper
 .text.float2double_shim
                0x10004d4c       0x30 CMakeFiles/TalonFirmware.dir/home/raahi/pico-sdk/src/rp2_common/pico_float/float_v1_rom_shim.S.obj
                0x10004d4c                float2double_shim
 .text          0x10004d7c       0x10 CMakeFiles/TalonFirmware.dir/home/raahi/pico-sdk/src/rp2_common/pico_mem_ops/mem_ops_aeabi.S.obj
                0x10004d7c                __aeabi_mem_init
 .text.memset   0x10004d8c        0xc CMakeFiles/TalonFirmware.dir/home/raahi/pico-sdk/src/rp2_common/pico_mem_ops/mem_ops_aeabi.S.obj
                0x10004d8c                __wrap_memset
 .text.memcpy   0x10004d98        0xc CMakeFiles/TalonFirmware.dir/home/raahi/pico-sdk/src/rp2_common/pico_mem_ops/mem_ops_aeabi.S.obj
                0x10004d98                __wrap___aeabi_memcpy
                0x10004d98                __wrap_memcpy
 .text.stdio_out_chars_crlf
                0x10004da4       0x94 CMakeFiles/TalonFirmware.dir/home/raahi/pico-sdk/src/rp2_common/pico_stdio/stdio.c.obj
 .text.stdio_buffered_printer
                0x10004e38       0x64 CMakeFiles/TalonFirmware.dir/home/raahi/pico-sdk/src/rp2_common/pico_stdio/stdio.c.obj
 .text.__wrap_putchar
                0x10004e9c       0x98 CMakeFiles/TalonFirmware.dir/home/raahi/pico-sdk/src/rp2_common/pico_stdio/stdio.c.obj
                0x10004e9c                __wrap_putchar
 .text.__wrap_puts
                0x10004f34       0xe0 CMakeFiles/TalonFirmware.dir/home/raahi/pico-sdk/src/rp2_common/pico_stdio/stdio.c.obj
                0x10004f34                __wrap_puts
 .text.stdio_set_driver_enabled
                0x10005014       0x30 CMakeFiles/TalonFirmware.dir/home/raahi/pico-sdk/src/rp2_common/pico_stdio/stdio.c.obj
                0x10005014                stdio_set_driver_enabled
 .text.__wrap_vprintf
                0x10005044       0xd4 CMakeFiles/TalonFirmware.dir/home/raahi/pico-sdk/src/rp2_common/pico_stdio/stdio.c.obj
                0x10005044                __wrap_vprintf
 .text.__wrap_printf
                0x10005118       0x18 CMakeFiles/TalonFirmware.dir/home/raahi/pico-sdk/src/rp2_common/pico_stdio/stdio.c.obj
                0x10005118                __wrap_printf
 .text.stdio_init_all
                0x10005130        0x8 CMakeFiles/TalonFirmware.dir/home/raahi/pico-sdk/src/rp2_common/pico_stdio/stdio.c.obj
                0x10005130                stdio_init_all
 .text.resetd_init
                0x10005138        0x4 CMakeFiles/TalonFirmware.dir/home/raahi/pico-sdk/src/rp2_common/pico_stdio_usb/reset_interface.c.obj
 .text.resetd_reset
                0x1000513c        0xc CMakeFiles/TalonFirmware.dir/home/raahi/pico-sdk/src/rp2_common/pico_stdio_usb/reset_interface.c.obj
 .text.resetd_open
                0x10005148       0x28 CMakeFiles/TalonFirmware.dir/home/raahi/pico-sdk/src/rp2_common/pico_stdio_usb/reset_interface.c.obj
 .text.resetd_xfer_cb
                0x10005170        0x4 CMakeFiles/TalonFirmware.dir/home/raahi/pico-sdk/src/rp2_common/pico_stdio_usb/reset_interface.c.obj
 .text.resetd_control_xfer_cb
                0x10005174       0x60 CMakeFiles/TalonFirmware.dir/home/raahi/pico-sdk/src/rp2_common/pico_stdio_usb/reset_interface.c.obj
 .text.usbd_app_driver_get_cb
                0x100051d4        0xc CMakeFiles/TalonFirmware.dir/home/raahi/pico-sdk/src/rp2_common/pico_stdio_usb/reset_interface.c.obj
                0x100051d4                usbd_app_driver_get_cb
 .text.tud_cdc_line_coding_cb
                0x100051e0       0x34 CMakeFiles/TalonFirmware.dir/home/raahi/pico-sdk/src/rp2_common/pico_stdio_usb/reset_interface.c.obj
                0x100051e0                tud_cdc_line_coding_cb
 .text.stdio_usb_set_chars_available_callback
                0x10005214       0x14 CMakeFiles/TalonFirmware.dir/home/raahi/pico-sdk/src/rp2_common/pico_stdio_usb/stdio_usb.c.obj
                0x10005214                stdio_usb_set_chars_available_callback
 .text.usb_irq  0x10005228       0x10 CMakeFiles/TalonFirmware.dir/home/raahi/pico-sdk/src/rp2_common/pico_stdio_usb/stdio_usb.c.obj
 .text.timer_task
                0x10005238       0x54 CMakeFiles/TalonFirmware.dir/home/raahi/pico-sdk/src/rp2_common/pico_stdio_usb/stdio_usb.c.obj
 .text.stdio_usb_in_chars
                0x1000528c       0x8c CMakeFiles/TalonFirmware.dir/home/raahi/pico-sdk/src/rp2_common/pico_stdio_usb/stdio_usb.c.obj
                0x1000528c                stdio_usb_in_chars
 .text.stdio_usb_out_chars
                0x10005318       0xf8 CMakeFiles/TalonFirmware.dir/home/raahi/pico-sdk/src/rp2_common/pico_stdio_usb/stdio_usb.c.obj
 .text.low_priority_worker_irq
                0x10005410       0xa4 CMakeFiles/TalonFirmware.dir/home/raahi/pico-sdk/src/rp2_common/pico_stdio_usb/stdio_usb.c.obj
 .text.tud_cdc_rx_cb
                0x100054b4       0x20 CMakeFiles/TalonFirmware.dir/home/raahi/pico-sdk/src/rp2_common/pico_stdio_usb/stdio_usb.c.obj
                0x100054b4                tud_cdc_rx_cb
 .text.stdio_usb_init
                0x100054d4       0xe0 CMakeFiles/TalonFirmware.dir/home/raahi/pico-sdk/src/rp2_common/pico_stdio_usb/stdio_usb.c.obj
                0x100054d4                stdio_usb_init
 .text.tud_descriptor_device_cb
                0x100055b4        0x8 CMakeFiles/TalonFirmware.dir/home/raahi/pico-sdk/src/rp2_common/pico_stdio_usb/stdio_usb_descriptors.c.obj
                0x100055b4                tud_descriptor_device_cb
 .text.tud_descriptor_configuration_cb
                0x100055bc        0x8 CMakeFiles/TalonFirmware.dir/home/raahi/pico-sdk/src/rp2_common/pico_stdio_usb/stdio_usb_descriptors.c.obj
                0x100055bc                tud_descriptor_configuration_cb
 .text.tud_descriptor_string_cb
                0x100055c4       0x78 CMakeFiles/TalonFirmware.dir/home/raahi/pico-sdk/src/rp2_common/pico_stdio_usb/stdio_usb_descriptors.c.obj
                0x100055c4                tud_descriptor_string_cb
 .text.startup._retrieve_unique_id_on_boot
                0x1000563c       0x10 CMakeFiles/TalonFirmware.dir/home/raahi/pico-sdk/src/rp2_common/pico_unique_id/unique_id.c.obj
 .text.pico_get_unique_board_id_string
                0x1000564c      0x1a8 CMakeFiles/TalonFirmware.dir/home/raahi/pico-sdk/src/rp2_common/pico_unique_id/unique_id.c.obj
                0x1000564c                pico_get_unique_board_id_string
 .text.flash_get_unique_id
                0x100057f4       0x40 CMakeFiles/TalonFirmware.dir/home/raahi/pico-sdk/src/rp2_common/hardware_flash/flash.c.obj
                0x100057f4                flash_get_unique_id
 .text.dcd_rp2040_irq
                0x10005834      0x1d0 CMakeFiles/TalonFirmware.dir/home/raahi/pico-sdk/lib/tinyusb/src/portable/raspberrypi/rp2040/dcd_rp2040.c.obj
 .text.dcd_int_enable
                0x10005a04        0xc CMakeFiles/TalonFirmware.dir/home/raahi/pico-sdk/lib/tinyusb/src/portable/raspberrypi/rp2040/dcd_rp2040.c.obj
                0x10005a04                dcd_int_enable
 .text.dcd_set_address
                0x10005a10       0x14 CMakeFiles/TalonFirmware.dir/home/raahi/pico-sdk/lib/tinyusb/src/portable/raspberrypi/rp2040/dcd_rp2040.c.obj
                0x10005a10                dcd_set_address
 .text.dcd_connect
                0x10005a24       0x10 CMakeFiles/TalonFirmware.dir/home/raahi/pico-sdk/lib/tinyusb/src/portable/raspberrypi/rp2040/dcd_rp2040.c.obj
                0x10005a24                dcd_connect
 .text.dcd_init
                0x10005a34       0xf0 CMakeFiles/TalonFirmware.dir/home/raahi/pico-sdk/lib/tinyusb/src/portable/raspberrypi/rp2040/dcd_rp2040.c.obj
                0x10005a34                dcd_init
 .text.dcd_edpt0_status_complete
                0x10005b24       0x1c CMakeFiles/TalonFirmware.dir/home/raahi/pico-sdk/lib/tinyusb/src/portable/raspberrypi/rp2040/dcd_rp2040.c.obj
                0x10005b24                dcd_edpt0_status_complete
 .text.dcd_edpt_open
                0x10005b40       0xf0 CMakeFiles/TalonFirmware.dir/home/raahi/pico-sdk/lib/tinyusb/src/portable/raspberrypi/rp2040/dcd_rp2040.c.obj
                0x10005b40                dcd_edpt_open
 .text.dcd_edpt_close_all
                0x10005c30       0x68 CMakeFiles/TalonFirmware.dir/home/raahi/pico-sdk/lib/tinyusb/src/portable/raspberrypi/rp2040/dcd_rp2040.c.obj
                0x10005c30                dcd_edpt_close_all
 .text.dcd_edpt_xfer
                0x10005c98       0x24 CMakeFiles/TalonFirmware.dir/home/raahi/pico-sdk/lib/tinyusb/src/portable/raspberrypi/rp2040/dcd_rp2040.c.obj
                0x10005c98                dcd_edpt_xfer
 .text.dcd_edpt_stall
                0x10005cbc       0x34 CMakeFiles/TalonFirmware.dir/home/raahi/pico-sdk/lib/tinyusb/src/portable/raspberrypi/rp2040/dcd_rp2040.c.obj
                0x10005cbc                dcd_edpt_stall
 .text.dcd_edpt_clear_stall
                0x10005cf0       0x30 CMakeFiles/TalonFirmware.dir/home/raahi/pico-sdk/lib/tinyusb/src/portable/raspberrypi/rp2040/dcd_rp2040.c.obj
                0x10005cf0                dcd_edpt_clear_stall
 .text._hw_endpoint_buffer_control_update32.part.0.isra.0
                0x10005d20       0x1c CMakeFiles/TalonFirmware.dir/home/raahi/pico-sdk/lib/tinyusb/src/portable/raspberrypi/rp2040/rp2040_usb.c.obj
 .text.rp2040_usb_init
                0x10005d3c       0x4c CMakeFiles/TalonFirmware.dir/home/raahi/pico-sdk/lib/tinyusb/src/portable/raspberrypi/rp2040/rp2040_usb.c.obj
                0x10005d3c                rp2040_usb_init
 .text.hw_endpoint_reset_transfer
                0x10005d88        0xc CMakeFiles/TalonFirmware.dir/home/raahi/pico-sdk/lib/tinyusb/src/portable/raspberrypi/rp2040/rp2040_usb.c.obj
                0x10005d88                hw_endpoint_reset_transfer
 .text._hw_endpoint_buffer_control_update32
                0x10005d94       0x44 CMakeFiles/TalonFirmware.dir/home/raahi/pico-sdk/lib/tinyusb/src/portable/raspberrypi/rp2040/rp2040_usb.c.obj
                0x10005d94                _hw_endpoint_buffer_control_update32
 .text.hw_endpoint_xfer_start
                0x10005dd8      0x138 CMakeFiles/TalonFirmware.dir/home/raahi/pico-sdk/lib/tinyusb/src/portable/raspberrypi/rp2040/rp2040_usb.c.obj
                0x10005dd8                hw_endpoint_xfer_start
 .text.hw_endpoint_xfer_continue
                0x10005f10      0x1d8 CMakeFiles/TalonFirmware.dir/home/raahi/pico-sdk/lib/tinyusb/src/portable/raspberrypi/rp2040/rp2040_usb.c.obj
                0x10005f10                hw_endpoint_xfer_continue
 .text.tud_mounted
                0x100060e8       0x10 CMakeFiles/TalonFirmware.dir/home/raahi/pico-sdk/lib/tinyusb/src/device/usbd.c.obj
                0x100060e8                tud_mounted
 .text.tud_suspended
                0x100060f8       0x10 CMakeFiles/TalonFirmware.dir/home/raahi/pico-sdk/lib/tinyusb/src/device/usbd.c.obj
                0x100060f8                tud_suspended
 .text.tud_inited
                0x10006108        0xc CMakeFiles/TalonFirmware.dir/home/raahi/pico-sdk/lib/tinyusb/src/device/usbd.c.obj
                0x10006108                tud_inited
 .text.tud_init
                0x10006114       0xe0 CMakeFiles/TalonFirmware.dir/home/raahi/pico-sdk/lib/tinyusb/src/device/usbd.c.obj
                0x10006114                tud_init
 .text.tud_task
                0x100061f4      0x8f0 CMakeFiles/TalonFirmware.dir/home/raahi/pico-sdk/lib/tinyusb/src/device/usbd.c.obj
                0x100061f4                tud_task
 .text.dcd_event_bus_signal
                0x10006ae4      0x124 CMakeFiles/TalonFirmware.dir/home/raahi/pico-sdk/lib/tinyusb/src/device/usbd.c.obj
                0x10006ae4                dcd_event_bus_signal
 .text.dcd_event_bus_reset
                0x10006c08       0x58 CMakeFiles/TalonFirmware.dir/home/raahi/pico-sdk/lib/tinyusb/src/device/usbd.c.obj
                0x10006c08                dcd_event_bus_reset
 .text.dcd_event_setup_received
                0x10006c60       0x50 CMakeFiles/TalonFirmware.dir/home/raahi/pico-sdk/lib/tinyusb/src/device/usbd.c.obj
                0x10006c60                dcd_event_setup_received
 .text.dcd_event_xfer_complete
                0x10006cb0       0x68 CMakeFiles/TalonFirmware.dir/home/raahi/pico-sdk/lib/tinyusb/src/device/usbd.c.obj
                0x10006cb0                dcd_event_xfer_complete
 .text.usbd_open_edpt_pair
                0x10006d18       0x94 CMakeFiles/TalonFirmware.dir/home/raahi/pico-sdk/lib/tinyusb/src/device/usbd.c.obj
                0x10006d18                usbd_open_edpt_pair
 .text.usbd_defer_func
                0x10006dac       0x48 CMakeFiles/TalonFirmware.dir/home/raahi/pico-sdk/lib/tinyusb/src/device/usbd.c.obj
                0x10006dac                usbd_defer_func
 .text.usbd_edpt_open
                0x10006df4       0x30 CMakeFiles/TalonFirmware.dir/home/raahi/pico-sdk/lib/tinyusb/src/device/usbd.c.obj
                0x10006df4                usbd_edpt_open
 .text.usbd_edpt_claim
                0x10006e24       0x64 CMakeFiles/TalonFirmware.dir/home/raahi/pico-sdk/lib/tinyusb/src/device/usbd.c.obj
                0x10006e24                usbd_edpt_claim
 .text.usbd_edpt_release
                0x10006e88       0x4c CMakeFiles/TalonFirmware.dir/home/raahi/pico-sdk/lib/tinyusb/src/device/usbd.c.obj
                0x10006e88                usbd_edpt_release
 .text.usbd_edpt_xfer
                0x10006ed4       0x44 CMakeFiles/TalonFirmware.dir/home/raahi/pico-sdk/lib/tinyusb/src/device/usbd.c.obj
                0x10006ed4                usbd_edpt_xfer
 .text.tud_control_status
                0x10006f18       0x2c CMakeFiles/TalonFirmware.dir/home/raahi/pico-sdk/lib/tinyusb/src/device/usbd_control.c.obj
                0x10006f18                tud_control_status
 .text.tud_control_xfer
                0x10006f44       0xac CMakeFiles/TalonFirmware.dir/home/raahi/pico-sdk/lib/tinyusb/src/device/usbd_control.c.obj
                0x10006f44                tud_control_xfer
 .text.usbd_control_reset
                0x10006ff0       0x14 CMakeFiles/TalonFirmware.dir/home/raahi/pico-sdk/lib/tinyusb/src/device/usbd_control.c.obj
                0x10006ff0                usbd_control_reset
 .text.usbd_control_set_complete_callback
                0x10007004        0xc CMakeFiles/TalonFirmware.dir/home/raahi/pico-sdk/lib/tinyusb/src/device/usbd_control.c.obj
                0x10007004                usbd_control_set_complete_callback
 .text.usbd_control_set_request
                0x10007010       0x1c CMakeFiles/TalonFirmware.dir/home/raahi/pico-sdk/lib/tinyusb/src/device/usbd_control.c.obj
                0x10007010                usbd_control_set_request
 .text.usbd_control_xfer_cb
                0x1000702c       0xf4 CMakeFiles/TalonFirmware.dir/home/raahi/pico-sdk/lib/tinyusb/src/device/usbd_control.c.obj
                0x1000702c                usbd_control_xfer_cb
 .text.tud_cdc_n_connected
                0x10007120       0x30 CMakeFiles/TalonFirmware.dir/home/raahi/pico-sdk/lib/tinyusb/src/class/cdc/cdc_device.c.obj
                0x10007120                tud_cdc_n_connected
 .text.tud_cdc_n_available
                0x10007150       0x18 CMakeFiles/TalonFirmware.dir/home/raahi/pico-sdk/lib/tinyusb/src/class/cdc/cdc_device.c.obj
                0x10007150                tud_cdc_n_available
 .text.tud_cdc_n_read
                0x10007168       0x70 CMakeFiles/TalonFirmware.dir/home/raahi/pico-sdk/lib/tinyusb/src/class/cdc/cdc_device.c.obj
                0x10007168                tud_cdc_n_read
 .text.tud_cdc_n_write_flush
                0x100071d8       0x78 CMakeFiles/TalonFirmware.dir/home/raahi/pico-sdk/lib/tinyusb/src/class/cdc/cdc_device.c.obj
                0x100071d8                tud_cdc_n_write_flush
 .text.tud_cdc_n_write
                0x10007250       0x34 CMakeFiles/TalonFirmware.dir/home/raahi/pico-sdk/lib/tinyusb/src/class/cdc/cdc_device.c.obj
                0x10007250                tud_cdc_n_write
 .text.tud_cdc_n_write_available
                0x10007284       0x18 CMakeFiles/TalonFirmware.dir/home/raahi/pico-sdk/lib/tinyusb/src/class/cdc/cdc_device.c.obj
                0x10007284                tud_cdc_n_write_available
 .text.cdcd_init
                0x1000729c       0x7c CMakeFiles/TalonFirmware.dir/home/raahi/pico-sdk/lib/tinyusb/src/class/cdc/cdc_device.c.obj
                0x1000729c                cdcd_init
 .text.cdcd_reset
                0x10007318       0x2c CMakeFiles/TalonFirmware.dir/home/raahi/pico-sdk/lib/tinyusb/src/class/cdc/cdc_device.c.obj
                0x10007318                cdcd_reset
 .text.cdcd_open
                0x10007344       0xe4 CMakeFiles/TalonFirmware.dir/home/raahi/pico-sdk/lib/tinyusb/src/class/cdc/cdc_device.c.obj
                0x10007344                cdcd_open
 .text.cdcd_control_xfer_cb
                0x10007428       0xe4 CMakeFiles/TalonFirmware.dir/home/raahi/pico-sdk/lib/tinyusb/src/class/cdc/cdc_device.c.obj
                0x10007428                cdcd_control_xfer_cb
 .text.cdcd_xfer_cb
                0x1000750c      0x13c CMakeFiles/TalonFirmware.dir/home/raahi/pico-sdk/lib/tinyusb/src/class/cdc/cdc_device.c.obj
                0x1000750c                cdcd_xfer_cb
 .text.tusb_init
                0x10007648        0xc CMakeFiles/TalonFirmware.dir/home/raahi/pico-sdk/lib/tinyusb/src/tusb.c.obj
                0x10007648                tusb_init
 .text.tusb_inited
                0x10007654        0x8 CMakeFiles/TalonFirmware.dir/home/raahi/pico-sdk/lib/tinyusb/src/tusb.c.obj
                0x10007654                tusb_inited
 .text.tu_edpt_validate
                0x1000765c       0x80 CMakeFiles/TalonFirmware.dir/home/raahi/pico-sdk/lib/tinyusb/src/tusb.c.obj
                0x1000765c                tu_edpt_validate
 .text.tu_edpt_bind_driver
                0x100076dc       0x2c CMakeFiles/TalonFirmware.dir/home/raahi/pico-sdk/lib/tinyusb/src/tusb.c.obj
                0x100076dc                tu_edpt_bind_driver
 .text.tu_fifo_config
                0x10007708       0x74 CMakeFiles/TalonFirmware.dir/home/raahi/pico-sdk/lib/tinyusb/src/common/tusb_fifo.c.obj
                0x10007708                tu_fifo_config
 .text.tu_fifo_count
                0x1000777c       0x20 CMakeFiles/TalonFirmware.dir/home/raahi/pico-sdk/lib/tinyusb/src/common/tusb_fifo.c.obj
                0x1000777c                tu_fifo_count
 .text.tu_fifo_empty
                0x1000779c       0x10 CMakeFiles/TalonFirmware.dir/home/raahi/pico-sdk/lib/tinyusb/src/common/tusb_fifo.c.obj
                0x1000779c                tu_fifo_empty
 .text.tu_fifo_remaining
                0x100077ac       0x1c CMakeFiles/TalonFirmware.dir/home/raahi/pico-sdk/lib/tinyusb/src/common/tusb_fifo.c.obj
                0x100077ac                tu_fifo_remaining
 .text.tu_fifo_read
                0x100077c8       0xa4 CMakeFiles/TalonFirmware.dir/home/raahi/pico-sdk/lib/tinyusb/src/common/tusb_fifo.c.obj
                0x100077c8                tu_fifo_read
 .text.tu_fifo_read_n
                0x1000786c      0x100 CMakeFiles/TalonFirmware.dir/home/raahi/pico-sdk/lib/tinyusb/src/common/tusb_fifo.c.obj
                0x1000786c                tu_fifo_read_n
 .text.tu_fifo_write
                0x1000796c       0x78 CMakeFiles/TalonFirmware.dir/home/raahi/pico-sdk/lib/tinyusb/src/common/tusb_fifo.c.obj
                0x1000796c                tu_fifo_write
 .text.tu_fifo_write_n
                0x100079e4       0xfc CMakeFiles/TalonFirmware.dir/home/raahi/pico-sdk/lib/tinyusb/src/common/tusb_fifo.c.obj
                0x100079e4                tu_fifo_write_n
 .text.tu_fifo_clear
                0x10007ae0       0x4c CMakeFiles/TalonFirmware.dir/home/raahi/pico-sdk/lib/tinyusb/src/common/tusb_fifo.c.obj
                0x10007ae0                tu_fifo_clear
 .text.tu_fifo_set_overwritable
                0x10007b2c       0x3c CMakeFiles/TalonFirmware.dir/home/raahi/pico-sdk/lib/tinyusb/src/common/tusb_fifo.c.obj
                0x10007b2c                tu_fifo_set_overwritable
 .text.core1_trampoline
                0x10007b68        0x4 CMakeFiles/TalonFirmware.dir/home/raahi/pico-sdk/src/rp2_common/pico_multicore/multicore.c.obj
 .text.core1_wrapper
                0x10007b6c        0xc CMakeFiles/TalonFirmware.dir/home/raahi/pico-sdk/src/rp2_common/pico_multicore/multicore.c.obj
                0x10007b6c                core1_wrapper
 .text.multicore_fifo_push_blocking
                0x10007b78       0x14 CMakeFiles/TalonFirmware.dir/home/raahi/pico-sdk/src/rp2_common/pico_multicore/multicore.c.obj
                0x10007b78                multicore_fifo_push_blocking
 .text.multicore_fifo_pop_blocking
                0x10007b8c       0x1c CMakeFiles/TalonFirmware.dir/home/raahi/pico-sdk/src/rp2_common/pico_multicore/multicore.c.obj
                0x10007b8c                multicore_fifo_pop_blocking
 .text.multicore_launch_core1_raw
                0x10007ba8       0x84 CMakeFiles/TalonFirmware.dir/home/raahi/pico-sdk/src/rp2_common/pico_multicore/multicore.c.obj
                0x10007ba8                multicore_launch_core1_raw
 .text.multicore_launch_core1
                0x10007c2c       0x58 CMakeFiles/TalonFirmware.dir/home/raahi/pico-sdk/src/rp2_common/pico_multicore/multicore.c.obj
                0x10007c2c                multicore_launch_core1
 .text.i2c_set_baudrate
                0x10007c84       0xc4 CMakeFiles/TalonFirmware.dir/home/raahi/pico-sdk/src/rp2_common/hardware_i2c/i2c.c.obj
                0x10007c84                i2c_set_baudrate
 .text.i2c_init
                0x10007d48       0x54 CMakeFiles/TalonFirmware.dir/home/raahi/pico-sdk/src/rp2_common/hardware_i2c/i2c.c.obj
                0x10007d48                i2c_init
 .text.i2c_write_blocking
                0x10007d9c       0xd0 CMakeFiles/TalonFirmware.dir/home/raahi/pico-sdk/src/rp2_common/hardware_i2c/i2c.c.obj
                0x10007d9c                i2c_write_blocking
 .text.i2c_read_blocking
                0x10007e6c       0x90 CMakeFiles/TalonFirmware.dir/home/raahi/pico-sdk/src/rp2_common/hardware_i2c/i2c.c.obj
                0x10007e6c                i2c_read_blocking
 .text.spi_init
                0x10007efc       0xf0 CMakeFiles/TalonFirmware.dir/home/raahi/pico-sdk/src/rp2_common/hardware_spi/spi.c.obj
                0x10007efc                spi_init
 .text.atexit   0x10007fec       0x10 /usr/lib/gcc/arm-none-eabi/12.2.0/../../../../arm-none-eabi/lib/thumb/v6-m/nofp/libc.a(libc_a-atexit.o)
                0x10007fec                atexit
 .text.__libc_fini_array
                0x10007ffc       0x28 /usr/lib/gcc/arm-none-eabi/12.2.0/../../../../arm-none-eabi/lib/thumb/v6-m/nofp/libc.a(libc_a-fini.o)
                0x10007ffc                __libc_fini_array
 .text.__retarget_lock_acquire_recursive
                0x10008024        0x4 /usr/lib/gcc/arm-none-eabi/12.2.0/../../../../arm-none-eabi/lib/thumb/v6-m/nofp/libc.a(libc_a-lock.o)
                0x10008024                __retarget_lock_acquire_recursive
 .text.__retarget_lock_release_recursive
                0x10008028        0x4 /usr/lib/gcc/arm-none-eabi/12.2.0/../../../../arm-none-eabi/lib/thumb/v6-m/nofp/libc.a(libc_a-lock.o)
                0x10008028                __retarget_lock_release_recursive
 .text.strlen   0x1000802c       0x5c /usr/lib/gcc/arm-none-eabi/12.2.0/../../../../arm-none-eabi/lib/thumb/v6-m/nofp/libc.a(libc_a-strlen-stub.o)
                0x1000802c                strlen
 .text.__register_exitproc
                0x10008088       0xa8 /usr/lib/gcc/arm-none-eabi/12.2.0/../../../../arm-none-eabi/lib/thumb/v6-m/nofp/libc.a(libc_a-__atexit.o)
                0x10008088                __register_exitproc
 .text.startup.register_fini
                0x10008130       0x18 /usr/lib/gcc/arm-none-eabi/12.2.0/../../../../arm-none-eabi/lib/thumb/v6-m/nofp/libc.a(libc_a-__call_atexit.o)
 *(.fini)
 .fini          0x10008148        0x4 /usr/lib/gcc/arm-none-eabi/12.2.0/thumb/v6-m/nofp/crti.o
                0x10008148                _fini
 *fill*         0x1000814c        0x4 
 .fini.__stub   0x10008150       0xa0 linker stubs
 *crtbegin.o(.ctors)
 *crtbegin?.o(.ctors)
 *(EXCLUDE_FILE(*crtend.o *crtend?.o) .ctors)
 *(SORT_BY_NAME(.ctors.*))
 *(.ctors)
 *crtbegin.o(.dtors)
 *crtbegin?.o(.dtors)
 *(EXCLUDE_FILE(*crtend.o *crtend?.o) .dtors)
 *(SORT_BY_NAME(.dtors.*))
 *(.dtors)
 *(.eh_frame*)
 .eh_frame      0x100081f0        0x0 /usr/lib/gcc/arm-none-eabi/12.2.0/thumb/v6-m/nofp/crtbegin.o
                0x100081f0                        . = ALIGN (0x4)

.glue_7         0x100081f0        0x0
 .glue_7        0x100081f0        0x0 linker stubs

.glue_7t        0x100081f0        0x0
 .glue_7t       0x100081f0        0x0 linker stubs

.vfp11_veneer   0x100081f0        0x0
 .vfp11_veneer  0x100081f0        0x0 linker stubs

.v4_bx          0x100081f0        0x0
 .v4_bx         0x100081f0        0x0 linker stubs

.iplt           0x100081f0        0x0
 .iplt          0x100081f0        0x0 /usr/lib/gcc/arm-none-eabi/12.2.0/thumb/v6-m/nofp/crtbegin.o

.rodata         0x100081f0      0x4f4
 *(EXCLUDE_FILE(*libm.a: *libc.a:*lib_a-mem*.o *libgcc.a:) .rodata*)
 .rodata.MAX17048_alert_handler.str1.4
                0x100081f0        0x2 CMakeFiles/TalonFirmware.dir/main.c.obj
 *fill*         0x100081f2        0x2 
 .rodata.ADS1299_drdy_interrupt.str1.4
                0x100081f4        0x2 CMakeFiles/TalonFirmware.dir/main.c.obj
 *fill*         0x100081f6        0x2 
 .rodata.MAX17048_read_voltage.str1.4
                0x100081f8        0x2 CMakeFiles/TalonFirmware.dir/main.c.obj
 *fill*         0x100081fa        0x2 
 .rodata.send_data.str1.4
                0x100081fc        0xe CMakeFiles/TalonFirmware.dir/main.c.obj
 *fill*         0x1000820a        0x2 
 .rodata.spin_lock_claim_unused.str1.4
                0x1000820c       0x1b CMakeFiles/TalonFirmware.dir/home/raahi/pico-sdk/src/rp2_common/hardware_sync/sync.c.obj
 *fill*         0x10008227        0x1 
 .rodata.user_irq_claim_unused.str1.4
                0x10008228       0x1b CMakeFiles/TalonFirmware.dir/home/raahi/pico-sdk/src/rp2_common/hardware_irq/irq.c.obj
 *fill*         0x10008243        0x1 
 .rodata.hardware_alarm_claim.str1.4
                0x10008244       0x22 CMakeFiles/TalonFirmware.dir/home/raahi/pico-sdk/src/rp2_common/hardware_timer/timer.c.obj
 *fill*         0x10008266        0x2 
 .rodata.panic.str1.4
                0x10008268       0x10 CMakeFiles/TalonFirmware.dir/home/raahi/pico-sdk/src/rp2_common/pico_runtime/runtime.c.obj
                                 0x12 (size before relaxing)
 .rodata.hard_assertion_failure.str1.4
                0x10008278        0xc CMakeFiles/TalonFirmware.dir/home/raahi/pico-sdk/src/rp2_common/pico_runtime/runtime.c.obj
 .rodata._ftoa.str1.4
                0x10008284       0x15 CMakeFiles/TalonFirmware.dir/home/raahi/pico-sdk/src/rp2_common/pico_printf/printf.c.obj
 *fill*         0x10008299        0x3 
 .rodata._vsnprintf
                0x1000829c      0x19c CMakeFiles/TalonFirmware.dir/home/raahi/pico-sdk/src/rp2_common/pico_printf/printf.c.obj
 .rodata.pow10.0
                0x10008438       0x50 CMakeFiles/TalonFirmware.dir/home/raahi/pico-sdk/src/rp2_common/pico_printf/printf.c.obj
 .rodata.str1.4
                0x10008488       0x44 CMakeFiles/TalonFirmware.dir/home/raahi/pico-sdk/src/rp2_common/pico_standard_link/binary_info.c.obj
 .rodata.__bi_81
                0x100084cc        0xc CMakeFiles/TalonFirmware.dir/home/raahi/pico-sdk/src/rp2_common/pico_standard_link/binary_info.c.obj
 .rodata.__bi_75
                0x100084d8        0xc CMakeFiles/TalonFirmware.dir/home/raahi/pico-sdk/src/rp2_common/pico_standard_link/binary_info.c.obj
 .rodata.__bi_44
                0x100084e4        0xc CMakeFiles/TalonFirmware.dir/home/raahi/pico-sdk/src/rp2_common/pico_standard_link/binary_info.c.obj
 .rodata.crlf_str.0
                0x100084f0        0x2 CMakeFiles/TalonFirmware.dir/home/raahi/pico-sdk/src/rp2_common/pico_stdio/stdio.c.obj
 *fill*         0x100084f2        0x2 
 .rodata._resetd_driver
                0x100084f4       0x18 CMakeFiles/TalonFirmware.dir/home/raahi/pico-sdk/src/rp2_common/pico_stdio_usb/reset_interface.c.obj
 .rodata.str1.4
                0x1000850c       0x13 CMakeFiles/TalonFirmware.dir/home/raahi/pico-sdk/src/rp2_common/pico_stdio_usb/stdio_usb.c.obj
 *fill*         0x1000851f        0x1 
 .rodata.__bi_188.0
                0x10008520        0xc CMakeFiles/TalonFirmware.dir/home/raahi/pico-sdk/src/rp2_common/pico_stdio_usb/stdio_usb.c.obj
 .rodata.str1.4
                0x1000852c       0x2a CMakeFiles/TalonFirmware.dir/home/raahi/pico-sdk/src/rp2_common/pico_stdio_usb/stdio_usb_descriptors.c.obj
 *fill*         0x10008556        0x2 
 .rodata.usbd_desc_str
                0x10008558       0x18 CMakeFiles/TalonFirmware.dir/home/raahi/pico-sdk/src/rp2_common/pico_stdio_usb/stdio_usb_descriptors.c.obj
 .rodata.usbd_desc_cfg
                0x10008570       0x54 CMakeFiles/TalonFirmware.dir/home/raahi/pico-sdk/src/rp2_common/pico_stdio_usb/stdio_usb_descriptors.c.obj
 .rodata.usbd_desc_device
                0x100085c4       0x12 CMakeFiles/TalonFirmware.dir/home/raahi/pico-sdk/src/rp2_common/pico_stdio_usb/stdio_usb_descriptors.c.obj
 *fill*         0x100085d6        0x2 
 .rodata.dcd_rp2040_irq.str1.4
                0x100085d8       0x14 CMakeFiles/TalonFirmware.dir/home/raahi/pico-sdk/lib/tinyusb/src/portable/raspberrypi/rp2040/dcd_rp2040.c.obj
 .rodata._hw_endpoint_buffer_control_update32.part.0.isra.0.str1.4
                0x100085ec       0x1f CMakeFiles/TalonFirmware.dir/home/raahi/pico-sdk/lib/tinyusb/src/portable/raspberrypi/rp2040/rp2040_usb.c.obj
 *fill*         0x1000860b        0x1 
 .rodata.hw_endpoint_xfer_continue.str1.4
                0x1000860c       0x29 CMakeFiles/TalonFirmware.dir/home/raahi/pico-sdk/lib/tinyusb/src/portable/raspberrypi/rp2040/rp2040_usb.c.obj
 *fill*         0x10008635        0x3 
 .rodata.str1.4
                0x10008638        0x7 CMakeFiles/TalonFirmware.dir/home/raahi/pico-sdk/lib/tinyusb/src/portable/raspberrypi/rp2040/rp2040_usb.c.obj
 *fill*         0x1000863f        0x1 
 .rodata.tud_task
                0x10008640       0x8c CMakeFiles/TalonFirmware.dir/home/raahi/pico-sdk/lib/tinyusb/src/device/usbd.c.obj
 .rodata._usbd_driver
                0x100086cc       0x18 CMakeFiles/TalonFirmware.dir/home/raahi/pico-sdk/lib/tinyusb/src/device/usbd.c.obj
                0x100086e4                        . = ALIGN (0x4)
 *(SORT_BY_ALIGNMENT(SORT_BY_NAME(.flashdata*)))
                0x100086e4                        . = ALIGN (0x4)

.rel.dyn        0x100086e4        0x0
 .rel.iplt      0x100086e4        0x0 /usr/lib/gcc/arm-none-eabi/12.2.0/thumb/v6-m/nofp/crtbegin.o

.ARM.extab
 *(.ARM.extab* .gnu.linkonce.armextab.*)
                0x100086e4                        __exidx_start = .

.ARM.exidx
 *(.ARM.exidx* .gnu.linkonce.armexidx.*)
                0x100086e4                        __exidx_end = .
                0x100086e4                        . = ALIGN (0x4)
                0x100086e4                        __binary_info_start = .

.binary_info    0x100086e4       0x20
 *(.binary_info.keep.*)
 .binary_info.keep.__bi_ptr81
                0x100086e4        0x4 CMakeFiles/TalonFirmware.dir/home/raahi/pico-sdk/src/rp2_common/pico_standard_link/binary_info.c.obj
 .binary_info.keep.__bi_ptr75
                0x100086e8        0x4 CMakeFiles/TalonFirmware.dir/home/raahi/pico-sdk/src/rp2_common/pico_standard_link/binary_info.c.obj
 .binary_info.keep.__bi_ptr50
                0x100086ec        0x4 CMakeFiles/TalonFirmware.dir/home/raahi/pico-sdk/src/rp2_common/pico_standard_link/binary_info.c.obj
 .binary_info.keep.__bi_ptr44
                0x100086f0        0x4 CMakeFiles/TalonFirmware.dir/home/raahi/pico-sdk/src/rp2_common/pico_standard_link/binary_info.c.obj
 .binary_info.keep.__bi_ptr38
                0x100086f4        0x4 CMakeFiles/TalonFirmware.dir/home/raahi/pico-sdk/src/rp2_common/pico_standard_link/binary_info.c.obj
 .binary_info.keep.__bi_ptr30
                0x100086f8        0x4 CMakeFiles/TalonFirmware.dir/home/raahi/pico-sdk/src/rp2_common/pico_standard_link/binary_info.c.obj
 .binary_info.keep.__bi_ptr22
                0x100086fc        0x4 CMakeFiles/TalonFirmware.dir/home/raahi/pico-sdk/src/rp2_common/pico_standard_link/binary_info.c.obj
 *(.binary_info.*)
 .binary_info.__bi_ptr188
                0x10008700        0x4 CMakeFiles/TalonFirmware.dir/home/raahi/pico-sdk/src/rp2_common/pico_stdio_usb/stdio_usb.c.obj
                0x10008704                        __binary_info_end = .
                0x10008704                        . = ALIGN (0x4)
                0x10008704                        __etext = .

.ram_vector_table
                0x20000000       0xc0
 *(.ram_vector_table)
 .ram_vector_table
                0x20000000       0xc0 CMakeFiles/TalonFirmware.dir/home/raahi/pico-sdk/src/rp2_common/pico_runtime/runtime.c.obj
                0x20000000                ram_vector_table

.data           0x200000c0      0x544 load address 0x10008704
                0x200000c0                        __data_start__ = .
 *(vtable)
 *(.time_critical*)
 .time_critical.mutex_try_enter
                0x200000c0       0x40 CMakeFiles/TalonFirmware.dir/home/raahi/pico-sdk/src/common/pico_sync/mutex.c.obj
                0x200000c0                mutex_try_enter
 .time_critical.mutex_try_enter_block_until
                0x20000100       0x9c CMakeFiles/TalonFirmware.dir/home/raahi/pico-sdk/src/common/pico_sync/mutex.c.obj
                0x20000100                mutex_try_enter_block_until
 .time_critical.mutex_enter_timeout_ms
                0x2000019c       0x90 CMakeFiles/TalonFirmware.dir/home/raahi/pico-sdk/src/common/pico_sync/mutex.c.obj
                0x2000019c                mutex_enter_timeout_ms
 .time_critical.mutex_exit
                0x2000022c       0x28 CMakeFiles/TalonFirmware.dir/home/raahi/pico-sdk/src/common/pico_sync/mutex.c.obj
                0x2000022c                mutex_exit
 .time_critical.flash_init_boot2_copyout
                0x20000254       0x30 CMakeFiles/TalonFirmware.dir/home/raahi/pico-sdk/src/rp2_common/hardware_flash/flash.c.obj
 .time_critical.flash_enable_xip_via_boot2
                0x20000284        0xc CMakeFiles/TalonFirmware.dir/home/raahi/pico-sdk/src/rp2_common/hardware_flash/flash.c.obj
 .time_critical.flash_cs_force
                0x20000290       0x38 CMakeFiles/TalonFirmware.dir/home/raahi/pico-sdk/src/rp2_common/hardware_flash/flash.c.obj
 .time_critical.flash_do_cmd
                0x200002c8       0xc0 CMakeFiles/TalonFirmware.dir/home/raahi/pico-sdk/src/rp2_common/hardware_flash/flash.c.obj
                0x200002c8                flash_do_cmd
 .time_critical.spi_write_read_blocking
                0x20000388       0x78 CMakeFiles/TalonFirmware.dir/home/raahi/pico-sdk/src/rp2_common/hardware_spi/spi.c.obj
                0x20000388                spi_write_read_blocking
 .time_critical.spi_write_blocking
                0x20000400       0x4c CMakeFiles/TalonFirmware.dir/home/raahi/pico-sdk/src/rp2_common/hardware_spi/spi.c.obj
                0x20000400                spi_write_blocking
 .time_critical.spi_read_blocking
                0x2000044c       0x68 CMakeFiles/TalonFirmware.dir/home/raahi/pico-sdk/src/rp2_common/hardware_spi/spi.c.obj
                0x2000044c                spi_read_blocking
 *(.text*)
 .text          0x200004b4        0x4 /usr/lib/gcc/arm-none-eabi/12.2.0/thumb/v6-m/nofp/libgcc.a(_dvmd_tls.o)
                0x200004b4                __aeabi_ldiv0
                0x200004b4                __aeabi_idiv0
 .text.__stub   0x200004b8       0x30 linker stubs
                0x200004e8                        . = ALIGN (0x4)
 *(.rodata*)
                0x200004e8                        . = ALIGN (0x4)
 *(.data*)
 .data.send_to_esp12f
                0x200004e8        0x1 CMakeFiles/TalonFirmware.dir/main.c.obj
                0x200004e8                send_to_esp12f
 .data.striped_spin_lock_num
                0x200004e9        0x1 CMakeFiles/TalonFirmware.dir/home/raahi/pico-sdk/src/rp2_common/hardware_sync/sync.c.obj
 *fill*         0x200004ea        0x2 
 .data          0x200004ec       0x48 CMakeFiles/TalonFirmware.dir/home/raahi/pico-sdk/src/rp2_common/hardware_irq/irq_handler_chain.S.obj
                0x200004ec                irq_handler_chain_slots
                0x2000051c                irq_handler_chain_first_slot
                0x20000526                irq_handler_chain_remove_tail
 .data.default_alarm_pool
                0x20000534       0x18 CMakeFiles/TalonFirmware.dir/home/raahi/pico-sdk/src/common/pico_time/time.c.obj
 .data.default_alarm_pool_heap
                0x2000054c       0x10 CMakeFiles/TalonFirmware.dir/home/raahi/pico-sdk/src/common/pico_time/time.c.obj
 *fill*         0x2000055c        0x4 
 .data.aeabi_bits_funcs
                0x20000560       0x10 CMakeFiles/TalonFirmware.dir/home/raahi/pico-sdk/src/rp2_common/pico_bit_ops/bit_ops_aeabi.S.obj
                0x20000560                aeabi_bits_funcs
                0x20000570                aeabi_bits_funcs_end
 .data.aeabi_mem_funcs
                0x20000570       0x10 CMakeFiles/TalonFirmware.dir/home/raahi/pico-sdk/src/rp2_common/pico_mem_ops/mem_ops_aeabi.S.obj
                0x20000570                aeabi_mem_funcs
                0x20000580                aeabi_mem_funcs_end
 .data.stdio_usb
                0x20000580       0x18 CMakeFiles/TalonFirmware.dir/home/raahi/pico-sdk/src/rp2_common/pico_stdio_usb/stdio_usb.c.obj
                0x20000580                stdio_usb
 .data.ep_dir_string
                0x20000598        0x8 CMakeFiles/TalonFirmware.dir/home/raahi/pico-sdk/lib/tinyusb/src/portable/raspberrypi/rp2040/rp2040_usb.c.obj
                0x20000598                ep_dir_string
 .data._usbd_qdef
                0x200005a0       0x24 CMakeFiles/TalonFirmware.dir/home/raahi/pico-sdk/lib/tinyusb/src/device/usbd.c.obj
                0x200005a0                _usbd_qdef
 .data.i2c1_inst
                0x200005c4        0x8 CMakeFiles/TalonFirmware.dir/home/raahi/pico-sdk/src/rp2_common/hardware_i2c/i2c.c.obj
                0x200005c4                i2c1_inst
 .data.i2c0_inst
                0x200005cc        0x8 CMakeFiles/TalonFirmware.dir/home/raahi/pico-sdk/src/rp2_common/hardware_i2c/i2c.c.obj
                0x200005cc                i2c0_inst
 .data.__atexit_recursive_mutex
                0x200005d4        0x4 /usr/lib/gcc/arm-none-eabi/12.2.0/../../../../arm-none-eabi/lib/thumb/v6-m/nofp/libc.a(libc_a-__call_atexit.o)
                0x200005d4                __atexit_recursive_mutex
                0x200005d8                        . = ALIGN (0x4)
 *(.after_data.*)
                0x200005d8                        . = ALIGN (0x4)
                0x200005d8                        PROVIDE (__mutex_array_start = .)
 *(SORT_BY_NAME(.mutex_array.*))
 *(.mutex_array)
 .mutex_array   0x200005d8        0x8 CMakeFiles/TalonFirmware.dir/home/raahi/pico-sdk/src/rp2_common/pico_malloc/pico_malloc.c.obj
 .mutex_array   0x200005e0        0x8 CMakeFiles/TalonFirmware.dir/home/raahi/pico-sdk/src/rp2_common/pico_stdio/stdio.c.obj
                0x200005e8                        PROVIDE (__mutex_array_end = .)
                0x200005e8                        . = ALIGN (0x4)
                0x200005e8                        PROVIDE (__preinit_array_start = .)
 *(SORT_BY_NAME(.preinit_array.*))
 .preinit_array.00001
                0x200005e8        0x4 CMakeFiles/TalonFirmware.dir/home/raahi/pico-sdk/src/rp2_common/pico_mem_ops/mem_ops_aeabi.S.obj
 .preinit_array.00010
                0x200005ec        0x4 CMakeFiles/TalonFirmware.dir/home/raahi/pico-sdk/src/rp2_common/pico_bit_ops/bit_ops_aeabi.S.obj
 .preinit_array.00020
                0x200005f0        0x4 CMakeFiles/TalonFirmware.dir/home/raahi/pico-sdk/src/rp2_common/pico_double/double_aeabi.S.obj
 .preinit_array.00020
                0x200005f4        0x4 CMakeFiles/TalonFirmware.dir/home/raahi/pico-sdk/src/rp2_common/pico_float/float_aeabi.S.obj
 *(.preinit_array)
                0x200005f8                        PROVIDE (__preinit_array_end = .)
                0x200005f8                        . = ALIGN (0x4)
                0x200005f8                        PROVIDE (__init_array_start = .)
 *(SORT_BY_NAME(.init_array.*))
 .init_array.00000
                0x200005f8        0x4 /usr/lib/gcc/arm-none-eabi/12.2.0/../../../../arm-none-eabi/lib/thumb/v6-m/nofp/libc.a(libc_a-__call_atexit.o)
 *(.init_array)
 .init_array    0x200005fc        0x4 /usr/lib/gcc/arm-none-eabi/12.2.0/thumb/v6-m/nofp/crtbegin.o
 .init_array    0x20000600        0x4 CMakeFiles/TalonFirmware.dir/home/raahi/pico-sdk/src/rp2_common/pico_unique_id/unique_id.c.obj
                0x20000604                        PROVIDE (__init_array_end = .)
                0x20000604                        . = ALIGN (0x4)
                0x20000604                        PROVIDE (__fini_array_start = .)
 *(SORT_BY_NAME(.fini_array.*))
 *(.fini_array)
                0x20000604                        PROVIDE (__fini_array_end = .)
 *(.jcr)
                0x20000604                        . = ALIGN (0x4)
                0x20000604                        __data_end__ = .

.igot.plt       0x20000604        0x0 load address 0x10008c48
 .igot.plt      0x20000604        0x0 /usr/lib/gcc/arm-none-eabi/12.2.0/thumb/v6-m/nofp/crtbegin.o

.uninitialized_data
                0x20000604        0x0 load address 0x10008c48
                0x20000604                        . = ALIGN (0x4)
 *(.uninitialized_data*)

.scratch_x      0x20040000        0x0 load address 0x10008c48
                0x20040000                        __scratch_x_start__ = .
 *(.scratch_x.*)
                0x20040000                        . = ALIGN (0x4)
                0x20040000                        __scratch_x_end__ = .
                0x10008c48                        __scratch_x_source__ = LOADADDR (.scratch_x)

.scratch_y      0x20041000        0x0 load address 0x10008c48
                0x20041000                        __scratch_y_start__ = .
 *(.scratch_y.*)
                0x20041000                        . = ALIGN (0x4)
                0x20041000                        __scratch_y_end__ = .
                0x10008c48                        __scratch_y_source__ = LOADADDR (.scratch_y)

.bss            0x20000608      0xf60
                0x20000608                        . = ALIGN (0x4)
                0x20000608                        __bss_start__ = .
 *(SORT_BY_ALIGNMENT(SORT_BY_NAME(.bss*)))
 .bss.configured_freq
                0x20000608       0x28 CMakeFiles/TalonFirmware.dir/home/raahi/pico-sdk/src/rp2_common/hardware_clocks/clocks.c.obj
 .bss.default_alarm_pool_entries
                0x20000630      0x100 CMakeFiles/TalonFirmware.dir/home/raahi/pico-sdk/src/common/pico_time/time.c.obj
 .bss.last_avail_time.1
                0x20000730        0x8 CMakeFiles/TalonFirmware.dir/home/raahi/pico-sdk/src/rp2_common/pico_stdio_usb/stdio_usb.c.obj
 .bss.sd_table  0x20000738      0x100 CMakeFiles/TalonFirmware.dir/home/raahi/pico-sdk/src/rp2_common/pico_double/double_init_rom.c.obj
                0x20000738                sd_table
 .bss.sf_table  0x20000838      0x100 CMakeFiles/TalonFirmware.dir/home/raahi/pico-sdk/src/rp2_common/pico_float/float_init_rom.c.obj
                0x20000838                sf_table
 .bss.__atexit  0x20000938        0x4 /usr/lib/gcc/arm-none-eabi/12.2.0/../../../../arm-none-eabi/lib/thumb/v6-m/nofp/libc.a(libc_a-__call_atexit.o)
                0x20000938                __atexit
 .bss.__atexit0
                0x2000093c      0x190 /usr/lib/gcc/arm-none-eabi/12.2.0/../../../../arm-none-eabi/lib/thumb/v6-m/nofp/libc.a(libc_a-__atexit.o)
                0x2000093c                __atexit0
 .bss.__lock___atexit_recursive_mutex
                0x20000acc        0x1 /usr/lib/gcc/arm-none-eabi/12.2.0/../../../../arm-none-eabi/lib/thumb/v6-m/nofp/libc.a(libc_a-lock.o)
                0x20000acc                __lock___atexit_recursive_mutex
 *fill*         0x20000acd        0x3 
 .bss._app_driver
                0x20000ad0        0x4 CMakeFiles/TalonFirmware.dir/home/raahi/pico-sdk/lib/tinyusb/src/device/usbd.c.obj
 .bss._cdcd_itf
                0x20000ad4      0x2d8 CMakeFiles/TalonFirmware.dir/home/raahi/pico-sdk/lib/tinyusb/src/class/cdc/cdc_device.c.obj
 .bss._ctrl_xfer
                0x20000dac       0x14 CMakeFiles/TalonFirmware.dir/home/raahi/pico-sdk/lib/tinyusb/src/device/usbd_control.c.obj
 .bss._ubsd_mutexdef
                0x20000dc0        0x8 CMakeFiles/TalonFirmware.dir/home/raahi/pico-sdk/lib/tinyusb/src/device/usbd.c.obj
 .bss._usbd_ctrl_buf
                0x20000dc8       0x40 CMakeFiles/TalonFirmware.dir/home/raahi/pico-sdk/lib/tinyusb/src/device/usbd_control.c.obj
 .bss._usbd_dev
                0x20000e08       0x53 CMakeFiles/TalonFirmware.dir/home/raahi/pico-sdk/lib/tinyusb/src/device/usbd.c.obj
 *fill*         0x20000e5b        0x1 
 .bss._usbd_mutex
                0x20000e5c        0x4 CMakeFiles/TalonFirmware.dir/home/raahi/pico-sdk/lib/tinyusb/src/device/usbd.c.obj
 .bss._usbd_q   0x20000e60        0x4 CMakeFiles/TalonFirmware.dir/home/raahi/pico-sdk/lib/tinyusb/src/device/usbd.c.obj
 .bss._usbd_qdef_buf
                0x20000e64       0xc0 CMakeFiles/TalonFirmware.dir/home/raahi/pico-sdk/lib/tinyusb/src/device/usbd.c.obj
                0x20000e64                _usbd_qdef_buf
 .bss.alarm_callbacks
                0x20000f24       0x10 CMakeFiles/TalonFirmware.dir/home/raahi/pico-sdk/src/rp2_common/hardware_timer/timer.c.obj
 .bss.boot2_copyout
                0x20000f34      0x100 CMakeFiles/TalonFirmware.dir/home/raahi/pico-sdk/src/rp2_common/hardware_flash/flash.c.obj
 .bss.callbacks
                0x20001034        0x8 CMakeFiles/TalonFirmware.dir/home/raahi/pico-sdk/src/rp2_common/hardware_gpio/gpio.c.obj
 .bss.chars_available_callback
                0x2000103c        0x4 CMakeFiles/TalonFirmware.dir/home/raahi/pico-sdk/src/rp2_common/pico_stdio_usb/stdio_usb.c.obj
 .bss.chars_available_param
                0x20001040        0x4 CMakeFiles/TalonFirmware.dir/home/raahi/pico-sdk/src/rp2_common/pico_stdio_usb/stdio_usb.c.obj
 .bss.claimed   0x20001044        0x4 CMakeFiles/TalonFirmware.dir/home/raahi/pico-sdk/src/rp2_common/hardware_sync/sync.c.obj
 .bss.data      0x20001048       0x16 CMakeFiles/TalonFirmware.dir/main.c.obj
                0x20001048                data
 *fill*         0x2000105e        0x2 
 .bss.default_alarm_pool_entry_ids_high
                0x20001060       0x10 CMakeFiles/TalonFirmware.dir/home/raahi/pico-sdk/src/common/pico_time/time.c.obj
 .bss.default_alarm_pool_heap_nodes
                0x20001070       0x30 CMakeFiles/TalonFirmware.dir/home/raahi/pico-sdk/src/common/pico_time/time.c.obj
 .bss.desc_str.0
                0x200010a0       0x28 CMakeFiles/TalonFirmware.dir/home/raahi/pico-sdk/src/rp2_common/pico_stdio_usb/stdio_usb_descriptors.c.obj
 .bss.drivers   0x200010c8        0x4 CMakeFiles/TalonFirmware.dir/home/raahi/pico-sdk/src/rp2_common/pico_stdio/stdio.c.obj
 .bss.filter    0x200010cc        0x4 CMakeFiles/TalonFirmware.dir/home/raahi/pico-sdk/src/rp2_common/pico_stdio/stdio.c.obj
 .bss.hw_endpoints
                0x200010d0      0x400 CMakeFiles/TalonFirmware.dir/home/raahi/pico-sdk/lib/tinyusb/src/portable/raspberrypi/rp2040/dcd_rp2040.c.obj
 .bss.lazy_vsnprintf
                0x200014d0        0x4 CMakeFiles/TalonFirmware.dir/home/raahi/pico-sdk/src/rp2_common/pico_printf/printf.c.obj
 .bss.load_value
                0x200014d4        0x4 CMakeFiles/TalonFirmware.dir/home/raahi/pico-sdk/src/rp2_common/hardware_watchdog/watchdog.c.obj
 .bss.next_buffer_ptr
                0x200014d8        0x4 CMakeFiles/TalonFirmware.dir/home/raahi/pico-sdk/lib/tinyusb/src/portable/raspberrypi/rp2040/dcd_rp2040.c.obj
 .bss.object.0  0x200014dc       0x18 /usr/lib/gcc/arm-none-eabi/12.2.0/thumb/v6-m/nofp/crtbegin.o
 .bss.one_shot_timer_crit_sec
                0x200014f4        0x8 CMakeFiles/TalonFirmware.dir/home/raahi/pico-sdk/src/rp2_common/pico_stdio_usb/stdio_usb.c.obj
 .bss.pools     0x200014fc       0x10 CMakeFiles/TalonFirmware.dir/home/raahi/pico-sdk/src/common/pico_time/time.c.obj
 .bss.raw_irq_mask
                0x2000150c        0x8 CMakeFiles/TalonFirmware.dir/home/raahi/pico-sdk/src/rp2_common/hardware_gpio/gpio.c.obj
 .bss.retrieved_id
                0x20001514        0x8 CMakeFiles/TalonFirmware.dir/home/raahi/pico-sdk/src/rp2_common/pico_unique_id/unique_id.c.obj
 .bss.sf_clz_func
                0x2000151c        0x4 CMakeFiles/TalonFirmware.dir/home/raahi/pico-sdk/src/rp2_common/pico_double/double_init_rom.c.obj
                0x2000151c                sf_clz_func
 .bss.sleep_notifier
                0x20001520        0x4 CMakeFiles/TalonFirmware.dir/home/raahi/pico-sdk/src/common/pico_time/time.c.obj
 .bss.soc       0x20001524        0x4 CMakeFiles/TalonFirmware.dir/main.c.obj
                0x20001524                soc
 .bss.stdio_usb_mutex
                0x20001528        0x8 CMakeFiles/TalonFirmware.dir/home/raahi/pico-sdk/src/rp2_common/pico_stdio_usb/stdio_usb.c.obj
 .bss.target_hi
                0x20001530       0x10 CMakeFiles/TalonFirmware.dir/home/raahi/pico-sdk/src/rp2_common/hardware_timer/timer.c.obj
 .bss.uart_char_to_line_feed
                0x20001540        0x4 CMakeFiles/TalonFirmware.dir/home/raahi/pico-sdk/src/rp2_common/hardware_uart/uart.c.obj
                0x20001540                uart_char_to_line_feed
 .bss.usbd_serial_str
                0x20001544       0x11 CMakeFiles/TalonFirmware.dir/home/raahi/pico-sdk/src/rp2_common/pico_stdio_usb/stdio_usb_descriptors.c.obj
 *fill*         0x20001555        0x3 
 .bss.voltage   0x20001558        0x4 CMakeFiles/TalonFirmware.dir/main.c.obj
                0x20001558                voltage
 .bss._app_driver_count
                0x2000155c        0x1 CMakeFiles/TalonFirmware.dir/home/raahi/pico-sdk/lib/tinyusb/src/device/usbd.c.obj
 .bss._usbd_initialized
                0x2000155d        0x1 CMakeFiles/TalonFirmware.dir/home/raahi/pico-sdk/lib/tinyusb/src/device/usbd.c.obj
 .bss.boot2_copyout_valid
                0x2000155e        0x1 CMakeFiles/TalonFirmware.dir/home/raahi/pico-sdk/src/rp2_common/hardware_flash/flash.c.obj
 .bss.claimed   0x2000155f        0x1 CMakeFiles/TalonFirmware.dir/home/raahi/pico-sdk/src/rp2_common/hardware_timer/timer.c.obj
 .bss.first_drdy_fall_detected
                0x20001560        0x1 CMakeFiles/TalonFirmware.dir/main.c.obj
                0x20001560                first_drdy_fall_detected
 .bss.irq_hander_chain_free_slot_head
                0x20001561        0x1 CMakeFiles/TalonFirmware.dir/home/raahi/pico-sdk/src/rp2_common/hardware_irq/irq.c.obj
 .bss.itf_num   0x20001562        0x1 CMakeFiles/TalonFirmware.dir/home/raahi/pico-sdk/src/rp2_common/pico_stdio_usb/reset_interface.c.obj
 .bss.low_priority_irq_num
                0x20001563        0x1 CMakeFiles/TalonFirmware.dir/home/raahi/pico-sdk/src/rp2_common/pico_stdio_usb/stdio_usb.c.obj
 .bss.one_shot_timer_pending
                0x20001564        0x1 CMakeFiles/TalonFirmware.dir/home/raahi/pico-sdk/src/rp2_common/pico_stdio_usb/stdio_usb.c.obj
 .bss.timer_callbacks_pending
                0x20001565        0x1 CMakeFiles/TalonFirmware.dir/home/raahi/pico-sdk/src/rp2_common/hardware_timer/timer.c.obj
 .bss.user_irq_claimed
                0x20001566        0x1 CMakeFiles/TalonFirmware.dir/home/raahi/pico-sdk/src/rp2_common/hardware_irq/irq.c.obj
 *(COMMON)
                0x20001568                        . = ALIGN (0x4)
 *fill*         0x20001567        0x1 
                0x20001568                        __bss_end__ = .

.heap           0x20001568      0x800
                0x20001568                        __end__ = .
                0x20001568                        end = __end__
 *(.heap*)
 .heap          0x20001568      0x800 CMakeFiles/TalonFirmware.dir/home/raahi/pico-sdk/src/rp2_common/pico_standard_link/crt0.S.obj
                0x20001d68                        __HeapLimit = .

.stack1_dummy   0x20040000      0x800
 *(.stack1*)
 .stack1        0x20040000      0x800 CMakeFiles/TalonFirmware.dir/home/raahi/pico-sdk/src/rp2_common/pico_multicore/multicore.c.obj

.stack_dummy    0x20041000      0x800
 *(.stack*)
 .stack         0x20041000      0x800 CMakeFiles/TalonFirmware.dir/home/raahi/pico-sdk/src/rp2_common/pico_standard_link/crt0.S.obj

.flash_end      0x10008c48        0x0
                0x10008c48                        __flash_binary_end = .
                0x20040000                        __StackLimit = (ORIGIN (RAM) + LENGTH (RAM))
                0x20041000                        __StackOneTop = (ORIGIN (SCRATCH_X) + LENGTH (SCRATCH_X))
                0x20042000                        __StackTop = (ORIGIN (SCRATCH_Y) + LENGTH (SCRATCH_Y))
                0x20040800                        __StackOneBottom = (__StackOneTop - SIZEOF (.stack1_dummy))
                0x20041800                        __StackBottom = (__StackTop - SIZEOF (.stack_dummy))
                0x20042000                        PROVIDE (__stack = __StackTop)
                0x00000001                        ASSERT ((__StackLimit >= __HeapLimit), region RAM overflowed)
                0x00000001                        ASSERT (((__binary_info_header_end - __logical_binary_start) <= 0x100), Binary info must be in first 256 bytes of the binary)
LOAD CMakeFiles/TalonFirmware.dir/main.c.obj
LOAD CMakeFiles/TalonFirmware.dir/home/raahi/pico-sdk/src/rp2_common/pico_stdlib/stdlib.c.obj
LOAD CMakeFiles/TalonFirmware.dir/home/raahi/pico-sdk/src/rp2_common/hardware_gpio/gpio.c.obj
LOAD CMakeFiles/TalonFirmware.dir/home/raahi/pico-sdk/src/rp2_common/pico_platform/platform.c.obj
LOAD CMakeFiles/TalonFirmware.dir/home/raahi/pico-sdk/src/rp2_common/hardware_claim/claim.c.obj
LOAD CMakeFiles/TalonFirmware.dir/home/raahi/pico-sdk/src/rp2_common/hardware_sync/sync.c.obj
LOAD CMakeFiles/TalonFirmware.dir/home/raahi/pico-sdk/src/rp2_common/hardware_irq/irq.c.obj
LOAD CMakeFiles/TalonFirmware.dir/home/raahi/pico-sdk/src/rp2_common/hardware_irq/irq_handler_chain.S.obj
LOAD CMakeFiles/TalonFirmware.dir/home/raahi/pico-sdk/src/common/pico_sync/sem.c.obj
LOAD CMakeFiles/TalonFirmware.dir/home/raahi/pico-sdk/src/common/pico_sync/lock_core.c.obj
LOAD CMakeFiles/TalonFirmware.dir/home/raahi/pico-sdk/src/common/pico_sync/mutex.c.obj
LOAD CMakeFiles/TalonFirmware.dir/home/raahi/pico-sdk/src/common/pico_sync/critical_section.c.obj
LOAD CMakeFiles/TalonFirmware.dir/home/raahi/pico-sdk/src/common/pico_time/time.c.obj
LOAD CMakeFiles/TalonFirmware.dir/home/raahi/pico-sdk/src/common/pico_time/timeout_helper.c.obj
LOAD CMakeFiles/TalonFirmware.dir/home/raahi/pico-sdk/src/rp2_common/hardware_timer/timer.c.obj
LOAD CMakeFiles/TalonFirmware.dir/home/raahi/pico-sdk/src/common/pico_util/datetime.c.obj
LOAD CMakeFiles/TalonFirmware.dir/home/raahi/pico-sdk/src/common/pico_util/pheap.c.obj
LOAD CMakeFiles/TalonFirmware.dir/home/raahi/pico-sdk/src/common/pico_util/queue.c.obj
LOAD CMakeFiles/TalonFirmware.dir/home/raahi/pico-sdk/src/rp2_common/hardware_uart/uart.c.obj
LOAD CMakeFiles/TalonFirmware.dir/home/raahi/pico-sdk/src/rp2_common/hardware_clocks/clocks.c.obj
LOAD CMakeFiles/TalonFirmware.dir/home/raahi/pico-sdk/src/rp2_common/hardware_pll/pll.c.obj
LOAD CMakeFiles/TalonFirmware.dir/home/raahi/pico-sdk/src/rp2_common/hardware_vreg/vreg.c.obj
LOAD CMakeFiles/TalonFirmware.dir/home/raahi/pico-sdk/src/rp2_common/hardware_watchdog/watchdog.c.obj
LOAD CMakeFiles/TalonFirmware.dir/home/raahi/pico-sdk/src/rp2_common/hardware_xosc/xosc.c.obj
LOAD CMakeFiles/TalonFirmware.dir/home/raahi/pico-sdk/src/rp2_common/hardware_divider/divider.S.obj
LOAD CMakeFiles/TalonFirmware.dir/home/raahi/pico-sdk/src/rp2_common/pico_runtime/runtime.c.obj
LOAD CMakeFiles/TalonFirmware.dir/home/raahi/pico-sdk/src/rp2_common/pico_printf/printf.c.obj
LOAD CMakeFiles/TalonFirmware.dir/home/raahi/pico-sdk/src/rp2_common/pico_bit_ops/bit_ops_aeabi.S.obj
LOAD CMakeFiles/TalonFirmware.dir/home/raahi/pico-sdk/src/rp2_common/pico_bootrom/bootrom.c.obj
LOAD CMakeFiles/TalonFirmware.dir/home/raahi/pico-sdk/src/rp2_common/pico_divider/divider.S.obj
LOAD CMakeFiles/TalonFirmware.dir/home/raahi/pico-sdk/src/rp2_common/pico_double/double_aeabi.S.obj
LOAD CMakeFiles/TalonFirmware.dir/home/raahi/pico-sdk/src/rp2_common/pico_double/double_init_rom.c.obj
LOAD CMakeFiles/TalonFirmware.dir/home/raahi/pico-sdk/src/rp2_common/pico_double/double_math.c.obj
LOAD CMakeFiles/TalonFirmware.dir/home/raahi/pico-sdk/src/rp2_common/pico_double/double_v1_rom_shim.S.obj
LOAD CMakeFiles/TalonFirmware.dir/home/raahi/pico-sdk/src/rp2_common/pico_int64_ops/pico_int64_ops_aeabi.S.obj
LOAD CMakeFiles/TalonFirmware.dir/home/raahi/pico-sdk/src/rp2_common/pico_float/float_aeabi.S.obj
LOAD CMakeFiles/TalonFirmware.dir/home/raahi/pico-sdk/src/rp2_common/pico_float/float_init_rom.c.obj
LOAD CMakeFiles/TalonFirmware.dir/home/raahi/pico-sdk/src/rp2_common/pico_float/float_math.c.obj
LOAD CMakeFiles/TalonFirmware.dir/home/raahi/pico-sdk/src/rp2_common/pico_float/float_v1_rom_shim.S.obj
LOAD CMakeFiles/TalonFirmware.dir/home/raahi/pico-sdk/src/rp2_common/pico_malloc/pico_malloc.c.obj
LOAD CMakeFiles/TalonFirmware.dir/home/raahi/pico-sdk/src/rp2_common/pico_mem_ops/mem_ops_aeabi.S.obj
LOAD CMakeFiles/TalonFirmware.dir/home/raahi/pico-sdk/src/rp2_common/pico_standard_link/crt0.S.obj
LOAD CMakeFiles/TalonFirmware.dir/home/raahi/pico-sdk/src/rp2_common/pico_standard_link/new_delete.cpp.obj
LOAD CMakeFiles/TalonFirmware.dir/home/raahi/pico-sdk/src/rp2_common/pico_standard_link/binary_info.c.obj
LOAD CMakeFiles/TalonFirmware.dir/home/raahi/pico-sdk/src/rp2_common/pico_stdio/stdio.c.obj
LOAD CMakeFiles/TalonFirmware.dir/home/raahi/pico-sdk/src/rp2_common/pico_stdio_usb/reset_interface.c.obj
LOAD CMakeFiles/TalonFirmware.dir/home/raahi/pico-sdk/src/rp2_common/pico_stdio_usb/stdio_usb.c.obj
LOAD CMakeFiles/TalonFirmware.dir/home/raahi/pico-sdk/src/rp2_common/pico_stdio_usb/stdio_usb_descriptors.c.obj
LOAD CMakeFiles/TalonFirmware.dir/home/raahi/pico-sdk/src/rp2_common/pico_unique_id/unique_id.c.obj
LOAD CMakeFiles/TalonFirmware.dir/home/raahi/pico-sdk/src/rp2_common/hardware_flash/flash.c.obj
LOAD CMakeFiles/TalonFirmware.dir/home/raahi/pico-sdk/lib/tinyusb/src/portable/raspberrypi/rp2040/dcd_rp2040.c.obj
LOAD CMakeFiles/TalonFirmware.dir/home/raahi/pico-sdk/lib/tinyusb/src/portable/raspberrypi/rp2040/rp2040_usb.c.obj
LOAD CMakeFiles/TalonFirmware.dir/home/raahi/pico-sdk/lib/tinyusb/src/device/usbd.c.obj
LOAD CMakeFiles/TalonFirmware.dir/home/raahi/pico-sdk/lib/tinyusb/src/device/usbd_control.c.obj
LOAD CMakeFiles/TalonFirmware.dir/home/raahi/pico-sdk/lib/tinyusb/src/class/audio/audio_device.c.obj
LOAD CMakeFiles/TalonFirmware.dir/home/raahi/pico-sdk/lib/tinyusb/src/class/cdc/cdc_device.c.obj
LOAD CMakeFiles/TalonFirmware.dir/home/raahi/pico-sdk/lib/tinyusb/src/class/dfu/dfu_device.c.obj
LOAD CMakeFiles/TalonFirmware.dir/home/raahi/pico-sdk/lib/tinyusb/src/class/dfu/dfu_rt_device.c.obj
LOAD CMakeFiles/TalonFirmware.dir/home/raahi/pico-sdk/lib/tinyusb/src/class/hid/hid_device.c.obj
LOAD CMakeFiles/TalonFirmware.dir/home/raahi/pico-sdk/lib/tinyusb/src/class/midi/midi_device.c.obj
LOAD CMakeFiles/TalonFirmware.dir/home/raahi/pico-sdk/lib/tinyusb/src/class/msc/msc_device.c.obj
LOAD CMakeFiles/TalonFirmware.dir/home/raahi/pico-sdk/lib/tinyusb/src/class/net/ecm_rndis_device.c.obj
LOAD CMakeFiles/TalonFirmware.dir/home/raahi/pico-sdk/lib/tinyusb/src/class/net/ncm_device.c.obj
LOAD CMakeFiles/TalonFirmware.dir/home/raahi/pico-sdk/lib/tinyusb/src/class/usbtmc/usbtmc_device.c.obj
LOAD CMakeFiles/TalonFirmware.dir/home/raahi/pico-sdk/lib/tinyusb/src/class/vendor/vendor_device.c.obj
LOAD CMakeFiles/TalonFirmware.dir/home/raahi/pico-sdk/lib/tinyusb/src/class/video/video_device.c.obj
LOAD CMakeFiles/TalonFirmware.dir/home/raahi/pico-sdk/lib/tinyusb/src/tusb.c.obj
LOAD CMakeFiles/TalonFirmware.dir/home/raahi/pico-sdk/lib/tinyusb/src/common/tusb_fifo.c.obj
LOAD CMakeFiles/TalonFirmware.dir/home/raahi/pico-sdk/src/rp2_common/pico_fix/rp2040_usb_device_enumeration/rp2040_usb_device_enumeration.c.obj
LOAD CMakeFiles/TalonFirmware.dir/home/raahi/pico-sdk/src/rp2_common/pico_multicore/multicore.c.obj
LOAD CMakeFiles/TalonFirmware.dir/home/raahi/pico-sdk/src/rp2_common/hardware_i2c/i2c.c.obj
LOAD CMakeFiles/TalonFirmware.dir/home/raahi/pico-sdk/src/rp2_common/hardware_spi/spi.c.obj
LOAD CMakeFiles/TalonFirmware.dir/home/raahi/pico-sdk/src/rp2_common/hardware_pio/pio.c.obj
LOAD /tmp/cc3ZxIte.o
LOAD /usr/lib/gcc/arm-none-eabi/12.2.0/../../../../arm-none-eabi/lib/thumb/v6-m/nofp/libstdc++.a
LOAD /usr/lib/gcc/arm-none-eabi/12.2.0/../../../../arm-none-eabi/lib/thumb/v6-m/nofp/libm.a
START GROUP
LOAD /usr/lib/gcc/arm-none-eabi/12.2.0/thumb/v6-m/nofp/libgcc.a
LOAD /usr/lib/gcc/arm-none-eabi/12.2.0/../../../../arm-none-eabi/lib/thumb/v6-m/nofp/libc.a
END GROUP
START GROUP
LOAD /usr/lib/gcc/arm-none-eabi/12.2.0/thumb/v6-m/nofp/libgcc.a
LOAD /usr/lib/gcc/arm-none-eabi/12.2.0/../../../../arm-none-eabi/lib/thumb/v6-m/nofp/libc.a
LOAD /usr/lib/gcc/arm-none-eabi/12.2.0/../../../../arm-none-eabi/lib/thumb/v6-m/nofp/libnosys.a
END GROUP
LOAD /usr/lib/gcc/arm-none-eabi/12.2.0/thumb/v6-m/nofp/crtend.o
LOAD /usr/lib/gcc/arm-none-eabi/12.2.0/thumb/v6-m/nofp/crtn.o
OUTPUT(TalonFirmware.elf elf32-littlearm)
LOAD linker stubs

.ARM.attributes
                0x00000000       0x28
 .ARM.attributes
                0x00000000       0x1e /usr/lib/gcc/arm-none-eabi/12.2.0/thumb/v6-m/nofp/crti.o
 .ARM.attributes
                0x0000001e       0x2c /usr/lib/gcc/arm-none-eabi/12.2.0/thumb/v6-m/nofp/crtbegin.o
 .ARM.attributes
                0x0000004a       0x2c CMakeFiles/TalonFirmware.dir/main.c.obj
 .ARM.attributes
                0x00000076       0x2c CMakeFiles/TalonFirmware.dir/home/raahi/pico-sdk/src/rp2_common/hardware_gpio/gpio.c.obj
 .ARM.attributes
                0x000000a2       0x2c CMakeFiles/TalonFirmware.dir/home/raahi/pico-sdk/src/rp2_common/pico_platform/platform.c.obj
 .ARM.attributes
                0x000000ce       0x2c CMakeFiles/TalonFirmware.dir/home/raahi/pico-sdk/src/rp2_common/hardware_claim/claim.c.obj
 .ARM.attributes
                0x000000fa       0x2c CMakeFiles/TalonFirmware.dir/home/raahi/pico-sdk/src/rp2_common/hardware_sync/sync.c.obj
 .ARM.attributes
                0x00000126       0x2c CMakeFiles/TalonFirmware.dir/home/raahi/pico-sdk/src/rp2_common/hardware_irq/irq.c.obj
 .ARM.attributes
                0x00000152       0x22 CMakeFiles/TalonFirmware.dir/home/raahi/pico-sdk/src/rp2_common/hardware_irq/irq_handler_chain.S.obj
 .ARM.attributes
                0x00000174       0x2c CMakeFiles/TalonFirmware.dir/home/raahi/pico-sdk/src/common/pico_sync/lock_core.c.obj
 .ARM.attributes
                0x000001a0       0x2c CMakeFiles/TalonFirmware.dir/home/raahi/pico-sdk/src/common/pico_sync/mutex.c.obj
 .ARM.attributes
                0x000001cc       0x2c CMakeFiles/TalonFirmware.dir/home/raahi/pico-sdk/src/common/pico_sync/critical_section.c.obj
 .ARM.attributes
                0x000001f8       0x2c CMakeFiles/TalonFirmware.dir/home/raahi/pico-sdk/src/common/pico_time/time.c.obj
 .ARM.attributes
                0x00000224       0x2c CMakeFiles/TalonFirmware.dir/home/raahi/pico-sdk/src/rp2_common/hardware_timer/timer.c.obj
 .ARM.attributes
                0x00000250       0x2c CMakeFiles/TalonFirmware.dir/home/raahi/pico-sdk/src/common/pico_util/pheap.c.obj