Archive member included to satisfy reference by file (symbol)

c:/progra~2/arm gnu toolchain arm-none-eabi/12.2 rel1/bin/../lib/gcc/arm-none-eabi/12.2.1/thumb/v6-m/nofp\libgcc.a(_dvmd_tls.o)
                              CMakeFiles/TalonFirmware.dir/C_/Users/David_Zaha/Desktop/2022_school_year/YWISE/pico-sdk/src/rp2_common/pico_divider/divider.S.obj (__aeabi_idiv0)
c:/progra~2/arm gnu toolchain arm-none-eabi/12.2 rel1/bin/../lib/gcc/arm-none-eabi/12.2.1/thumb/v6-m/nofp\libg.a(libc_a-calloc.o)
                              CMakeFiles/TalonFirmware.dir/C_/Users/David_Zaha/Desktop/2022_school_year/YWISE/pico-sdk/src/rp2_common/pico_malloc/pico_malloc.c.obj (calloc)
c:/progra~2/arm gnu toolchain arm-none-eabi/12.2 rel1/bin/../lib/gcc/arm-none-eabi/12.2.1/thumb/v6-m/nofp\libg.a(libc_a-callocr.o)
                              c:/progra~2/arm gnu toolchain arm-none-eabi/12.2 rel1/bin/../lib/gcc/arm-none-eabi/12.2.1/thumb/v6-m/nofp\libg.a(libc_a-calloc.o) (_calloc_r)
c:/progra~2/arm gnu toolchain arm-none-eabi/12.2 rel1/bin/../lib/gcc/arm-none-eabi/12.2.1/thumb/v6-m/nofp\libg.a(libc_a-malloc.o)
                              CMakeFiles/TalonFirmware.dir/C_/Users/David_Zaha/Desktop/2022_school_year/YWISE/pico-sdk/src/rp2_common/pico_malloc/pico_malloc.c.obj (malloc)
c:/progra~2/arm gnu toolchain arm-none-eabi/12.2 rel1/bin/../lib/gcc/arm-none-eabi/12.2.1/thumb/v6-m/nofp\libg.a(libc_a-mallocr.o)
                              c:/progra~2/arm gnu toolchain arm-none-eabi/12.2 rel1/bin/../lib/gcc/arm-none-eabi/12.2.1/thumb/v6-m/nofp\libg.a(libc_a-callocr.o) (_malloc_r)
c:/progra~2/arm gnu toolchain arm-none-eabi/12.2 rel1/bin/../lib/gcc/arm-none-eabi/12.2.1/thumb/v6-m/nofp\libg.a(libc_a-mlock.o)
                              c:/progra~2/arm gnu toolchain arm-none-eabi/12.2 rel1/bin/../lib/gcc/arm-none-eabi/12.2.1/thumb/v6-m/nofp\libg.a(libc_a-mallocr.o) (__malloc_lock)
c:/progra~2/arm gnu toolchain arm-none-eabi/12.2 rel1/bin/../lib/gcc/arm-none-eabi/12.2.1/thumb/v6-m/nofp\libg.a(libc_a-realloc.o)
                              CMakeFiles/TalonFirmware.dir/C_/Users/David_Zaha/Desktop/2022_school_year/YWISE/pico-sdk/src/rp2_common/pico_malloc/pico_malloc.c.obj (realloc)
c:/progra~2/arm gnu toolchain arm-none-eabi/12.2 rel1/bin/../lib/gcc/arm-none-eabi/12.2.1/thumb/v6-m/nofp\libg.a(libc_a-reallocr.o)
                              c:/progra~2/arm gnu toolchain arm-none-eabi/12.2 rel1/bin/../lib/gcc/arm-none-eabi/12.2.1/thumb/v6-m/nofp\libg.a(libc_a-realloc.o) (_realloc_r)
c:/progra~2/arm gnu toolchain arm-none-eabi/12.2 rel1/bin/../lib/gcc/arm-none-eabi/12.2.1/thumb/v6-m/nofp\libg.a(libc_a-memmove.o)
                              c:/progra~2/arm gnu toolchain arm-none-eabi/12.2 rel1/bin/../lib/gcc/arm-none-eabi/12.2.1/thumb/v6-m/nofp\libg.a(libc_a-reallocr.o) (memmove)
c:/progra~2/arm gnu toolchain arm-none-eabi/12.2 rel1/bin/../lib/gcc/arm-none-eabi/12.2.1/thumb/v6-m/nofp\libg.a(libc_a-impure.o)
                              c:/progra~2/arm gnu toolchain arm-none-eabi/12.2 rel1/bin/../lib/gcc/arm-none-eabi/12.2.1/thumb/v6-m/nofp\libg.a(libc_a-calloc.o) (_impure_ptr)
c:/progra~2/arm gnu toolchain arm-none-eabi/12.2 rel1/bin/../lib/gcc/arm-none-eabi/12.2.1/thumb/v6-m/nofp\libg.a(libc_a-sbrkr.o)
                              c:/progra~2/arm gnu toolchain arm-none-eabi/12.2 rel1/bin/../lib/gcc/arm-none-eabi/12.2.1/thumb/v6-m/nofp\libg.a(libc_a-mallocr.o) (_sbrk_r)
c:/progra~2/arm gnu toolchain arm-none-eabi/12.2 rel1/bin/../lib/gcc/arm-none-eabi/12.2.1/thumb/v6-m/nofp\libg.a(libc_a-errno.o)
                              c:/progra~2/arm gnu toolchain arm-none-eabi/12.2 rel1/bin/../lib/gcc/arm-none-eabi/12.2.1/thumb/v6-m/nofp\libg.a(libc_a-callocr.o) (__errno)
c:/progra~2/arm gnu toolchain arm-none-eabi/12.2 rel1/bin/../lib/gcc/arm-none-eabi/12.2.1/thumb/v6-m/nofp\libg.a(libc_a-init.o)
                              c:/progra~2/arm gnu toolchain arm-none-eabi/12.2 rel1/bin/../lib/gcc/arm-none-eabi/12.2.1/thumb/v6-m/nofp/crt0.o (__libc_init_array)
c:/progra~2/arm gnu toolchain arm-none-eabi/12.2 rel1/bin/../lib/gcc/arm-none-eabi/12.2.1/thumb/v6-m/nofp\libg.a(libc_a-lock.o)
                              c:/progra~2/arm gnu toolchain arm-none-eabi/12.2 rel1/bin/../lib/gcc/arm-none-eabi/12.2.1/thumb/v6-m/nofp\libg.a(libc_a-mlock.o) (__retarget_lock_acquire_recursive)
c:/progra~2/arm gnu toolchain arm-none-eabi/12.2 rel1/bin/../lib/gcc/arm-none-eabi/12.2.1/thumb/v6-m/nofp\libg.a(libc_a-sysconf.o)
                              c:/progra~2/arm gnu toolchain arm-none-eabi/12.2 rel1/bin/../lib/gcc/arm-none-eabi/12.2.1/thumb/v6-m/nofp\libg.a(libc_a-mallocr.o) (sysconf)
c:/progra~2/arm gnu toolchain arm-none-eabi/12.2 rel1/bin/../lib/gcc/arm-none-eabi/12.2.1/thumb/v6-m/nofp\libg.a(libc_a-strlen-stub.o)
                              CMakeFiles/TalonFirmware.dir/C_/Users/David_Zaha/Desktop/2022_school_year/YWISE/pico-sdk/src/rp2_common/pico_stdio/stdio.c.obj (strlen)
[...]
Memory Configuration

Name             Origin             Length             Attributes
FLASH            0x10000000         0x00200000         xr
RAM              0x20000000         0x00040000         xrw
SCRATCH_X        0x20040000         0x00001000         xrw
SCRATCH_Y        0x20041000         0x00001000         xrw
*default*        0x00000000         0xffffffff

Linker script and memory map

LOAD c:/progra~2/arm gnu toolchain arm-none-eabi/12.2 rel1/bin/../lib/gcc/arm-none-eabi/12.2.1/thumb/v6-m/nofp/crti.o
LOAD c:/progra~2/arm gnu toolchain arm-none-eabi/12.2 rel1/bin/../lib/gcc/arm-none-eabi/12.2.1/thumb/v6-m/nofp/crtbegin.o
LOAD c:/progra~2/arm gnu toolchain arm-none-eabi/12.2 rel1/bin/../lib/gcc/arm-none-eabi/12.2.1/thumb/v6-m/nofp/crt0.o

.flash_begin    0x10000000        0x0
                0x10000000                __flash_binary_start = .

.boot2          0x10000000      0x100
                0x10000000                __boot2_start__ = .
 *(.boot2)
 .boot2         0x10000000      0x100 C:\Users\DAVIDZ~1\AppData\Local\Temp\ccokYvLo.o
                0x10000100                __boot2_end__ = .
                0x00000001                ASSERT (((__boot2_end__ - __boot2_start__) == 0x100), ERROR: Pico second stage bootloader must be 256 bytes in size)

.text           0x10000100     0x4a30
                0x10000100                __logical_binary_start = .
 *(.vectors)
 .vectors       0x10000100       0xd4 CMakeFiles/TalonFirmware.dir/C_/Users/David_Zaha/Desktop/2022_school_year/YWISE/pico-sdk/src/rp2_common/pico_standard_link/crt0.S.obj
                0x10000100                __VECTOR_TABLE
                0x10000100                __vectors
                0x100001c0                isr_invalid
                0x100001c0                __default_isrs_start
                0x100001c2                isr_nmi
                0x100001c4                isr_hardfault
                0x100001c6                isr_svcall
                0x100001c8                isr_pendsv
                0x100001ca                isr_systick
                0x100001cc                isr_irq23
                0x100001cc                isr_irq18
                0x100001cc                isr_irq11
                0x100001cc                isr_irq28
                0x100001cc                isr_irq19
                0x100001cc                isr_irq0
                0x100001cc                isr_irq6
                0x100001cc                isr_irq5
                0x100001cc                isr_irq12
                0x100001cc                isr_irq22
                0x100001cc                isr_irq31
                0x100001cc                isr_irq17
                0x100001cc                isr_irq27
                0x100001cc                isr_irq30
                0x100001cc                isr_irq2
                0x100001cc                isr_irq10
                0x100001cc                isr_irq8
                0x100001cc                isr_irq24
                0x100001cc                isr_irq1
                0x100001cc                isr_irq7
                0x100001cc                isr_irq21
                0x100001cc                isr_irq20
                0x100001cc                isr_irq15
                0x100001cc                isr_irq25
                0x100001cc                isr_irq13
                0x100001cc                __unhandled_user_irq
                0x100001cc                isr_irq4
                0x100001cc                isr_irq16
                0x100001cc                isr_irq29
                0x100001cc                isr_irq26
                0x100001cc                __default_isrs_end
                0x100001cc                isr_irq3
                0x100001cc                isr_irq14
                0x100001cc                isr_irq9
                0x100001d2                unhandled_user_irq_num_in_r0
 *(.binary_info_header)
 .binary_info_header
                0x100001d4       0x14 CMakeFiles/TalonFirmware.dir/C_/Users/David_Zaha/Desktop/2022_school_year/YWISE/pico-sdk/src/rp2_common/pico_standard_link/crt0.S.obj
                0x100001e8                __binary_info_header_end = .
 *(.reset)
 .reset         0x100001e8       0xa0 CMakeFiles/TalonFirmware.dir/C_/Users/David_Zaha/Desktop/2022_school_year/YWISE/pico-sdk/src/rp2_common/pico_standard_link/crt0.S.obj
                0x100001e8                _entry_point
 .reset         0x10000288       0x30 CMakeFiles/TalonFirmware.dir/C_/Users/David_Zaha/Desktop/2022_school_year/YWISE/pico-sdk/src/rp2_common/pico_standard_link/binary_info.c.obj
 *(.init)
 .init          0x100002b8        0x4 c:/progra~2/arm gnu toolchain arm-none-eabi/12.2 rel1/bin/../lib/gcc/arm-none-eabi/12.2.1/thumb/v6-m/nofp/crti.o
                0x100002b8                _init
 *(EXCLUDE_FILE(*libm.a: *libc.a:*lib_a-mem*.o *libgcc.a:) .text*)
 .text.register_tm_clones
                0x100002bc       0x28 c:/progra~2/arm gnu toolchain arm-none-eabi/12.2 rel1/bin/../lib/gcc/arm-none-eabi/12.2.1/thumb/v6-m/nofp/crtbegin.o
 .text.frame_dummy
                0x100002e4       0x24 c:/progra~2/arm gnu toolchain arm-none-eabi/12.2 rel1/bin/../lib/gcc/arm-none-eabi/12.2.1/thumb/v6-m/nofp/crtbegin.o
 .text.max17048_alert_handler
                0x10000308       0x4c CMakeFiles/TalonFirmware.dir/main.c.obj
                0x10000308                max17048_alert_handler
 .text.max17048_init
                0x10000354       0x68 CMakeFiles/TalonFirmware.dir/main.c.obj
                0x10000354                max17048_init
 .text.max17048_read_voltage
                0x100003bc       0x68 CMakeFiles/TalonFirmware.dir/main.c.obj
                0x100003bc                max17048_read_voltage
 .text.max17048_read_charge
                0x10000424       0x50 CMakeFiles/TalonFirmware.dir/main.c.obj
                0x10000424                max17048_read_charge
 .text.main     0x10000474       0x48 CMakeFiles/TalonFirmware.dir/main.c.obj
                0x10000474                main
 .text.gpio_set_function
                0x100004bc       0x30 CMakeFiles/TalonFirmware.dir/C_/Users/David_Zaha/Desktop/2022_school_year/YWISE/pico-sdk/src/rp2_common/hardware_gpio/gpio.c.obj
                0x100004bc                gpio_set_function
 .text.gpio_set_pulls
                0x100004ec       0x34 CMakeFiles/TalonFirmware.dir/C_/Users/David_Zaha/Desktop/2022_school_year/YWISE/pico-sdk/src/rp2_common/hardware_gpio/gpio.c.obj
                0x100004ec                gpio_set_pulls
 .text.gpio_acknowledge_irq
                0x10000520       0x18 CMakeFiles/TalonFirmware.dir/C_/Users/David_Zaha/Desktop/2022_school_year/YWISE/pico-sdk/src/rp2_common/hardware_gpio/gpio.c.obj
                0x10000520                gpio_acknowledge_irq
 .text._gpio_set_irq_enabled
                0x10000538       0x34 CMakeFiles/TalonFirmware.dir/C_/Users/David_Zaha/Desktop/2022_school_year/YWISE/pico-sdk/src/rp2_common/hardware_gpio/gpio.c.obj
 .text.gpio_set_irq_enabled
                0x1000056c       0x20 CMakeFiles/TalonFirmware.dir/C_/Users/David_Zaha/Desktop/2022_school_year/YWISE/pico-sdk/src/rp2_common/hardware_gpio/gpio.c.obj
                0x1000056c                gpio_set_irq_enabled
 .text.gpio_init
                0x1000058c       0x16 CMakeFiles/TalonFirmware.dir/C_/Users/David_Zaha/Desktop/2022_school_year/YWISE/pico-sdk/src/rp2_common/hardware_gpio/gpio.c.obj
                0x1000058c                gpio_init
 *fill*         0x100005a2        0x2 
 .text.running_on_fpga
                0x100005a4       0x14 CMakeFiles/TalonFirmware.dir/C_/Users/David_Zaha/Desktop/2022_school_year/YWISE/pico-sdk/src/rp2_common/pico_platform/platform.c.obj
                0x100005a4                running_on_fpga
 .text.hw_claim_lock
                0x100005b8       0x18 CMakeFiles/TalonFirmware.dir/C_/Users/David_Zaha/Desktop/2022_school_year/YWISE/pico-sdk/src/rp2_common/hardware_claim/claim.c.obj
                0x100005b8                hw_claim_lock
 .text.hw_claim_unlock
                0x100005d0       0x14 CMakeFiles/TalonFirmware.dir/C_/Users/David_Zaha/Desktop/2022_school_year/YWISE/pico-sdk/src/rp2_common/hardware_claim/claim.c.obj
                0x100005d0                hw_claim_unlock
 .text.hw_claim_or_assert
                0x100005e4       0x32 CMakeFiles/TalonFirmware.dir/C_/Users/David_Zaha/Desktop/2022_school_year/YWISE/pico-sdk/src/rp2_common/hardware_claim/claim.c.obj
                0x100005e4                hw_claim_or_assert
 *fill*         0x10000616        0x2 
 .text.spin_locks_reset
                0x10000618       0x20 CMakeFiles/TalonFirmware.dir/C_/Users/David_Zaha/Desktop/2022_school_year/YWISE/pico-sdk/src/rp2_common/hardware_sync/sync.c.obj
                0x10000618                spin_locks_reset
 .text.next_striped_spin_lock_num
                0x10000638       0x1c CMakeFiles/TalonFirmware.dir/C_/Users/David_Zaha/Desktop/2022_school_year/YWISE/pico-sdk/src/rp2_common/hardware_sync/sync.c.obj
                0x10000638                next_striped_spin_lock_num
 .text.set_raw_irq_handler_and_unlock
                0x10000654       0x28 CMakeFiles/TalonFirmware.dir/C_/Users/David_Zaha/Desktop/2022_school_year/YWISE/pico-sdk/src/rp2_common/hardware_irq/irq.c.obj
 .text.resolve_branch
                0x1000067c       0x30 CMakeFiles/TalonFirmware.dir/C_/Users/David_Zaha/Desktop/2022_school_year/YWISE/pico-sdk/src/rp2_common/hardware_irq/irq.c.obj
 .text.make_branch
                0x100006ac       0x48 CMakeFiles/TalonFirmware.dir/C_/Users/David_Zaha/Desktop/2022_school_year/YWISE/pico-sdk/src/rp2_common/hardware_irq/irq.c.obj
 .text.insert_branch_and_link
                0x100006f4       0x40 CMakeFiles/TalonFirmware.dir/C_/Users/David_Zaha/Desktop/2022_school_year/YWISE/pico-sdk/src/rp2_common/hardware_irq/irq.c.obj
 .text.irq_is_enabled
                0x10000734       0x18 CMakeFiles/TalonFirmware.dir/C_/Users/David_Zaha/Desktop/2022_school_year/YWISE/pico-sdk/src/rp2_common/hardware_irq/irq.c.obj
                0x10000734                irq_is_enabled
 .text.irq_set_mask_enabled
                0x1000074c       0x20 CMakeFiles/TalonFirmware.dir/C_/Users/David_Zaha/Desktop/2022_school_year/YWISE/pico-sdk/src/rp2_common/hardware_irq/irq.c.obj
                0x1000074c                irq_set_mask_enabled
 .text.irq_set_enabled
                0x1000076c        0xe CMakeFiles/TalonFirmware.dir/C_/Users/David_Zaha/Desktop/2022_school_year/YWISE/pico-sdk/src/rp2_common/hardware_irq/irq.c.obj
                0x1000076c                irq_set_enabled
 *fill*         0x1000077a        0x2 
 .text.irq_get_vtable_handler
                0x1000077c       0x10 CMakeFiles/TalonFirmware.dir/C_/Users/David_Zaha/Desktop/2022_school_year/YWISE/pico-sdk/src/rp2_common/hardware_irq/irq.c.obj
                0x1000077c                irq_get_vtable_handler
 .text.irq_set_exclusive_handler
                0x1000078c       0x54 CMakeFiles/TalonFirmware.dir/C_/Users/David_Zaha/Desktop/2022_school_year/YWISE/pico-sdk/src/rp2_common/hardware_irq/irq.c.obj
                0x1000078c                irq_set_exclusive_handler
 .text.irq_remove_handler
                0x100007e0      0x188 CMakeFiles/TalonFirmware.dir/C_/Users/David_Zaha/Desktop/2022_school_year/YWISE/pico-sdk/src/rp2_common/hardware_irq/irq.c.obj
                0x100007e0                irq_remove_handler
 .text.irq_add_tail_to_free_list
                0x10000968       0xf0 CMakeFiles/TalonFirmware.dir/C_/Users/David_Zaha/Desktop/2022_school_year/YWISE/pico-sdk/src/rp2_common/hardware_irq/irq.c.obj
                0x10000968                irq_add_tail_to_free_list
 .text.irq_init_priorities
                0x10000a58       0x1c CMakeFiles/TalonFirmware.dir/C_/Users/David_Zaha/Desktop/2022_school_year/YWISE/pico-sdk/src/rp2_common/hardware_irq/irq.c.obj
                0x10000a58                irq_init_priorities
 .text.lock_init
                0x10000a74       0x10 CMakeFiles/TalonFirmware.dir/C_/Users/David_Zaha/Desktop/2022_school_year/YWISE/pico-sdk/src/common/pico_sync/lock_core.c.obj
                0x10000a74                lock_init
 .text.mutex_init
                0x10000a84       0x1a CMakeFiles/TalonFirmware.dir/C_/Users/David_Zaha/Desktop/2022_school_year/YWISE/pico-sdk/src/common/pico_sync/mutex.c.obj
                0x10000a84                mutex_init
 .text.recursive_mutex_init
                0x10000a9e       0x1e CMakeFiles/TalonFirmware.dir/C_/Users/David_Zaha/Desktop/2022_school_year/YWISE/pico-sdk/src/common/pico_sync/mutex.c.obj
                0x10000a9e                recursive_mutex_init
 .text.time_reached
                0x10000abc       0x28 CMakeFiles/TalonFirmware.dir/C_/Users/David_Zaha/Desktop/2022_school_year/YWISE/pico-sdk/src/common/pico_time/time.c.obj
 .text.get_entry
                0x10000ae4       0x38 CMakeFiles/TalonFirmware.dir/C_/Users/David_Zaha/Desktop/2022_school_year/YWISE/pico-sdk/src/common/pico_time/time.c.obj
 .text.timer_pool_entry_comparator
                0x10000b1c       0x2e CMakeFiles/TalonFirmware.dir/C_/Users/David_Zaha/Desktop/2022_school_year/YWISE/pico-sdk/src/common/pico_time/time.c.obj
                0x10000b1c                timer_pool_entry_comparator
 *fill*         0x10000b4a        0x2 
 .text.update_us_since_boot
                0x10000b4c       0x24 CMakeFiles/TalonFirmware.dir/C_/Users/David_Zaha/Desktop/2022_school_year/YWISE/pico-sdk/src/common/pico_time/time.c.obj
 .text.delayed_by_us
                0x10000b70       0x34 CMakeFiles/TalonFirmware.dir/C_/Users/David_Zaha/Desktop/2022_school_year/YWISE/pico-sdk/src/common/pico_time/time.c.obj
 .text.ph_get_node
                0x10000ba4       0x30 CMakeFiles/TalonFirmware.dir/C_/Users/David_Zaha/Desktop/2022_school_year/YWISE/pico-sdk/src/common/pico_time/time.c.obj
 .text.ph_contains_node
                0x10000bd4       0x1e CMakeFiles/TalonFirmware.dir/C_/Users/David_Zaha/Desktop/2022_school_year/YWISE/pico-sdk/src/common/pico_time/time.c.obj
 .text.ph_new_node
                0x10000bf2       0x28 CMakeFiles/TalonFirmware.dir/C_/Users/David_Zaha/Desktop/2022_school_year/YWISE/pico-sdk/src/common/pico_time/time.c.obj
 *fill*         0x10000c1a        0x2 
 .text.ph_add_child_node
                0x10000c1c       0x6c CMakeFiles/TalonFirmware.dir/C_/Users/David_Zaha/Desktop/2022_school_year/YWISE/pico-sdk/src/common/pico_time/time.c.obj
 .text.ph_merge_nodes
                0x10000c88       0x3e CMakeFiles/TalonFirmware.dir/C_/Users/David_Zaha/Desktop/2022_school_year/YWISE/pico-sdk/src/common/pico_time/time.c.obj
 *fill*         0x10000cc6        0x2 
 .text.ph_insert_node
                0x10000cc8       0x3c CMakeFiles/TalonFirmware.dir/C_/Users/David_Zaha/Desktop/2022_school_year/YWISE/pico-sdk/src/common/pico_time/time.c.obj
 .text.ph_free_node
                0x10000d04       0x5c CMakeFiles/TalonFirmware.dir/C_/Users/David_Zaha/Desktop/2022_school_year/YWISE/pico-sdk/src/common/pico_time/time.c.obj
 .text.get_entry_id_high
                0x10000d60       0x30 CMakeFiles/TalonFirmware.dir/C_/Users/David_Zaha/Desktop/2022_school_year/YWISE/pico-sdk/src/common/pico_time/time.c.obj
 .text.alarm_pool_post_alloc_init
                0x10000d90       0x40 CMakeFiles/TalonFirmware.dir/C_/Users/David_Zaha/Desktop/2022_school_year/YWISE/pico-sdk/src/common/pico_time/time.c.obj
 .text.sleep_until_callback
                0x10000dd0       0x30 CMakeFiles/TalonFirmware.dir/C_/Users/David_Zaha/Desktop/2022_school_year/YWISE/pico-sdk/src/common/pico_time/time.c.obj
 .text.get_absolute_time
                0x10000e00       0x22 CMakeFiles/TalonFirmware.dir/C_/Users/David_Zaha/Desktop/2022_school_year/YWISE/pico-sdk/src/common/pico_time/time.c.obj
 .text.make_timeout_time_us
                0x10000e22       0x24 CMakeFiles/TalonFirmware.dir/C_/Users/David_Zaha/Desktop/2022_school_year/YWISE/pico-sdk/src/common/pico_time/time.c.obj
 *fill*         0x10000e46        0x2 
 .text.add_alarm_under_lock
                0x10000e48       0x94 CMakeFiles/TalonFirmware.dir/C_/Users/David_Zaha/Desktop/2022_school_year/YWISE/pico-sdk/src/common/pico_time/time.c.obj
 .text.alarm_pool_alarm_callback
                0x10000edc      0x20c CMakeFiles/TalonFirmware.dir/C_/Users/David_Zaha/Desktop/2022_school_year/YWISE/pico-sdk/src/common/pico_time/time.c.obj
 .text.alarm_pool_init_default
                0x100010e8       0x40 CMakeFiles/TalonFirmware.dir/C_/Users/David_Zaha/Desktop/2022_school_year/YWISE/pico-sdk/src/common/pico_time/time.c.obj
                0x100010e8                alarm_pool_init_default
 .text.alarm_pool_get_default
                0x10001128       0x2c CMakeFiles/TalonFirmware.dir/C_/Users/David_Zaha/Desktop/2022_school_year/YWISE/pico-sdk/src/common/pico_time/time.c.obj
                0x10001128                alarm_pool_get_default
 .text.alarm_pool_add_alarm_at
                0x10001154      0x10e CMakeFiles/TalonFirmware.dir/C_/Users/David_Zaha/Desktop/2022_school_year/YWISE/pico-sdk/src/common/pico_time/time.c.obj
                0x10001154                alarm_pool_add_alarm_at
 .text.add_alarm_at
                0x10001262       0x2e CMakeFiles/TalonFirmware.dir/C_/Users/David_Zaha/Desktop/2022_school_year/YWISE/pico-sdk/src/common/pico_time/time.c.obj
 .text.alarm_pool_cancel_alarm
                0x10001290       0xa0 CMakeFiles/TalonFirmware.dir/C_/Users/David_Zaha/Desktop/2022_school_year/YWISE/pico-sdk/src/common/pico_time/time.c.obj
                0x10001290                alarm_pool_cancel_alarm
 .text.cancel_alarm
                0x10001330       0x10 CMakeFiles/TalonFirmware.dir/C_/Users/David_Zaha/Desktop/2022_school_year/YWISE/pico-sdk/src/common/pico_time/time.c.obj
 .text.sleep_until
                0x10001340       0xb0 CMakeFiles/TalonFirmware.dir/C_/Users/David_Zaha/Desktop/2022_school_year/YWISE/pico-sdk/src/common/pico_time/time.c.obj
                0x10001340                sleep_until
 .text.sleep_us
                0x100013f0       0x1a CMakeFiles/TalonFirmware.dir/C_/Users/David_Zaha/Desktop/2022_school_year/YWISE/pico-sdk/src/common/pico_time/time.c.obj
                0x100013f0                sleep_us
 .text.sleep_ms
                0x1000140a       0x14 CMakeFiles/TalonFirmware.dir/C_/Users/David_Zaha/Desktop/2022_school_year/YWISE/pico-sdk/src/common/pico_time/time.c.obj
                0x1000140a                sleep_ms
 *fill*         0x1000141e        0x2 
 .text.best_effort_wfe_or_timeout
                0x10001420       0x44 CMakeFiles/TalonFirmware.dir/C_/Users/David_Zaha/Desktop/2022_school_year/YWISE/pico-sdk/src/common/pico_time/time.c.obj
                0x10001420                best_effort_wfe_or_timeout
 .text.hardware_alarm_irq_handler
                0x10001464       0x8c CMakeFiles/TalonFirmware.dir/C_/Users/David_Zaha/Desktop/2022_school_year/YWISE/pico-sdk/src/rp2_common/hardware_timer/timer.c.obj
 .text.hardware_alarm_claim
                0x100014f0       0x18 CMakeFiles/TalonFirmware.dir/C_/Users/David_Zaha/Desktop/2022_school_year/YWISE/pico-sdk/src/rp2_common/hardware_timer/timer.c.obj
                0x100014f0                hardware_alarm_claim
 .text.time_us_64
                0x10001508       0x18 CMakeFiles/TalonFirmware.dir/C_/Users/David_Zaha/Desktop/2022_school_year/YWISE/pico-sdk/src/rp2_common/hardware_timer/timer.c.obj
                0x10001508                time_us_64
 .text.busy_wait_until
                0x10001520       0x28 CMakeFiles/TalonFirmware.dir/C_/Users/David_Zaha/Desktop/2022_school_year/YWISE/pico-sdk/src/rp2_common/hardware_timer/timer.c.obj
                0x10001520                busy_wait_until
 .text.hardware_alarm_set_callback
                0x10001548       0x90 CMakeFiles/TalonFirmware.dir/C_/Users/David_Zaha/Desktop/2022_school_year/YWISE/pico-sdk/src/rp2_common/hardware_timer/timer.c.obj
                0x10001548                hardware_alarm_set_callback
 .text.hardware_alarm_set_target
                0x100015d8       0xe8 CMakeFiles/TalonFirmware.dir/C_/Users/David_Zaha/Desktop/2022_school_year/YWISE/pico-sdk/src/rp2_common/hardware_timer/timer.c.obj
                0x100015d8                hardware_alarm_set_target
 .text.hardware_alarm_cancel
                0x100016c0       0x40 CMakeFiles/TalonFirmware.dir/C_/Users/David_Zaha/Desktop/2022_school_year/YWISE/pico-sdk/src/rp2_common/hardware_timer/timer.c.obj
                0x100016c0                hardware_alarm_cancel
 .text.ph_get_node
                0x10001700       0x30 CMakeFiles/TalonFirmware.dir/C_/Users/David_Zaha/Desktop/2022_school_year/YWISE/pico-sdk/src/common/pico_util/pheap.c.obj
 .text.ph_add_child_node
                0x10001730       0x6c CMakeFiles/TalonFirmware.dir/C_/Users/David_Zaha/Desktop/2022_school_year/YWISE/pico-sdk/src/common/pico_util/pheap.c.obj
 .text.ph_merge_nodes
                0x1000179c       0x3e CMakeFiles/TalonFirmware.dir/C_/Users/David_Zaha/Desktop/2022_school_year/YWISE/pico-sdk/src/common/pico_util/pheap.c.obj
 .text.ph_clear
                0x100017da       0x34 CMakeFiles/TalonFirmware.dir/C_/Users/David_Zaha/Desktop/2022_school_year/YWISE/pico-sdk/src/common/pico_util/pheap.c.obj
                0x100017da                ph_clear
 .text.ph_post_alloc_init
                0x1000180e        0xe CMakeFiles/TalonFirmware.dir/C_/Users/David_Zaha/Desktop/2022_school_year/YWISE/pico-sdk/src/common/pico_util/pheap.c.obj
                0x1000180e                ph_post_alloc_init
 .text.ph_merge_two_pass
                0x1000181c       0x5c CMakeFiles/TalonFirmware.dir/C_/Users/David_Zaha/Desktop/2022_school_year/YWISE/pico-sdk/src/common/pico_util/pheap.c.obj
                0x1000181c                ph_merge_two_pass
 .text.ph_remove_any_head
                0x10001878       0xc0 CMakeFiles/TalonFirmware.dir/C_/Users/David_Zaha/Desktop/2022_school_year/YWISE/pico-sdk/src/common/pico_util/pheap.c.obj
 .text.ph_remove_head
                0x10001938       0x14 CMakeFiles/TalonFirmware.dir/C_/Users/David_Zaha/Desktop/2022_school_year/YWISE/pico-sdk/src/common/pico_util/pheap.c.obj
                0x10001938                ph_remove_head
 .text.ph_remove_and_free_node
                0x1000194c       0xa0 CMakeFiles/TalonFirmware.dir/C_/Users/David_Zaha/Desktop/2022_school_year/YWISE/pico-sdk/src/common/pico_util/pheap.c.obj
                0x1000194c                ph_remove_and_free_node
 .text.uart_set_baudrate
                0x100019ec       0x5c CMakeFiles/TalonFirmware.dir/C_/Users/David_Zaha/Desktop/2022_school_year/YWISE/pico-sdk/src/rp2_common/hardware_uart/uart.c.obj
                0x100019ec                uart_set_baudrate
 .text.uart_set_translate_crlf
                0x10001a48       0x28 CMakeFiles/TalonFirmware.dir/C_/Users/David_Zaha/Desktop/2022_school_year/YWISE/pico-sdk/src/rp2_common/hardware_uart/uart.c.obj
                0x10001a48                uart_set_translate_crlf
 .text.uart_init
                0x10001a70       0x80 CMakeFiles/TalonFirmware.dir/C_/Users/David_Zaha/Desktop/2022_school_year/YWISE/pico-sdk/src/rp2_common/hardware_uart/uart.c.obj
                0x10001a70                uart_init
 .text.clock_configure
                0x10001af0      0x104 CMakeFiles/TalonFirmware.dir/C_/Users/David_Zaha/Desktop/2022_school_year/YWISE/pico-sdk/src/rp2_common/hardware_clocks/clocks.c.obj
                0x10001af0                clock_configure
 .text.clocks_init
                0x10001bf4      0x100 CMakeFiles/TalonFirmware.dir/C_/Users/David_Zaha/Desktop/2022_school_year/YWISE/pico-sdk/src/rp2_common/hardware_clocks/clocks.c.obj
                0x10001bf4                clocks_init
 .text.clock_get_hz
                0x10001cf4        0xc CMakeFiles/TalonFirmware.dir/C_/Users/David_Zaha/Desktop/2022_school_year/YWISE/pico-sdk/src/rp2_common/hardware_clocks/clocks.c.obj
                0x10001cf4                clock_get_hz
 .text.pll_init
                0x10001d00      0x12c CMakeFiles/TalonFirmware.dir/C_/Users/David_Zaha/Desktop/2022_school_year/YWISE/pico-sdk/src/rp2_common/hardware_pll/pll.c.obj
                0x10001d00                pll_init
 .text.watchdog_start_tick
                0x10001e2c       0x10 CMakeFiles/TalonFirmware.dir/C_/Users/David_Zaha/Desktop/2022_school_year/YWISE/pico-sdk/src/rp2_common/hardware_watchdog/watchdog.c.obj
                0x10001e2c                watchdog_start_tick
 .text.xosc_init
                0x10001e3c       0x28 CMakeFiles/TalonFirmware.dir/C_/Users/David_Zaha/Desktop/2022_school_year/YWISE/pico-sdk/src/rp2_common/hardware_xosc/xosc.c.obj
                0x10001e3c                xosc_init
 .text._exit    0x10001e64        0x4 CMakeFiles/TalonFirmware.dir/C_/Users/David_Zaha/Desktop/2022_school_year/YWISE/pico-sdk/src/rp2_common/pico_runtime/runtime.c.obj
                0x10001e64                _exit
 .text.exit     0x10001e68        0x6 CMakeFiles/TalonFirmware.dir/C_/Users/David_Zaha/Desktop/2022_school_year/YWISE/pico-sdk/src/rp2_common/pico_runtime/runtime.c.obj
                0x10001e68                exit
 *fill*         0x10001e6e        0x2 
 .text.__assert_func
                0x10001e70       0x38 CMakeFiles/TalonFirmware.dir/C_/Users/David_Zaha/Desktop/2022_school_year/YWISE/pico-sdk/src/rp2_common/pico_runtime/runtime.c.obj
                0x10001e70                __assert_func
 .text.runtime_init
                0x10001ea8       0xf8 CMakeFiles/TalonFirmware.dir/C_/Users/David_Zaha/Desktop/2022_school_year/YWISE/pico-sdk/src/rp2_common/pico_runtime/runtime.c.obj
                0x10001ea8                runtime_init
 .text.panic    0x10001fa0       0x30 CMakeFiles/TalonFirmware.dir/C_/Users/David_Zaha/Desktop/2022_school_year/YWISE/pico-sdk/src/rp2_common/pico_runtime/runtime.c.obj
                0x10001fa0                panic
 .text._out_null
                0x10001fd0        0x2 CMakeFiles/TalonFirmware.dir/C_/Users/David_Zaha/Desktop/2022_school_year/YWISE/pico-sdk/src/rp2_common/pico_printf/printf.c.obj
 .text._out_fct
                0x10001fd2        0xe CMakeFiles/TalonFirmware.dir/C_/Users/David_Zaha/Desktop/2022_school_year/YWISE/pico-sdk/src/rp2_common/pico_printf/printf.c.obj
 .text._atoi    0x10001fe0       0x24 CMakeFiles/TalonFirmware.dir/C_/Users/David_Zaha/Desktop/2022_school_year/YWISE/pico-sdk/src/rp2_common/pico_printf/printf.c.obj
 .text._out_rev
                0x10002004       0xae CMakeFiles/TalonFirmware.dir/C_/Users/David_Zaha/Desktop/2022_school_year/YWISE/pico-sdk/src/rp2_common/pico_printf/printf.c.obj
 .text._ntoa_format
                0x100020b2      0x110 CMakeFiles/TalonFirmware.dir/C_/Users/David_Zaha/Desktop/2022_school_year/YWISE/pico-sdk/src/rp2_common/pico_printf/printf.c.obj
 .text._ntoa_long
                0x100021c2       0xbc CMakeFiles/TalonFirmware.dir/C_/Users/David_Zaha/Desktop/2022_school_year/YWISE/pico-sdk/src/rp2_common/pico_printf/printf.c.obj
 .text._ntoa_long_long
                0x1000227e      0x10e CMakeFiles/TalonFirmware.dir/C_/Users/David_Zaha/Desktop/2022_school_year/YWISE/pico-sdk/src/rp2_common/pico_printf/printf.c.obj
 .text._etoa    0x1000238c      0x420 CMakeFiles/TalonFirmware.dir/C_/Users/David_Zaha/Desktop/2022_school_year/YWISE/pico-sdk/src/rp2_common/pico_printf/printf.c.obj
 .text._ftoa    0x100027ac      0x354 CMakeFiles/TalonFirmware.dir/C_/Users/David_Zaha/Desktop/2022_school_year/YWISE/pico-sdk/src/rp2_common/pico_printf/printf.c.obj
 .text._vsnprintf
                0x10002b00      0x65c CMakeFiles/TalonFirmware.dir/C_/Users/David_Zaha/Desktop/2022_school_year/YWISE/pico-sdk/src/rp2_common/pico_printf/printf.c.obj
 .text.vfctprintf
                0x1000315c       0x20 CMakeFiles/TalonFirmware.dir/C_/Users/David_Zaha/Desktop/2022_school_year/YWISE/pico-sdk/src/rp2_common/pico_printf/printf.c.obj
                0x1000315c                vfctprintf
 .text          0x1000317c       0x10 CMakeFiles/TalonFirmware.dir/C_/Users/David_Zaha/Desktop/2022_school_year/YWISE/pico-sdk/src/rp2_common/pico_bit_ops/bit_ops_aeabi.S.obj
 .text.rom_func_lookup
                0x1000318c       0x10 CMakeFiles/TalonFirmware.dir/C_/Users/David_Zaha/Desktop/2022_school_year/YWISE/pico-sdk/src/rp2_common/pico_bootrom/bootrom.c.obj
                0x1000318c                rom_func_lookup
 .text.rom_data_lookup
                0x1000319c       0x10 CMakeFiles/TalonFirmware.dir/C_/Users/David_Zaha/Desktop/2022_school_year/YWISE/pico-sdk/src/rp2_common/pico_bootrom/bootrom.c.obj
                0x1000319c                rom_data_lookup
 .text.rom_funcs_lookup
                0x100031ac       0x36 CMakeFiles/TalonFirmware.dir/C_/Users/David_Zaha/Desktop/2022_school_year/YWISE/pico-sdk/src/rp2_common/pico_bootrom/bootrom.c.obj
                0x100031ac                rom_funcs_lookup
 *fill*         0x100031e2        0x2 
 .text.__wrap___aeabi_idiv
                0x100031e4       0x50 CMakeFiles/TalonFirmware.dir/C_/Users/David_Zaha/Desktop/2022_school_year/YWISE/pico-sdk/src/rp2_common/pico_divider/divider.S.obj
                0x100031e4                __wrap___aeabi_idivmod
                0x100031e4                divmod_s32s32
                0x100031e4                div_s32s32
                0x100031e4                __wrap___aeabi_idiv
                0x100031ec                divmod_s32s32_unsafe
                0x10003218                divmod_s32s32_savestate
 .text.__wrap___aeabi_uidiv
                0x10003234       0x4c CMakeFiles/TalonFirmware.dir/C_/Users/David_Zaha/Desktop/2022_school_year/YWISE/pico-sdk/src/rp2_common/pico_divider/divider.S.obj
                0x10003234                __wrap___aeabi_uidiv
                0x10003234                __wrap___aeabi_uidivmod
                0x10003234                div_u32u32
                0x10003234                divmod_u32u32
                0x1000323c                divmod_u32u32_unsafe
                0x10003264                divmod_u32u32_savestate
 .text.__wrap___aeabi_ldiv
                0x10003280      0x424 CMakeFiles/TalonFirmware.dir/C_/Users/David_Zaha/Desktop/2022_school_year/YWISE/pico-sdk/src/rp2_common/pico_divider/divider.S.obj
                0x10003280                div_s64s64
                0x10003280                divmod_s64s64
                0x10003280                __wrap___aeabi_ldivmod
                0x100032b0                divmod_u64u64
                0x100032b0                div_u64u64
                0x100032b0                __wrap___aeabi_uldivmod
                0x100032c0                divmod_u64u64_savestate
                0x100032e0                divmod_s64s64_unsafe
                0x10003368                divmod_u64u64_unsafe
 .text.__wrap___aeabi_darithmetic
                0x100036a4       0x80 CMakeFiles/TalonFirmware.dir/C_/Users/David_Zaha/Desktop/2022_school_year/YWISE/pico-sdk/src/rp2_common/pico_double/double_aeabi.S.obj
                0x100036a4                __wrap___aeabi_drsub
                0x100036aa                __wrap___aeabi_dsub
                0x100036bc                __wrap___aeabi_dadd
                0x100036ce                __wrap___aeabi_ddiv
                0x1000370a                __wrap___aeabi_dmul
 .text.__wrap___aeabi_cdcmple
                0x10003724       0x6c CMakeFiles/TalonFirmware.dir/C_/Users/David_Zaha/Desktop/2022_school_year/YWISE/pico-sdk/src/rp2_common/pico_double/double_aeabi.S.obj
                0x10003724                __wrap___aeabi_cdrcmple
                0x10003734                __wrap___aeabi_cdcmpeq
                0x10003734                __wrap___aeabi_cdcmple
 .text.__wrap___aeabi_dcmplt
                0x10003790        0xc CMakeFiles/TalonFirmware.dir/C_/Users/David_Zaha/Desktop/2022_school_year/YWISE/pico-sdk/src/rp2_common/pico_double/double_aeabi.S.obj
                0x10003790                __wrap___aeabi_dcmplt
 .text.__wrap___aeabi_dcmple
                0x1000379c       0x10 CMakeFiles/TalonFirmware.dir/C_/Users/David_Zaha/Desktop/2022_school_year/YWISE/pico-sdk/src/rp2_common/pico_double/double_aeabi.S.obj
                0x1000379c                __wrap___aeabi_dcmple
 .text.__wrap___aeabi_dcmpge
                0x100037ac       0x10 CMakeFiles/TalonFirmware.dir/C_/Users/David_Zaha/Desktop/2022_school_year/YWISE/pico-sdk/src/rp2_common/pico_double/double_aeabi.S.obj
                0x100037ac                __wrap___aeabi_dcmpge
 .text.__wrap___aeabi_dcmpgt
                0x100037bc        0xa CMakeFiles/TalonFirmware.dir/C_/Users/David_Zaha/Desktop/2022_school_year/YWISE/pico-sdk/src/rp2_common/pico_double/double_aeabi.S.obj
                0x100037bc                __wrap___aeabi_dcmpgt
 .text.__wrap___aeabi_dcmpun
                0x100037c6       0x1c CMakeFiles/TalonFirmware.dir/C_/Users/David_Zaha/Desktop/2022_school_year/YWISE/pico-sdk/src/rp2_common/pico_double/double_aeabi.S.obj
                0x100037c6                __wrap___aeabi_dcmpun
 *fill*         0x100037e2        0x2 
 .text.__wrap___aeabi_i2d
                0x100037e4       0x38 CMakeFiles/TalonFirmware.dir/C_/Users/David_Zaha/Desktop/2022_school_year/YWISE/pico-sdk/src/rp2_common/pico_double/double_aeabi.S.obj
                0x100037e4                __wrap___aeabi_ui2d
                0x100037ec                __wrap___aeabi_i2d
 .text.__wrap___aeabi_d2iz
                0x1000381c       0x48 CMakeFiles/TalonFirmware.dir/C_/Users/David_Zaha/Desktop/2022_school_year/YWISE/pico-sdk/src/rp2_common/pico_double/double_aeabi.S.obj
                0x1000381c                double2int_z
                0x1000381c                __wrap___aeabi_d2iz
 .text.__wrap___aeabi_d2uiz
                0x10003864       0x18 CMakeFiles/TalonFirmware.dir/C_/Users/David_Zaha/Desktop/2022_school_year/YWISE/pico-sdk/src/rp2_common/pico_double/double_aeabi.S.obj
                0x10003864                __wrap___aeabi_d2uiz
                0x10003864                double2uint
 .text.__wrap___aeabi_d2f
                0x1000387c       0x18 CMakeFiles/TalonFirmware.dir/C_/Users/David_Zaha/Desktop/2022_school_year/YWISE/pico-sdk/src/rp2_common/pico_double/double_aeabi.S.obj
                0x1000387c                __wrap___aeabi_d2f
 .text.__aeabi_double_init
                0x10003894       0xcc CMakeFiles/TalonFirmware.dir/C_/Users/David_Zaha/Desktop/2022_school_year/YWISE/pico-sdk/src/rp2_common/pico_double/double_init_rom.c.obj
                0x10003894                __aeabi_double_init
 .text.double_table_shim_on_use_helper
                0x10003960       0x34 CMakeFiles/TalonFirmware.dir/C_/Users/David_Zaha/Desktop/2022_school_year/YWISE/pico-sdk/src/rp2_common/pico_double/double_v1_rom_shim.S.obj
                0x10003960                double_table_shim_on_use_helper
 .text.__wrap___aeabi_dsub
                0x10003994       0x10 CMakeFiles/TalonFirmware.dir/C_/Users/David_Zaha/Desktop/2022_school_year/YWISE/pico-sdk/src/rp2_common/pico_double/double_v1_rom_shim.S.obj
                0x10003994                drsub_shim
                0x1000399a                dsub_shim
 .text.dadd_shim
                0x100039a4      0x15c CMakeFiles/TalonFirmware.dir/C_/Users/David_Zaha/Desktop/2022_school_year/YWISE/pico-sdk/src/rp2_common/pico_double/double_v1_rom_shim.S.obj
                0x100039a4                dadd_shim
 .text.dmul_shim
                0x10003b00      0x15c CMakeFiles/TalonFirmware.dir/C_/Users/David_Zaha/Desktop/2022_school_year/YWISE/pico-sdk/src/rp2_common/pico_double/double_v1_rom_shim.S.obj
                0x10003b00                dmul_shim
 .text.ddiv_shim
                0x10003c5c      0x1b0 CMakeFiles/TalonFirmware.dir/C_/Users/David_Zaha/Desktop/2022_school_year/YWISE/pico-sdk/src/rp2_common/pico_double/double_v1_rom_shim.S.obj
                0x10003c5c                ddiv_shim
 .text.double2uint_shim
                0x10003e0c        0xe CMakeFiles/TalonFirmware.dir/C_/Users/David_Zaha/Desktop/2022_school_year/YWISE/pico-sdk/src/rp2_common/pico_double/double_v1_rom_shim.S.obj
                0x10003e0c                double2uint_shim
                0x10003e0e                double2ufix_shim
 *fill*         0x10003e1a        0x2 
 .text.double2uint64_shim
                0x10003e1c       0x70 CMakeFiles/TalonFirmware.dir/C_/Users/David_Zaha/Desktop/2022_school_year/YWISE/pico-sdk/src/rp2_common/pico_double/double_v1_rom_shim.S.obj
                0x10003e1c                double2uint64_shim
                0x10003e1e                double2ufix64_shim
                0x10003e3e                d2fix_a
 .text.double2float_shim
                0x10003e8c       0x5c CMakeFiles/TalonFirmware.dir/C_/Users/David_Zaha/Desktop/2022_school_year/YWISE/pico-sdk/src/rp2_common/pico_double/double_v1_rom_shim.S.obj
                0x10003e8c                double2float_shim
 .text.dunpacks
                0x10003ee8       0x3c CMakeFiles/TalonFirmware.dir/C_/Users/David_Zaha/Desktop/2022_school_year/YWISE/pico-sdk/src/rp2_common/pico_double/double_v1_rom_shim.S.obj
                0x10003ee8                dunpacks
 .text.__aeabi_lmul
                0x10003f24       0x32 CMakeFiles/TalonFirmware.dir/C_/Users/David_Zaha/Desktop/2022_school_year/YWISE/pico-sdk/src/rp2_common/pico_int64_ops/pico_int64_ops_aeabi.S.obj
                0x10003f24                __wrap___aeabi_lmul
 *fill*         0x10003f56        0x2 
 .text.__wrap___aeabi_farithmetic
                0x10003f58       0x58 CMakeFiles/TalonFirmware.dir/C_/Users/David_Zaha/Desktop/2022_school_year/YWISE/pico-sdk/src/rp2_common/pico_float/float_aeabi.S.obj
                0x10003f58                __wrap___aeabi_frsub
                0x10003f5e                __wrap___aeabi_fsub
                0x10003f68                __wrap___aeabi_fadd
                0x10003f72                __wrap___aeabi_fdiv
                0x10003f9e                __wrap___aeabi_fmul
 .text.__wrap___aeabi_ui2f
                0x10003fb0        0xa CMakeFiles/TalonFirmware.dir/C_/Users/David_Zaha/Desktop/2022_school_year/YWISE/pico-sdk/src/rp2_common/pico_float/float_aeabi.S.obj
                0x10003fb0                __wrap___aeabi_ui2f
 *fill*         0x10003fba        0x2 
 .text.__wrap___aeabi_i2f
                0x10003fbc       0x44 CMakeFiles/TalonFirmware.dir/C_/Users/David_Zaha/Desktop/2022_school_year/YWISE/pico-sdk/src/rp2_common/pico_float/float_aeabi.S.obj
                0x10003fbc                __wrap___aeabi_i2f
 .text.__wrap___aeabi_f2d
                0x10004000       0x14 CMakeFiles/TalonFirmware.dir/C_/Users/David_Zaha/Desktop/2022_school_year/YWISE/pico-sdk/src/rp2_common/pico_float/float_aeabi.S.obj
                0x10004000                __wrap___aeabi_f2d
 .text.__aeabi_float_init
                0x10004014       0xfc CMakeFiles/TalonFirmware.dir/C_/Users/David_Zaha/Desktop/2022_school_year/YWISE/pico-sdk/src/rp2_common/pico_float/float_init_rom.c.obj
                0x10004014                __aeabi_float_init
 .text.float_table_shim_on_use_helper
                0x10004110       0x34 CMakeFiles/TalonFirmware.dir/C_/Users/David_Zaha/Desktop/2022_school_year/YWISE/pico-sdk/src/rp2_common/pico_float/float_v1_rom_shim.S.obj
                0x10004110                float_table_shim_on_use_helper
 .text.float2double_shim
                0x10004144       0x30 CMakeFiles/TalonFirmware.dir/C_/Users/David_Zaha/Desktop/2022_school_year/YWISE/pico-sdk/src/rp2_common/pico_float/float_v1_rom_shim.S.obj
                0x10004144                float2double_shim
 .text          0x10004174       0x10 CMakeFiles/TalonFirmware.dir/C_/Users/David_Zaha/Desktop/2022_school_year/YWISE/pico-sdk/src/rp2_common/pico_mem_ops/mem_ops_aeabi.S.obj
                0x10004174                __aeabi_mem_init
 .text.memcpy   0x10004184        0xc CMakeFiles/TalonFirmware.dir/C_/Users/David_Zaha/Desktop/2022_school_year/YWISE/pico-sdk/src/rp2_common/pico_mem_ops/mem_ops_aeabi.S.obj
                0x10004184                __wrap_memcpy
                0x10004184                __wrap___aeabi_memcpy
 .text.stdio_out_chars_no_crlf
                0x10004190        0xe CMakeFiles/TalonFirmware.dir/C_/Users/David_Zaha/Desktop/2022_school_year/YWISE/pico-sdk/src/rp2_common/pico_stdio/stdio.c.obj
 *fill*         0x1000419e        0x2 
 .text.stdio_out_chars_crlf
                0x100041a0       0x80 CMakeFiles/TalonFirmware.dir/C_/Users/David_Zaha/Desktop/2022_school_year/YWISE/pico-sdk/src/rp2_common/pico_stdio/stdio.c.obj
 .text.stdio_stack_buffer_flush
                0x10004220       0x44 CMakeFiles/TalonFirmware.dir/C_/Users/David_Zaha/Desktop/2022_school_year/YWISE/pico-sdk/src/rp2_common/pico_stdio/stdio.c.obj
 .text.stdio_buffered_printer
                0x10004264       0x20 CMakeFiles/TalonFirmware.dir/C_/Users/David_Zaha/Desktop/2022_school_year/YWISE/pico-sdk/src/rp2_common/pico_stdio/stdio.c.obj
 .text.update_us_since_boot
                0x10004284       0x24 CMakeFiles/TalonFirmware.dir/C_/Users/David_Zaha/Desktop/2022_school_year/YWISE/pico-sdk/src/rp2_common/pico_stdio/stdio.c.obj
 .text.get_absolute_time
                0x100042a8       0x22 CMakeFiles/TalonFirmware.dir/C_/Users/David_Zaha/Desktop/2022_school_year/YWISE/pico-sdk/src/rp2_common/pico_stdio/stdio.c.obj
 *fill*         0x100042ca        0x2 
 .text.delayed_by_ms
                0x100042cc       0x44 CMakeFiles/TalonFirmware.dir/C_/Users/David_Zaha/Desktop/2022_school_year/YWISE/pico-sdk/src/rp2_common/pico_stdio/stdio.c.obj
 .text.make_timeout_time_ms
                0x10004310       0x20 CMakeFiles/TalonFirmware.dir/C_/Users/David_Zaha/Desktop/2022_school_year/YWISE/pico-sdk/src/rp2_common/pico_stdio/stdio.c.obj
 .text.stdout_serialize_begin
                0x10004330       0x20 CMakeFiles/TalonFirmware.dir/C_/Users/David_Zaha/Desktop/2022_school_year/YWISE/pico-sdk/src/rp2_common/pico_stdio/stdio.c.obj
                0x10004330                stdout_serialize_begin
 .text.stdout_serialize_end
                0x10004350       0x10 CMakeFiles/TalonFirmware.dir/C_/Users/David_Zaha/Desktop/2022_school_year/YWISE/pico-sdk/src/rp2_common/pico_stdio/stdio.c.obj
                0x10004350                stdout_serialize_end
 .text.stdio_put_string
                0x10004360       0x98 CMakeFiles/TalonFirmware.dir/C_/Users/David_Zaha/Desktop/2022_school_year/YWISE/pico-sdk/src/rp2_common/pico_stdio/stdio.c.obj
 .text.stdio_set_driver_enabled
                0x100043f8       0x2c CMakeFiles/TalonFirmware.dir/C_/Users/David_Zaha/Desktop/2022_school_year/YWISE/pico-sdk/src/rp2_common/pico_stdio/stdio.c.obj
                0x100043f8                stdio_set_driver_enabled
 .text.stdio_flush
                0x10004424       0x20 CMakeFiles/TalonFirmware.dir/C_/Users/David_Zaha/Desktop/2022_school_year/YWISE/pico-sdk/src/rp2_common/pico_stdio/stdio.c.obj
                0x10004424                stdio_flush
 .text.__wrap_puts
                0x10004444       0x1e CMakeFiles/TalonFirmware.dir/C_/Users/David_Zaha/Desktop/2022_school_year/YWISE/pico-sdk/src/rp2_common/pico_stdio/stdio.c.obj
                0x10004444                __wrap_puts
 *fill*         0x10004462        0x2 
 .text.__wrap_vprintf
                0x10004464       0x40 CMakeFiles/TalonFirmware.dir/C_/Users/David_Zaha/Desktop/2022_school_year/YWISE/pico-sdk/src/rp2_common/pico_stdio/stdio.c.obj
                0x10004464                __wrap_vprintf
 .text.__wrap_printf
                0x100044a4       0x18 CMakeFiles/TalonFirmware.dir/C_/Users/David_Zaha/Desktop/2022_school_year/YWISE/pico-sdk/src/rp2_common/pico_stdio/stdio.c.obj
                0x100044a4                __wrap_printf
 .text.stdio_init_all
                0x100044bc        0xa CMakeFiles/TalonFirmware.dir/C_/Users/David_Zaha/Desktop/2022_school_year/YWISE/pico-sdk/src/rp2_common/pico_stdio/stdio.c.obj
                0x100044bc                stdio_init_all
 *fill*         0x100044c6        0x2 
 .text.uart_putc
                0x100044c8       0x60 CMakeFiles/TalonFirmware.dir/C_/Users/David_Zaha/Desktop/2022_school_year/YWISE/pico-sdk/src/rp2_common/pico_stdio_uart/stdio_uart.c.obj
 .text.uart_getc
                0x10004528       0x24 CMakeFiles/TalonFirmware.dir/C_/Users/David_Zaha/Desktop/2022_school_year/YWISE/pico-sdk/src/rp2_common/pico_stdio_uart/stdio_uart.c.obj
 .text.stdio_uart_out_chars
                0x1000454c       0x20 CMakeFiles/TalonFirmware.dir/C_/Users/David_Zaha/Desktop/2022_school_year/YWISE/pico-sdk/src/rp2_common/pico_stdio_uart/stdio_uart.c.obj
 .text.stdio_uart_in_chars
                0x1000456c       0x5c CMakeFiles/TalonFirmware.dir/C_/Users/David_Zaha/Desktop/2022_school_year/YWISE/pico-sdk/src/rp2_common/pico_stdio_uart/stdio_uart.c.obj
                0x1000456c                stdio_uart_in_chars
 .text.on_uart_rx
                0x100045c8       0x28 CMakeFiles/TalonFirmware.dir/C_/Users/David_Zaha/Desktop/2022_school_year/YWISE/pico-sdk/src/rp2_common/pico_stdio_uart/stdio_uart.c.obj
 .text.stdio_uart_set_chars_available_callback
                0x100045f0       0x8c CMakeFiles/TalonFirmware.dir/C_/Users/David_Zaha/Desktop/2022_school_year/YWISE/pico-sdk/src/rp2_common/pico_stdio_uart/stdio_uart.c.obj
 .text.stdio_uart_init_full
                0x1000467c       0x44 CMakeFiles/TalonFirmware.dir/C_/Users/David_Zaha/Desktop/2022_school_year/YWISE/pico-sdk/src/rp2_common/pico_stdio_uart/stdio_uart.c.obj
                0x1000467c                stdio_uart_init_full
 .text.stdio_uart_init
                0x100046c0       0x28 CMakeFiles/TalonFirmware.dir/C_/Users/David_Zaha/Desktop/2022_school_year/YWISE/pico-sdk/src/rp2_common/pico_stdio_uart/stdio_uart.c.obj
                0x100046c0                stdio_uart_init
 .text.i2c_write_blocking_internal
                0x100046e8      0x146 CMakeFiles/TalonFirmware.dir/C_/Users/David_Zaha/Desktop/2022_school_year/YWISE/pico-sdk/src/rp2_common/hardware_i2c/i2c.c.obj
 .text.i2c_read_blocking_internal
                0x1000482e       0xe6 CMakeFiles/TalonFirmware.dir/C_/Users/David_Zaha/Desktop/2022_school_year/YWISE/pico-sdk/src/rp2_common/hardware_i2c/i2c.c.obj
 .text.i2c_set_baudrate
                0x10004914       0xf0 CMakeFiles/TalonFirmware.dir/C_/Users/David_Zaha/Desktop/2022_school_year/YWISE/pico-sdk/src/rp2_common/hardware_i2c/i2c.c.obj
                0x10004914                i2c_set_baudrate
 .text.i2c_init
                0x10004a04       0x58 CMakeFiles/TalonFirmware.dir/C_/Users/David_Zaha/Desktop/2022_school_year/YWISE/pico-sdk/src/rp2_common/hardware_i2c/i2c.c.obj
                0x10004a04                i2c_init
 .text.i2c_write_blocking
                0x10004a5c       0x18 CMakeFiles/TalonFirmware.dir/C_/Users/David_Zaha/Desktop/2022_school_year/YWISE/pico-sdk/src/rp2_common/hardware_i2c/i2c.c.obj
                0x10004a5c                i2c_write_blocking
 .text.i2c_read_blocking
                0x10004a74       0x18 CMakeFiles/TalonFirmware.dir/C_/Users/David_Zaha/Desktop/2022_school_year/YWISE/pico-sdk/src/rp2_common/hardware_i2c/i2c.c.obj
                0x10004a74                i2c_read_blocking
 .text.strlen   0x10004a8c       0x5c c:/progra~2/arm gnu toolchain arm-none-eabi/12.2 rel1/bin/../lib/gcc/arm-none-eabi/12.2.1/thumb/v6-m/nofp\libg.a(libc_a-strlen-stub.o)
                0x10004a8c                strlen
 *(.fini)
 .fini          0x10004ae8        0x4 c:/progra~2/arm gnu toolchain arm-none-eabi/12.2 rel1/bin/../lib/gcc/arm-none-eabi/12.2.1/thumb/v6-m/nofp/crti.o
                0x10004ae8                _fini
 *fill*         0x10004aec        0x4 
 .fini.__stub   0x10004af0       0x40 linker stubs
 *crtbegin.o(.ctors)
 *crtbegin?.o(.ctors)
 *(EXCLUDE_FILE(*crtend.o *crtend?.o) .ctors)
 *(SORT_BY_NAME(.ctors.*))
 *(.ctors)
 *crtbegin.o(.dtors)
 *crtbegin?.o(.dtors)
 *(EXCLUDE_FILE(*crtend.o *crtend?.o) .dtors)
 *(SORT_BY_NAME(.dtors.*))
 *(.dtors)
 *(.eh_frame*)
 .eh_frame      0x10004b30        0x0 c:/progra~2/arm gnu toolchain arm-none-eabi/12.2 rel1/bin/../lib/gcc/arm-none-eabi/12.2.1/thumb/v6-m/nofp/crtbegin.o
                0x10004b30                . = ALIGN (0x4)

.glue_7         0x10004b30        0x0
 .glue_7        0x10004b30        0x0 linker stubs

.glue_7t        0x10004b30        0x0
 .glue_7t       0x10004b30        0x0 linker stubs

.vfp11_veneer   0x10004b30        0x0
 .vfp11_veneer  0x10004b30        0x0 linker stubs

.v4_bx          0x10004b30        0x0
 .v4_bx         0x10004b30        0x0 linker stubs

.iplt           0x10004b30        0x0
 .iplt          0x10004b30        0x0 c:/progra~2/arm gnu toolchain arm-none-eabi/12.2 rel1/bin/../lib/gcc/arm-none-eabi/12.2.1/thumb/v6-m/nofp/crtbegin.o

.rodata         0x10004b30     0x1080
 *(EXCLUDE_FILE(*libm.a: *libc.a:*lib_a-mem*.o *libgcc.a:) .rodata*)
 .rodata.max17048_alert_handler.str1.4
                0x10004b30        0x2 CMakeFiles/TalonFirmware.dir/main.c.obj
 *fill*         0x10004b32        0x2 
 .rodata.max17048_read_voltage.str1.4
                0x10004b34        0x2 CMakeFiles/TalonFirmware.dir/main.c.obj
 *fill*         0x10004b36        0x2 
 .rodata.max17048_read_charge.str1.4
                0x10004b38        0x2 CMakeFiles/TalonFirmware.dir/main.c.obj
 *fill*         0x10004b3a        0x2 
 .rodata.main.str1.4
                0x10004b3c       0x31 CMakeFiles/TalonFirmware.dir/main.c.obj
 *fill*         0x10004b6d        0x3 
 .rodata.resolve_branch.str1.4
                0x10004b70       0x76 CMakeFiles/TalonFirmware.dir/C_/Users/David_Zaha/Desktop/2022_school_year/YWISE/pico-sdk/src/rp2_common/hardware_irq/irq.c.obj
 *fill*         0x10004be6        0x2 
 .rodata.make_branch.str1.4
                0x10004be8       0x30 CMakeFiles/TalonFirmware.dir/C_/Users/David_Zaha/Desktop/2022_school_year/YWISE/pico-sdk/src/rp2_common/hardware_irq/irq.c.obj
 .rodata.insert_branch_and_link.str1.4
                0x10004c18       0x10 CMakeFiles/TalonFirmware.dir/C_/Users/David_Zaha/Desktop/2022_school_year/YWISE/pico-sdk/src/rp2_common/hardware_irq/irq.c.obj
 .rodata.irq_set_exclusive_handler.str1.4
                0x10004c28       0x36 CMakeFiles/TalonFirmware.dir/C_/Users/David_Zaha/Desktop/2022_school_year/YWISE/pico-sdk/src/rp2_common/hardware_irq/irq.c.obj
 *fill*         0x10004c5e        0x2 
 .rodata.irq_remove_handler.str1.4
                0x10004c60       0x3a CMakeFiles/TalonFirmware.dir/C_/Users/David_Zaha/Desktop/2022_school_year/YWISE/pico-sdk/src/rp2_common/hardware_irq/irq.c.obj
 *fill*         0x10004c9a        0x2 
 .rodata.irq_add_tail_to_free_list.str1.4
                0x10004c9c       0x3a CMakeFiles/TalonFirmware.dir/C_/Users/David_Zaha/Desktop/2022_school_year/YWISE/pico-sdk/src/rp2_common/hardware_irq/irq.c.obj
 *fill*         0x10004cd6        0x2 
 .rodata.__func__.0
                0x10004cd8       0x1a CMakeFiles/TalonFirmware.dir/C_/Users/David_Zaha/Desktop/2022_school_year/YWISE/pico-sdk/src/rp2_common/hardware_irq/irq.c.obj
 *fill*         0x10004cf2        0x2 
 .rodata.__func__.1
                0x10004cf4       0x17 CMakeFiles/TalonFirmware.dir/C_/Users/David_Zaha/Desktop/2022_school_year/YWISE/pico-sdk/src/rp2_common/hardware_irq/irq.c.obj
 *fill*         0x10004d0b        0x1 
 .rodata.__func__.2
                0x10004d0c       0x13 CMakeFiles/TalonFirmware.dir/C_/Users/David_Zaha/Desktop/2022_school_year/YWISE/pico-sdk/src/rp2_common/hardware_irq/irq.c.obj
 *fill*         0x10004d1f        0x1 
 .rodata.__func__.3
                0x10004d20        0xc CMakeFiles/TalonFirmware.dir/C_/Users/David_Zaha/Desktop/2022_school_year/YWISE/pico-sdk/src/rp2_common/hardware_irq/irq.c.obj
 .rodata.__func__.4
                0x10004d2c        0xf CMakeFiles/TalonFirmware.dir/C_/Users/David_Zaha/Desktop/2022_school_year/YWISE/pico-sdk/src/rp2_common/hardware_irq/irq.c.obj
 *fill*         0x10004d3b        0x1 
 .rodata.__func__.6
                0x10004d3c       0x1a CMakeFiles/TalonFirmware.dir/C_/Users/David_Zaha/Desktop/2022_school_year/YWISE/pico-sdk/src/rp2_common/hardware_irq/irq.c.obj
 *fill*         0x10004d56        0x2 
 .rodata.str1.4
                0x10004d58       0xad CMakeFiles/TalonFirmware.dir/C_/Users/David_Zaha/Desktop/2022_school_year/YWISE/pico-sdk/src/common/pico_sync/mutex.c.obj
 *fill*         0x10004e05        0x3 
 .rodata.__func__.1
                0x10004e08        0xb CMakeFiles/TalonFirmware.dir/C_/Users/David_Zaha/Desktop/2022_school_year/YWISE/pico-sdk/src/common/pico_sync/mutex.c.obj
 *fill*         0x10004e13        0x1 
 .rodata.__func__.3
                0x10004e14       0x18 CMakeFiles/TalonFirmware.dir/C_/Users/David_Zaha/Desktop/2022_school_year/YWISE/pico-sdk/src/common/pico_sync/mutex.c.obj
 .rodata.get_entry.str1.4
                0x10004e2c       0x7c CMakeFiles/TalonFirmware.dir/C_/Users/David_Zaha/Desktop/2022_school_year/YWISE/pico-sdk/src/common/pico_time/time.c.obj
 .rodata.update_us_since_boot.str1.4
                0x10004ea8       0x80 CMakeFiles/TalonFirmware.dir/C_/Users/David_Zaha/Desktop/2022_school_year/YWISE/pico-sdk/src/common/pico_time/time.c.obj
 .rodata.ph_get_node.str1.4
                0x10004f28       0x85 CMakeFiles/TalonFirmware.dir/C_/Users/David_Zaha/Desktop/2022_school_year/YWISE/pico-sdk/src/common/pico_time/time.c.obj
 *fill*         0x10004fad        0x3 
 .rodata.ph_add_child_node.str1.4
                0x10004fb0       0x2e CMakeFiles/TalonFirmware.dir/C_/Users/David_Zaha/Desktop/2022_school_year/YWISE/pico-sdk/src/common/pico_time/time.c.obj
 *fill*         0x10004fde        0x2 
 .rodata.ph_insert_node.str1.4
                0x10004fe0        0x3 CMakeFiles/TalonFirmware.dir/C_/Users/David_Zaha/Desktop/2022_school_year/YWISE/pico-sdk/src/common/pico_time/time.c.obj
 *fill*         0x10004fe3        0x1 
 .rodata.ph_free_node.str1.4
                0x10004fe4       0x38 CMakeFiles/TalonFirmware.dir/C_/Users/David_Zaha/Desktop/2022_school_year/YWISE/pico-sdk/src/common/pico_time/time.c.obj
 .rodata.add_alarm_under_lock.str1.4
                0x1000501c       0x28 CMakeFiles/TalonFirmware.dir/C_/Users/David_Zaha/Desktop/2022_school_year/YWISE/pico-sdk/src/common/pico_time/time.c.obj
 .rodata.alarm_pool_alarm_callback.str1.4
                0x10005044       0x60 CMakeFiles/TalonFirmware.dir/C_/Users/David_Zaha/Desktop/2022_school_year/YWISE/pico-sdk/src/common/pico_time/time.c.obj
 .rodata.alarm_pool_get_default.str1.4
                0x100050a4       0x21 CMakeFiles/TalonFirmware.dir/C_/Users/David_Zaha/Desktop/2022_school_year/YWISE/pico-sdk/src/common/pico_time/time.c.obj
 *fill*         0x100050c5        0x3 
 .rodata.alarm_pool_cancel_alarm.str1.4
                0x100050c8       0x27 CMakeFiles/TalonFirmware.dir/C_/Users/David_Zaha/Desktop/2022_school_year/YWISE/pico-sdk/src/common/pico_time/time.c.obj
 *fill*         0x100050ef        0x1 
 .rodata.sleep_until.str1.4
                0x100050f0       0x4d CMakeFiles/TalonFirmware.dir/C_/Users/David_Zaha/Desktop/2022_school_year/YWISE/pico-sdk/src/common/pico_time/time.c.obj
 *fill*         0x1000513d        0x3 
 .rodata.__func__.1
                0x10005140       0x18 CMakeFiles/TalonFirmware.dir/C_/Users/David_Zaha/Desktop/2022_school_year/YWISE/pico-sdk/src/common/pico_time/time.c.obj
 .rodata.__func__.3
                0x10005158       0x17 CMakeFiles/TalonFirmware.dir/C_/Users/David_Zaha/Desktop/2022_school_year/YWISE/pico-sdk/src/common/pico_time/time.c.obj
 *fill*         0x1000516f        0x1 
 .rodata.__func__.4
                0x10005170       0x12 CMakeFiles/TalonFirmware.dir/C_/Users/David_Zaha/Desktop/2022_school_year/YWISE/pico-sdk/src/common/pico_time/time.c.obj
 *fill*         0x10005182        0x2 
 .rodata.__func__.5
                0x10005184        0xd CMakeFiles/TalonFirmware.dir/C_/Users/David_Zaha/Desktop/2022_school_year/YWISE/pico-sdk/src/common/pico_time/time.c.obj
 *fill*         0x10005191        0x3 
 .rodata.__func__.6
                0x10005194       0x12 CMakeFiles/TalonFirmware.dir/C_/Users/David_Zaha/Desktop/2022_school_year/YWISE/pico-sdk/src/common/pico_time/time.c.obj
 *fill*         0x100051a6        0x2 
 .rodata.__func__.7
                0x100051a8        0xf CMakeFiles/TalonFirmware.dir/C_/Users/David_Zaha/Desktop/2022_school_year/YWISE/pico-sdk/src/common/pico_time/time.c.obj
 *fill*         0x100051b7        0x1 
 .rodata.__func__.8
                0x100051b8        0xc CMakeFiles/TalonFirmware.dir/C_/Users/David_Zaha/Desktop/2022_school_year/YWISE/pico-sdk/src/common/pico_time/time.c.obj
 .rodata.__func__.9
                0x100051c4       0x15 CMakeFiles/TalonFirmware.dir/C_/Users/David_Zaha/Desktop/2022_school_year/YWISE/pico-sdk/src/common/pico_time/time.c.obj
 *fill*         0x100051d9        0x3 
 .rodata.__func__.10
                0x100051dc       0x15 CMakeFiles/TalonFirmware.dir/C_/Users/David_Zaha/Desktop/2022_school_year/YWISE/pico-sdk/src/common/pico_time/time.c.obj
 *fill*         0x100051f1        0x3 
 .rodata.__func__.11
                0x100051f4       0x1a CMakeFiles/TalonFirmware.dir/C_/Users/David_Zaha/Desktop/2022_school_year/YWISE/pico-sdk/src/common/pico_time/time.c.obj
 *fill*         0x1000520e        0x2 
 .rodata.__func__.12
                0x10005210        0xa CMakeFiles/TalonFirmware.dir/C_/Users/David_Zaha/Desktop/2022_school_year/YWISE/pico-sdk/src/common/pico_time/time.c.obj
 *fill*         0x1000521a        0x2 
 .rodata.hardware_alarm_claim.str1.4
                0x1000521c       0x22 CMakeFiles/TalonFirmware.dir/C_/Users/David_Zaha/Desktop/2022_school_year/YWISE/pico-sdk/src/rp2_common/hardware_timer/timer.c.obj
 *fill*         0x1000523e        0x2 
 .rodata.hardware_alarm_set_target.str1.4
                0x10005240       0x86 CMakeFiles/TalonFirmware.dir/C_/Users/David_Zaha/Desktop/2022_school_year/YWISE/pico-sdk/src/rp2_common/hardware_timer/timer.c.obj
 *fill*         0x100052c6        0x2 
 .rodata.__func__.0
                0x100052c8       0x1a CMakeFiles/TalonFirmware.dir/C_/Users/David_Zaha/Desktop/2022_school_year/YWISE/pico-sdk/src/rp2_common/hardware_timer/timer.c.obj
 .rodata.ph_get_node.str1.4
                0x100052e2       0x85 CMakeFiles/TalonFirmware.dir/C_/Users/David_Zaha/Desktop/2022_school_year/YWISE/pico-sdk/src/common/pico_util/pheap.c.obj
 .rodata.ph_add_child_node.str1.4
                0x100052e2       0x2e CMakeFiles/TalonFirmware.dir/C_/Users/David_Zaha/Desktop/2022_school_year/YWISE/pico-sdk/src/common/pico_util/pheap.c.obj
 *fill*         0x100052e2        0x2 
 .rodata.ph_remove_any_head.str1.4
                0x100052e4       0xb0 CMakeFiles/TalonFirmware.dir/C_/Users/David_Zaha/Desktop/2022_school_year/YWISE/pico-sdk/src/common/pico_util/pheap.c.obj
                                 0xc4 (size before relaxing)
 .rodata.ph_remove_and_free_node.str1.4
                0x10005394       0x1e CMakeFiles/TalonFirmware.dir/C_/Users/David_Zaha/Desktop/2022_school_year/YWISE/pico-sdk/src/common/pico_util/pheap.c.obj
                                 0x26 (size before relaxing)
 *fill*         0x100053b2        0x2 
 .rodata.__func__.0
                0x100053b4       0x18 CMakeFiles/TalonFirmware.dir/C_/Users/David_Zaha/Desktop/2022_school_year/YWISE/pico-sdk/src/common/pico_util/pheap.c.obj
 .rodata.__func__.1
                0x100053cc       0x13 CMakeFiles/TalonFirmware.dir/C_/Users/David_Zaha/Desktop/2022_school_year/YWISE/pico-sdk/src/common/pico_util/pheap.c.obj
 *fill*         0x100053df        0x1 
 .rodata.__func__.2
                0x100053e0       0x12 CMakeFiles/TalonFirmware.dir/C_/Users/David_Zaha/Desktop/2022_school_year/YWISE/pico-sdk/src/common/pico_util/pheap.c.obj
 *fill*         0x100053f2        0x2 
 .rodata.__func__.3
                0x100053f4        0xc CMakeFiles/TalonFirmware.dir/C_/Users/David_Zaha/Desktop/2022_school_year/YWISE/pico-sdk/src/common/pico_util/pheap.c.obj
 .rodata.clock_configure.str1.4
                0x10005400       0x78 CMakeFiles/TalonFirmware.dir/C_/Users/David_Zaha/Desktop/2022_school_year/YWISE/pico-sdk/src/rp2_common/hardware_clocks/clocks.c.obj
 .rodata.__func__.1
                0x10005478       0x10 CMakeFiles/TalonFirmware.dir/C_/Users/David_Zaha/Desktop/2022_school_year/YWISE/pico-sdk/src/rp2_common/hardware_clocks/clocks.c.obj
 .rodata.pll_init.str1.4
                0x10005488      0x143 CMakeFiles/TalonFirmware.dir/C_/Users/David_Zaha/Desktop/2022_school_year/YWISE/pico-sdk/src/rp2_common/hardware_pll/pll.c.obj
 *fill*         0x100055cb        0x1 
 .rodata.__func__.0
                0x100055cc        0x9 CMakeFiles/TalonFirmware.dir/C_/Users/David_Zaha/Desktop/2022_school_year/YWISE/pico-sdk/src/rp2_common/hardware_pll/pll.c.obj
 *fill*         0x100055d5        0x3 
 .rodata.__assert_func.str1.4
                0x100055d8       0x3f CMakeFiles/TalonFirmware.dir/C_/Users/David_Zaha/Desktop/2022_school_year/YWISE/pico-sdk/src/rp2_common/pico_runtime/runtime.c.obj
                                 0x43 (size before relaxing)
 *fill*         0x10005617        0x1 
 .rodata.runtime_init.str1.4
                0x10005618       0x82 CMakeFiles/TalonFirmware.dir/C_/Users/David_Zaha/Desktop/2022_school_year/YWISE/pico-sdk/src/rp2_common/pico_runtime/runtime.c.obj
 *fill*         0x1000569a        0x2 
 .rodata.panic.str1.4
                0x1000569c       0x12 CMakeFiles/TalonFirmware.dir/C_/Users/David_Zaha/Desktop/2022_school_year/YWISE/pico-sdk/src/rp2_common/pico_runtime/runtime.c.obj
 *fill*         0x100056ae        0x2 
 .rodata.__func__.2
                0x100056b0        0xd CMakeFiles/TalonFirmware.dir/C_/Users/David_Zaha/Desktop/2022_school_year/YWISE/pico-sdk/src/rp2_common/pico_runtime/runtime.c.obj
 *fill*         0x100056bd        0x3 
 .rodata._ftoa.str1.4
                0x100056c0       0x15 CMakeFiles/TalonFirmware.dir/C_/Users/David_Zaha/Desktop/2022_school_year/YWISE/pico-sdk/src/rp2_common/pico_printf/printf.c.obj
 *fill*         0x100056d5        0x3 
 .rodata._vsnprintf
                0x100056d8      0x19c CMakeFiles/TalonFirmware.dir/C_/Users/David_Zaha/Desktop/2022_school_year/YWISE/pico-sdk/src/rp2_common/pico_printf/printf.c.obj
 *fill*         0x10005874        0x4 
 .rodata.pow10.0
                0x10005878       0x50 CMakeFiles/TalonFirmware.dir/C_/Users/David_Zaha/Desktop/2022_school_year/YWISE/pico-sdk/src/rp2_common/pico_printf/printf.c.obj
 .rodata.__aeabi_double_init.str1.4
                0x100058c8       0xc9 CMakeFiles/TalonFirmware.dir/C_/Users/David_Zaha/Desktop/2022_school_year/YWISE/pico-sdk/src/rp2_common/pico_double/double_init_rom.c.obj
 *fill*         0x10005991        0x3 
 .rodata.__func__.0
                0x10005994       0x14 CMakeFiles/TalonFirmware.dir/C_/Users/David_Zaha/Desktop/2022_school_year/YWISE/pico-sdk/src/rp2_common/pico_double/double_init_rom.c.obj
 .rodata.__aeabi_float_init.str1.4
                0x100059a8       0x9b CMakeFiles/TalonFirmware.dir/C_/Users/David_Zaha/Desktop/2022_school_year/YWISE/pico-sdk/src/rp2_common/pico_float/float_init_rom.c.obj
                                 0x9f (size before relaxing)
 *fill*         0x10005a43        0x1 
 .rodata.__func__.0
                0x10005a44       0x13 CMakeFiles/TalonFirmware.dir/C_/Users/David_Zaha/Desktop/2022_school_year/YWISE/pico-sdk/src/rp2_common/pico_float/float_init_rom.c.obj
 *fill*         0x10005a57        0x1 
 .rodata.str1.4
                0x10005a58       0x44 CMakeFiles/TalonFirmware.dir/C_/Users/David_Zaha/Desktop/2022_school_year/YWISE/pico-sdk/src/rp2_common/pico_standard_link/binary_info.c.obj
 .rodata.__bi_81
                0x10005a9c        0xc CMakeFiles/TalonFirmware.dir/C_/Users/David_Zaha/Desktop/2022_school_year/YWISE/pico-sdk/src/rp2_common/pico_standard_link/binary_info.c.obj
 .rodata.__bi_75
                0x10005aa8        0xc CMakeFiles/TalonFirmware.dir/C_/Users/David_Zaha/Desktop/2022_school_year/YWISE/pico-sdk/src/rp2_common/pico_standard_link/binary_info.c.obj
 .rodata.__bi_44
                0x10005ab4        0xc CMakeFiles/TalonFirmware.dir/C_/Users/David_Zaha/Desktop/2022_school_year/YWISE/pico-sdk/src/rp2_common/pico_standard_link/binary_info.c.obj
 .rodata.update_us_since_boot.str1.4
                0x10005ac0       0x80 CMakeFiles/TalonFirmware.dir/C_/Users/David_Zaha/Desktop/2022_school_year/YWISE/pico-sdk/src/rp2_common/pico_stdio/stdio.c.obj
 .rodata.crlf_str.2
                0x10005ac0        0x2 CMakeFiles/TalonFirmware.dir/C_/Users/David_Zaha/Desktop/2022_school_year/YWISE/pico-sdk/src/rp2_common/pico_stdio/stdio.c.obj
 *fill*         0x10005ac2        0x2 
 .rodata.__func__.3
                0x10005ac4       0x15 CMakeFiles/TalonFirmware.dir/C_/Users/David_Zaha/Desktop/2022_school_year/YWISE/pico-sdk/src/rp2_common/pico_stdio/stdio.c.obj
 *fill*         0x10005ad9        0x3 
 .rodata.str1.4
                0x10005adc       0x2c CMakeFiles/TalonFirmware.dir/C_/Users/David_Zaha/Desktop/2022_school_year/YWISE/pico-sdk/src/rp2_common/pico_stdio_uart/stdio_uart.c.obj
 .rodata.__bi_33.4
                0x10005b08        0xc CMakeFiles/TalonFirmware.dir/C_/Users/David_Zaha/Desktop/2022_school_year/YWISE/pico-sdk/src/rp2_common/pico_stdio_uart/stdio_uart.c.obj
 .rodata.__bi_34.5
                0x10005b14        0x8 CMakeFiles/TalonFirmware.dir/C_/Users/David_Zaha/Desktop/2022_school_year/YWISE/pico-sdk/src/rp2_common/pico_stdio_uart/stdio_uart.c.obj
 .rodata.i2c_set_baudrate.str1.4
                0x10005b1c       0x7e CMakeFiles/TalonFirmware.dir/C_/Users/David_Zaha/Desktop/2022_school_year/YWISE/pico-sdk/src/rp2_common/hardware_i2c/i2c.c.obj
 *fill*         0x10005b9a        0x2 
 .rodata.__func__.0
                0x10005b9c       0x11 CMakeFiles/TalonFirmware.dir/C_/Users/David_Zaha/Desktop/2022_school_year/YWISE/pico-sdk/src/rp2_common/hardware_i2c/i2c.c.obj
                0x10005bb0                . = ALIGN (0x4)
 *fill*         0x10005bad        0x3 
 *(SORT_BY_ALIGNMENT(SORT_BY_NAME(.flashdata*)))
                0x10005bb0                . = ALIGN (0x4)

.rel.dyn        0x10005bb0        0x0
 .rel.iplt      0x10005bb0        0x0 c:/progra~2/arm gnu toolchain arm-none-eabi/12.2 rel1/bin/../lib/gcc/arm-none-eabi/12.2.1/thumb/v6-m/nofp/crtbegin.o

.ARM.extab
 *(.ARM.extab* .gnu.linkonce.armextab.*)
                0x10005bb0                __exidx_start = .

.ARM.exidx
 *(.ARM.exidx* .gnu.linkonce.armexidx.*)
                0x10005bb0                __exidx_end = .
                0x10005bb0                . = ALIGN (0x4)
                0x10005bb0                __binary_info_start = .

.binary_info    0x10005bb0       0x24
 *(.binary_info.keep.*)
 .binary_info.keep.__bi_ptr81
                0x10005bb0        0x4 CMakeFiles/TalonFirmware.dir/C_/Users/David_Zaha/Desktop/2022_school_year/YWISE/pico-sdk/src/rp2_common/pico_standard_link/binary_info.c.obj
 .binary_info.keep.__bi_ptr75
                0x10005bb4        0x4 CMakeFiles/TalonFirmware.dir/C_/Users/David_Zaha/Desktop/2022_school_year/YWISE/pico-sdk/src/rp2_common/pico_standard_link/binary_info.c.obj
 .binary_info.keep.__bi_ptr50
                0x10005bb8        0x4 CMakeFiles/TalonFirmware.dir/C_/Users/David_Zaha/Desktop/2022_school_year/YWISE/pico-sdk/src/rp2_common/pico_standard_link/binary_info.c.obj
 .binary_info.keep.__bi_ptr44
                0x10005bbc        0x4 CMakeFiles/TalonFirmware.dir/C_/Users/David_Zaha/Desktop/2022_school_year/YWISE/pico-sdk/src/rp2_common/pico_standard_link/binary_info.c.obj
 .binary_info.keep.__bi_ptr38
                0x10005bc0        0x4 CMakeFiles/TalonFirmware.dir/C_/Users/David_Zaha/Desktop/2022_school_year/YWISE/pico-sdk/src/rp2_common/pico_standard_link/binary_info.c.obj
 .binary_info.keep.__bi_ptr30
                0x10005bc4        0x4 CMakeFiles/TalonFirmware.dir/C_/Users/David_Zaha/Desktop/2022_school_year/YWISE/pico-sdk/src/rp2_common/pico_standard_link/binary_info.c.obj
 .binary_info.keep.__bi_ptr22
                0x10005bc8        0x4 CMakeFiles/TalonFirmware.dir/C_/Users/David_Zaha/Desktop/2022_school_year/YWISE/pico-sdk/src/rp2_common/pico_standard_link/binary_info.c.obj
 *(.binary_info.*)
 .binary_info.__bi_ptr34
                0x10005bcc        0x4 CMakeFiles/TalonFirmware.dir/C_/Users/David_Zaha/Desktop/2022_school_year/YWISE/pico-sdk/src/rp2_common/pico_stdio_uart/stdio_uart.c.obj
 .binary_info.__bi_ptr33
                0x10005bd0        0x4 CMakeFiles/TalonFirmware.dir/C_/Users/David_Zaha/Desktop/2022_school_year/YWISE/pico-sdk/src/rp2_common/pico_stdio_uart/stdio_uart.c.obj
                0x10005bd4                __binary_info_end = .
                0x10005bd4                . = ALIGN (0x4)
                0x10005bd4                __etext = .

.ram_vector_table
                0x20000000       0xc0
 *(.ram_vector_table)
 .ram_vector_table
                0x20000000       0xc0 CMakeFiles/TalonFirmware.dir/C_/Users/David_Zaha/Desktop/2022_school_year/YWISE/pico-sdk/src/rp2_common/pico_runtime/runtime.c.obj
                0x20000000                ram_vector_table

.data           0x200000c0      0x254 load address 0x10005bd4
                0x200000c0                __data_start__ = .
 *(vtable)
 *(.time_critical*)
 .time_critical.mutex_try_enter
                0x200000c0       0x46 CMakeFiles/TalonFirmware.dir/C_/Users/David_Zaha/Desktop/2022_school_year/YWISE/pico-sdk/src/common/pico_sync/mutex.c.obj
                0x200000c0                mutex_try_enter
 *fill*         0x20000106        0x2 
 .time_critical.mutex_enter_block_until
                0x20000108       0x8c CMakeFiles/TalonFirmware.dir/C_/Users/David_Zaha/Desktop/2022_school_year/YWISE/pico-sdk/src/common/pico_sync/mutex.c.obj
                0x20000108                mutex_enter_block_until
 .time_critical.mutex_try_enter_block_until
                0x20000194       0x34 CMakeFiles/TalonFirmware.dir/C_/Users/David_Zaha/Desktop/2022_school_year/YWISE/pico-sdk/src/common/pico_sync/mutex.c.obj
                0x20000194                mutex_try_enter_block_until
 .time_critical.mutex_exit
                0x200001c8       0x4c CMakeFiles/TalonFirmware.dir/C_/Users/David_Zaha/Desktop/2022_school_year/YWISE/pico-sdk/src/common/pico_sync/mutex.c.obj
                0x200001c8                mutex_exit
 *(.text*)
 .text          0x20000214        0x4 c:/progra~2/arm gnu toolchain arm-none-eabi/12.2 rel1/bin/../lib/gcc/arm-none-eabi/12.2.1/thumb/v6-m/nofp\libgcc.a(_dvmd_tls.o)
                0x20000214                __aeabi_idiv0
                0x20000214                __aeabi_ldiv0
 .text.__stub   0x20000218       0x20 linker stubs
                0x20000238                . = ALIGN (0x4)
 *(.rodata*)
                0x20000238                . = ALIGN (0x4)
 *(.data*)
 .data.striped_spin_lock_num
                0x20000238        0x1 CMakeFiles/TalonFirmware.dir/C_/Users/David_Zaha/Desktop/2022_school_year/YWISE/pico-sdk/src/rp2_common/hardware_sync/sync.c.obj
 *fill*         0x20000239        0x3 
 .data          0x2000023c       0x48 CMakeFiles/TalonFirmware.dir/C_/Users/David_Zaha/Desktop/2022_school_year/YWISE/pico-sdk/src/rp2_common/hardware_irq/irq_handler_chain.S.obj
                0x2000023c                irq_handler_chain_slots
                0x2000026c                irq_handler_chain_first_slot
                0x20000276                irq_handler_chain_remove_tail
 .data.default_alarm_pool
                0x20000284       0x18 CMakeFiles/TalonFirmware.dir/C_/Users/David_Zaha/Desktop/2022_school_year/YWISE/pico-sdk/src/common/pico_time/time.c.obj
 .data.default_alarm_pool_heap
                0x2000029c       0x10 CMakeFiles/TalonFirmware.dir/C_/Users/David_Zaha/Desktop/2022_school_year/YWISE/pico-sdk/src/common/pico_time/time.c.obj
 *fill*         0x200002ac        0x4 
 .data.aeabi_bits_funcs
                0x200002b0       0x10 CMakeFiles/TalonFirmware.dir/C_/Users/David_Zaha/Desktop/2022_school_year/YWISE/pico-sdk/src/rp2_common/pico_bit_ops/bit_ops_aeabi.S.obj
                0x200002b0                aeabi_bits_funcs
                0x200002c0                aeabi_bits_funcs_end
 .data.aeabi_mem_funcs
                0x200002c0       0x10 CMakeFiles/TalonFirmware.dir/C_/Users/David_Zaha/Desktop/2022_school_year/YWISE/pico-sdk/src/rp2_common/pico_mem_ops/mem_ops_aeabi.S.obj
                0x200002c0                aeabi_mem_funcs
                0x200002d0                aeabi_mem_funcs_end
 .data.stdio_uart
                0x200002d0       0x18 CMakeFiles/TalonFirmware.dir/C_/Users/David_Zaha/Desktop/2022_school_year/YWISE/pico-sdk/src/rp2_common/pico_stdio_uart/stdio_uart.c.obj
                0x200002d0                stdio_uart
 .data.i2c1_inst
                0x200002e8        0x8 CMakeFiles/TalonFirmware.dir/C_/Users/David_Zaha/Desktop/2022_school_year/YWISE/pico-sdk/src/rp2_common/hardware_i2c/i2c.c.obj
                0x200002e8                i2c1_inst
 .data.i2c0_inst
                0x200002f0        0x8 CMakeFiles/TalonFirmware.dir/C_/Users/David_Zaha/Desktop/2022_school_year/YWISE/pico-sdk/src/rp2_common/hardware_i2c/i2c.c.obj
                0x200002f0                i2c0_inst
                0x200002f8                . = ALIGN (0x4)
 *(.after_data.*)
                0x200002f8                . = ALIGN (0x4)
                0x200002f8                PROVIDE (__mutex_array_start = .)
 *(SORT_BY_NAME(.mutex_array.*))
 *(.mutex_array)
 .mutex_array   0x200002f8        0x8 CMakeFiles/TalonFirmware.dir/C_/Users/David_Zaha/Desktop/2022_school_year/YWISE/pico-sdk/src/rp2_common/pico_stdio/stdio.c.obj
                0x20000300                PROVIDE (__mutex_array_end = .)
                0x20000300                . = ALIGN (0x4)
                0x20000300                PROVIDE (__preinit_array_start = .)
 *(SORT_BY_NAME(.preinit_array.*))
 .preinit_array.00001
                0x20000300        0x4 CMakeFiles/TalonFirmware.dir/C_/Users/David_Zaha/Desktop/2022_school_year/YWISE/pico-sdk/src/rp2_common/pico_mem_ops/mem_ops_aeabi.S.obj
 .preinit_array.00010
                0x20000304        0x4 CMakeFiles/TalonFirmware.dir/C_/Users/David_Zaha/Desktop/2022_school_year/YWISE/pico-sdk/src/rp2_common/pico_bit_ops/bit_ops_aeabi.S.obj
 .preinit_array.00020
                0x20000308        0x4 CMakeFiles/TalonFirmware.dir/C_/Users/David_Zaha/Desktop/2022_school_year/YWISE/pico-sdk/src/rp2_common/pico_double/double_aeabi.S.obj
 .preinit_array.00020
                0x2000030c        0x4 CMakeFiles/TalonFirmware.dir/C_/Users/David_Zaha/Desktop/2022_school_year/YWISE/pico-sdk/src/rp2_common/pico_float/float_aeabi.S.obj
 *(.preinit_array)
                0x20000310                PROVIDE (__preinit_array_end = .)
                0x20000310                . = ALIGN (0x4)
                0x20000310                PROVIDE (__init_array_start = .)
 *(SORT_BY_NAME(.init_array.*))
 *(.init_array)
 .init_array    0x20000310        0x4 c:/progra~2/arm gnu toolchain arm-none-eabi/12.2 rel1/bin/../lib/gcc/arm-none-eabi/12.2.1/thumb/v6-m/nofp/crtbegin.o
                0x20000314                PROVIDE (__init_array_end = .)
                0x20000314                . = ALIGN (0x4)
                [!provide]                PROVIDE (__fini_array_start = .)
 *(SORT_BY_NAME(.fini_array.*))
 *(.fini_array)
                [!provide]                PROVIDE (__fini_array_end = .)
 *(.jcr)
                0x20000314                . = ALIGN (0x4)
                0x20000314                __data_end__ = .

.tm_clone_table
                0x20000314        0x0 load address 0x10005e28
 .tm_clone_table
                0x20000314        0x0 c:/progra~2/arm gnu toolchain arm-none-eabi/12.2 rel1/bin/../lib/gcc/arm-none-eabi/12.2.1/thumb/v6-m/nofp/crtbegin.o
 .tm_clone_table
                0x20000314        0x0 c:/progra~2/arm gnu toolchain arm-none-eabi/12.2 rel1/bin/../lib/gcc/arm-none-eabi/12.2.1/thumb/v6-m/nofp/crtend.o

.igot.plt       0x20000314        0x0 load address 0x10005e28
 .igot.plt      0x20000314        0x0 c:/progra~2/arm gnu toolchain arm-none-eabi/12.2 rel1/bin/../lib/gcc/arm-none-eabi/12.2.1/thumb/v6-m/nofp/crtbegin.o

.uninitialized_data
                0x20000314        0x0 load address 0x10005e28
                0x20000314                . = ALIGN (0x4)
 *(.uninitialized_data*)

.scratch_x      0x20040000        0x0 load address 0x10005e28
                0x20040000                __scratch_x_start__ = .
 *(.scratch_x.*)
                0x20040000                . = ALIGN (0x4)
                0x20040000                __scratch_x_end__ = .
                0x10005e28                __scratch_x_source__ = LOADADDR (.scratch_x)

.scratch_y      0x20041000        0x0 load address 0x10005e28
                0x20041000                __scratch_y_start__ = .
 *(.scratch_y.*)
                0x20041000                . = ALIGN (0x4)
                0x20041000                __scratch_y_end__ = .
                0x10005e28                __scratch_y_source__ = LOADADDR (.scratch_y)

.bss            0x20000318      0x3d4
                0x20000318                . = ALIGN (0x4)
                0x20000318                __bss_start__ = .
 *(SORT_BY_ALIGNMENT(SORT_BY_NAME(.bss*)))
 .bss.default_alarm_pool_entries
                0x20000318      0x100 CMakeFiles/TalonFirmware.dir/C_/Users/David_Zaha/Desktop/2022_school_year/YWISE/pico-sdk/src/common/pico_time/time.c.obj
 .bss.alarm_callbacks
                0x20000418       0x10 CMakeFiles/TalonFirmware.dir/C_/Users/David_Zaha/Desktop/2022_school_year/YWISE/pico-sdk/src/rp2_common/hardware_timer/timer.c.obj
 .bss.chars_available_callback
                0x20000428        0x4 CMakeFiles/TalonFirmware.dir/C_/Users/David_Zaha/Desktop/2022_school_year/YWISE/pico-sdk/src/rp2_common/pico_stdio_uart/stdio_uart.c.obj
 .bss.chars_available_param
                0x2000042c        0x4 CMakeFiles/TalonFirmware.dir/C_/Users/David_Zaha/Desktop/2022_school_year/YWISE/pico-sdk/src/rp2_common/pico_stdio_uart/stdio_uart.c.obj
 .bss.configured_freq
                0x20000430       0x28 CMakeFiles/TalonFirmware.dir/C_/Users/David_Zaha/Desktop/2022_school_year/YWISE/pico-sdk/src/rp2_common/hardware_clocks/clocks.c.obj
 .bss.default_alarm_pool_entry_ids_high
                0x20000458       0x10 CMakeFiles/TalonFirmware.dir/C_/Users/David_Zaha/Desktop/2022_school_year/YWISE/pico-sdk/src/common/pico_time/time.c.obj
 .bss.default_alarm_pool_heap_nodes
                0x20000468       0x30 CMakeFiles/TalonFirmware.dir/C_/Users/David_Zaha/Desktop/2022_school_year/YWISE/pico-sdk/src/common/pico_time/time.c.obj
 .bss.drivers   0x20000498        0x4 CMakeFiles/TalonFirmware.dir/C_/Users/David_Zaha/Desktop/2022_school_year/YWISE/pico-sdk/src/rp2_common/pico_stdio/stdio.c.obj
 .bss.filter    0x2000049c        0x4 CMakeFiles/TalonFirmware.dir/C_/Users/David_Zaha/Desktop/2022_school_year/YWISE/pico-sdk/src/rp2_common/pico_stdio/stdio.c.obj
 .bss.object.0  0x200004a0       0x18 c:/progra~2/arm gnu toolchain arm-none-eabi/12.2 rel1/bin/../lib/gcc/arm-none-eabi/12.2.1/thumb/v6-m/nofp/crtbegin.o
 .bss.pools     0x200004b8       0x10 CMakeFiles/TalonFirmware.dir/C_/Users/David_Zaha/Desktop/2022_school_year/YWISE/pico-sdk/src/common/pico_time/time.c.obj
 .bss.sd_table  0x200004c8      0x100 CMakeFiles/TalonFirmware.dir/C_/Users/David_Zaha/Desktop/2022_school_year/YWISE/pico-sdk/src/rp2_common/pico_double/double_init_rom.c.obj
                0x200004c8                sd_table
 .bss.sf_clz_func
                0x200005c8        0x4 CMakeFiles/TalonFirmware.dir/C_/Users/David_Zaha/Desktop/2022_school_year/YWISE/pico-sdk/src/rp2_common/pico_double/double_init_rom.c.obj
                0x200005c8                sf_clz_func
 .bss.sf_table  0x200005cc      0x100 CMakeFiles/TalonFirmware.dir/C_/Users/David_Zaha/Desktop/2022_school_year/YWISE/pico-sdk/src/rp2_common/pico_float/float_init_rom.c.obj
                0x200005cc                sf_table
 .bss.sleep_notifier
                0x200006cc        0x4 CMakeFiles/TalonFirmware.dir/C_/Users/David_Zaha/Desktop/2022_school_year/YWISE/pico-sdk/src/common/pico_time/time.c.obj
 .bss.target_hi
                0x200006d0       0x10 CMakeFiles/TalonFirmware.dir/C_/Users/David_Zaha/Desktop/2022_school_year/YWISE/pico-sdk/src/rp2_common/hardware_timer/timer.c.obj
 .bss.uart_char_to_line_feed
                0x200006e0        0x4 CMakeFiles/TalonFirmware.dir/C_/Users/David_Zaha/Desktop/2022_school_year/YWISE/pico-sdk/src/rp2_common/hardware_uart/uart.c.obj
                0x200006e0                uart_char_to_line_feed
 .bss.uart_instance
                0x200006e4        0x4 CMakeFiles/TalonFirmware.dir/C_/Users/David_Zaha/Desktop/2022_school_year/YWISE/pico-sdk/src/rp2_common/pico_stdio_uart/stdio_uart.c.obj
 .bss.claimed   0x200006e8        0x1 CMakeFiles/TalonFirmware.dir/C_/Users/David_Zaha/Desktop/2022_school_year/YWISE/pico-sdk/src/rp2_common/hardware_timer/timer.c.obj
 .bss.irq_hander_chain_free_slot_head
                0x200006e9        0x1 CMakeFiles/TalonFirmware.dir/C_/Users/David_Zaha/Desktop/2022_school_year/YWISE/pico-sdk/src/rp2_common/hardware_irq/irq.c.obj
 .bss.timer_callbacks_pending
                0x200006ea        0x1 CMakeFiles/TalonFirmware.dir/C_/Users/David_Zaha/Desktop/2022_school_year/YWISE/pico-sdk/src/rp2_common/hardware_timer/timer.c.obj
 *(COMMON)
                0x200006ec                . = ALIGN (0x4)
 *fill*         0x200006eb        0x1 
                0x200006ec                __bss_end__ = .

.heap           0x200006ec      0x800
                0x200006ec                __end__ = .
                0x200006ec                end = __end__
 *(.heap*)
 .heap          0x200006ec      0x800 CMakeFiles/TalonFirmware.dir/C_/Users/David_Zaha/Desktop/2022_school_year/YWISE/pico-sdk/src/rp2_common/pico_standard_link/crt0.S.obj
                0x20000eec                __HeapLimit = .

.stack1_dummy
 *(.stack1*)

.stack_dummy    0x20041000      0x800
 *(.stack*)
 .stack         0x20041000      0x800 CMakeFiles/TalonFirmware.dir/C_/Users/David_Zaha/Desktop/2022_school_year/YWISE/pico-sdk/src/rp2_common/pico_standard_link/crt0.S.obj

.flash_end      0x10005e28        0x0
                0x10005e28                __flash_binary_end = .
                0x20040000                __StackLimit = (ORIGIN (RAM) + LENGTH (RAM))
                0x20041000                __StackOneTop = (ORIGIN (SCRATCH_X) + LENGTH (SCRATCH_X))
                0x20042000                __StackTop = (ORIGIN (SCRATCH_Y) + LENGTH (SCRATCH_Y))
                0x20041000                __StackOneBottom = (__StackOneTop - SIZEOF (.stack1_dummy))
                0x20041800                __StackBottom = (__StackTop - SIZEOF (.stack_dummy))
                0x20042000                PROVIDE (__stack = __StackTop)
                0x00000001                ASSERT ((__StackLimit >= __HeapLimit), region RAM overflowed)
                0x00000001                ASSERT (((__binary_info_header_end - __logical_binary_start) <= 0x100), Binary info must be in first 256 bytes of the binary)
LOAD CMakeFiles/TalonFirmware.dir/main.c.obj
LOAD CMakeFiles/TalonFirmware.dir/C_/Users/David_Zaha/Desktop/2022_school_year/YWISE/pico-sdk/src/rp2_common/pico_stdlib/stdlib.c.obj
LOAD CMakeFiles/TalonFirmware.dir/C_/Users/David_Zaha/Desktop/2022_school_year/YWISE/pico-sdk/src/rp2_common/hardware_gpio/gpio.c.obj
LOAD CMakeFiles/TalonFirmware.dir/C_/Users/David_Zaha/Desktop/2022_school_year/YWISE/pico-sdk/src/rp2_common/pico_platform/platform.c.obj
LOAD CMakeFiles/TalonFirmware.dir/C_/Users/David_Zaha/Desktop/2022_school_year/YWISE/pico-sdk/src/rp2_common/hardware_claim/claim.c.obj
LOAD CMakeFiles/TalonFirmware.dir/C_/Users/David_Zaha/Desktop/2022_school_year/YWISE/pico-sdk/src/rp2_common/hardware_sync/sync.c.obj
LOAD CMakeFiles/TalonFirmware.dir/C_/Users/David_Zaha/Desktop/2022_school_year/YWISE/pico-sdk/src/rp2_common/hardware_irq/irq.c.obj
LOAD CMakeFiles/TalonFirmware.dir/C_/Users/David_Zaha/Desktop/2022_school_year/YWISE/pico-sdk/src/rp2_common/hardware_irq/irq_handler_chain.S.obj
LOAD CMakeFiles/TalonFirmware.dir/C_/Users/David_Zaha/Desktop/2022_school_year/YWISE/pico-sdk/src/common/pico_sync/sem.c.obj
LOAD CMakeFiles/TalonFirmware.dir/C_/Users/David_Zaha/Desktop/2022_school_year/YWISE/pico-sdk/src/common/pico_sync/lock_core.c.obj
LOAD CMakeFiles/TalonFirmware.dir/C_/Users/David_Zaha/Desktop/2022_school_year/YWISE/pico-sdk/src/common/pico_sync/mutex.c.obj
LOAD CMakeFiles/TalonFirmware.dir/C_/Users/David_Zaha/Desktop/2022_school_year/YWISE/pico-sdk/src/common/pico_sync/critical_section.c.obj
LOAD CMakeFiles/TalonFirmware.dir/C_/Users/David_Zaha/Desktop/2022_school_year/YWISE/pico-sdk/src/common/pico_time/time.c.obj
LOAD CMakeFiles/TalonFirmware.dir/C_/Users/David_Zaha/Desktop/2022_school_year/YWISE/pico-sdk/src/common/pico_time/timeout_helper.c.obj
LOAD CMakeFiles/TalonFirmware.dir/C_/Users/David_Zaha/Desktop/2022_school_year/YWISE/pico-sdk/src/rp2_common/hardware_timer/timer.c.obj
LOAD CMakeFiles/TalonFirmware.dir/C_/Users/David_Zaha/Desktop/2022_school_year/YWISE/pico-sdk/src/common/pico_util/datetime.c.obj
LOAD CMakeFiles/TalonFirmware.dir/C_/Users/David_Zaha/Desktop/2022_school_year/YWISE/pico-sdk/src/common/pico_util/pheap.c.obj
LOAD CMakeFiles/TalonFirmware.dir/C_/Users/David_Zaha/Desktop/2022_school_year/YWISE/pico-sdk/src/common/pico_util/queue.c.obj
LOAD CMakeFiles/TalonFirmware.dir/C_/Users/David_Zaha/Desktop/2022_school_year/YWISE/pico-sdk/src/rp2_common/hardware_uart/uart.c.obj
LOAD CMakeFiles/TalonFirmware.dir/C_/Users/David_Zaha/Desktop/2022_school_year/YWISE/pico-sdk/src/rp2_common/hardware_clocks/clocks.c.obj
LOAD CMakeFiles/TalonFirmware.dir/C_/Users/David_Zaha/Desktop/2022_school_year/YWISE/pico-sdk/src/rp2_common/hardware_pll/pll.c.obj
LOAD CMakeFiles/TalonFirmware.dir/C_/Users/David_Zaha/Desktop/2022_school_year/YWISE/pico-sdk/src/rp2_common/hardware_vreg/vreg.c.obj
LOAD CMakeFiles/TalonFirmware.dir/C_/Users/David_Zaha/Desktop/2022_school_year/YWISE/pico-sdk/src/rp2_common/hardware_watchdog/watchdog.c.obj
LOAD CMakeFiles/TalonFirmware.dir/C_/Users/David_Zaha/Desktop/2022_school_year/YWISE/pico-sdk/src/rp2_common/hardware_xosc/xosc.c.obj
LOAD CMakeFiles/TalonFirmware.dir/C_/Users/David_Zaha/Desktop/2022_school_year/YWISE/pico-sdk/src/rp2_common/hardware_divider/divider.S.obj
LOAD CMakeFiles/TalonFirmware.dir/C_/Users/David_Zaha/Desktop/2022_school_year/YWISE/pico-sdk/src/rp2_common/pico_runtime/runtime.c.obj
LOAD CMakeFiles/TalonFirmware.dir/C_/Users/David_Zaha/Desktop/2022_school_year/YWISE/pico-sdk/src/rp2_common/pico_printf/printf.c.obj
LOAD CMakeFiles/TalonFirmware.dir/C_/Users/David_Zaha/Desktop/2022_school_year/YWISE/pico-sdk/src/rp2_common/pico_bit_ops/bit_ops_aeabi.S.obj
LOAD CMakeFiles/TalonFirmware.dir/C_/Users/David_Zaha/Desktop/2022_school_year/YWISE/pico-sdk/src/rp2_common/pico_bootrom/bootrom.c.obj
LOAD CMakeFiles/TalonFirmware.dir/C_/Users/David_Zaha/Desktop/2022_school_year/YWISE/pico-sdk/src/rp2_common/pico_divider/divider.S.obj
LOAD CMakeFiles/TalonFirmware.dir/C_/Users/David_Zaha/Desktop/2022_school_year/YWISE/pico-sdk/src/rp2_common/pico_double/double_aeabi.S.obj
LOAD CMakeFiles/TalonFirmware.dir/C_/Users/David_Zaha/Desktop/2022_school_year/YWISE/pico-sdk/src/rp2_common/pico_double/double_init_rom.c.obj
LOAD CMakeFiles/TalonFirmware.dir/C_/Users/David_Zaha/Desktop/2022_school_year/YWISE/pico-sdk/src/rp2_common/pico_double/double_math.c.obj
LOAD CMakeFiles/TalonFirmware.dir/C_/Users/David_Zaha/Desktop/2022_school_year/YWISE/pico-sdk/src/rp2_common/pico_double/double_v1_rom_shim.S.obj
LOAD CMakeFiles/TalonFirmware.dir/C_/Users/David_Zaha/Desktop/2022_school_year/YWISE/pico-sdk/src/rp2_common/pico_int64_ops/pico_int64_ops_aeabi.S.obj
LOAD CMakeFiles/TalonFirmware.dir/C_/Users/David_Zaha/Desktop/2022_school_year/YWISE/pico-sdk/src/rp2_common/pico_float/float_aeabi.S.obj
LOAD CMakeFiles/TalonFirmware.dir/C_/Users/David_Zaha/Desktop/2022_school_year/YWISE/pico-sdk/src/rp2_common/pico_float/float_init_rom.c.obj
LOAD CMakeFiles/TalonFirmware.dir/C_/Users/David_Zaha/Desktop/2022_school_year/YWISE/pico-sdk/src/rp2_common/pico_float/float_math.c.obj
LOAD CMakeFiles/TalonFirmware.dir/C_/Users/David_Zaha/Desktop/2022_school_year/YWISE/pico-sdk/src/rp2_common/pico_float/float_v1_rom_shim.S.obj
LOAD CMakeFiles/TalonFirmware.dir/C_/Users/David_Zaha/Desktop/2022_school_year/YWISE/pico-sdk/src/rp2_common/pico_malloc/pico_malloc.c.obj
LOAD CMakeFiles/TalonFirmware.dir/C_/Users/David_Zaha/Desktop/2022_school_year/YWISE/pico-sdk/src/rp2_common/pico_mem_ops/mem_ops_aeabi.S.obj
LOAD CMakeFiles/TalonFirmware.dir/C_/Users/David_Zaha/Desktop/2022_school_year/YWISE/pico-sdk/src/rp2_common/pico_standard_link/crt0.S.obj
LOAD CMakeFiles/TalonFirmware.dir/C_/Users/David_Zaha/Desktop/2022_school_year/YWISE/pico-sdk/src/rp2_common/pico_standard_link/new_delete.cpp.obj
LOAD CMakeFiles/TalonFirmware.dir/C_/Users/David_Zaha/Desktop/2022_school_year/YWISE/pico-sdk/src/rp2_common/pico_standard_link/binary_info.c.obj
LOAD CMakeFiles/TalonFirmware.dir/C_/Users/David_Zaha/Desktop/2022_school_year/YWISE/pico-sdk/src/rp2_common/pico_stdio/stdio.c.obj
LOAD CMakeFiles/TalonFirmware.dir/C_/Users/David_Zaha/Desktop/2022_school_year/YWISE/pico-sdk/src/rp2_common/pico_stdio_uart/stdio_uart.c.obj
LOAD CMakeFiles/TalonFirmware.dir/C_/Users/David_Zaha/Desktop/2022_school_year/YWISE/pico-sdk/src/rp2_common/hardware_i2c/i2c.c.obj
LOAD CMakeFiles/TalonFirmware.dir/C_/Users/David_Zaha/Desktop/2022_school_year/YWISE/pico-sdk/src/rp2_common/hardware_spi/spi.c.obj
LOAD C:\Users\DAVIDZ~1\AppData\Local\Temp\ccokYvLo.o
LOAD c:/progra~2/arm gnu toolchain arm-none-eabi/12.2 rel1/bin/../lib/gcc/arm-none-eabi/12.2.1/thumb/v6-m/nofp\libstdc++.a
LOAD c:/progra~2/arm gnu toolchain arm-none-eabi/12.2 rel1/bin/../lib/gcc/arm-none-eabi/12.2.1/thumb/v6-m/nofp\libm.a
START GROUP
LOAD c:/progra~2/arm gnu toolchain arm-none-eabi/12.2 rel1/bin/../lib/gcc/arm-none-eabi/12.2.1/thumb/v6-m/nofp\libgcc.a
LOAD c:/progra~2/arm gnu toolchain arm-none-eabi/12.2 rel1/bin/../lib/gcc/arm-none-eabi/12.2.1/thumb/v6-m/nofp\libg.a
LOAD c:/progra~2/arm gnu toolchain arm-none-eabi/12.2 rel1/bin/../lib/gcc/arm-none-eabi/12.2.1/thumb/v6-m/nofp\libc.a
END GROUP
START GROUP
LOAD c:/progra~2/arm gnu toolchain arm-none-eabi/12.2 rel1/bin/../lib/gcc/arm-none-eabi/12.2.1/thumb/v6-m/nofp\libgcc.a
LOAD c:/progra~2/arm gnu toolchain arm-none-eabi/12.2 rel1/bin/../lib/gcc/arm-none-eabi/12.2.1/thumb/v6-m/nofp\libc.a
LOAD c:/progra~2/arm gnu toolchain arm-none-eabi/12.2 rel1/bin/../lib/gcc/arm-none-eabi/12.2.1/thumb/v6-m/nofp\libnosys.a
END GROUP
LOAD c:/progra~2/arm gnu toolchain arm-none-eabi/12.2 rel1/bin/../lib/gcc/arm-none-eabi/12.2.1/thumb/v6-m/nofp/crtend.o
LOAD c:/progra~2/arm gnu toolchain arm-none-eabi/12.2 rel1/bin/../lib/gcc/arm-none-eabi/12.2.1/thumb/v6-m/nofp/crtn.o
OUTPUT(TalonFirmware.elf elf32-littlearm)
LOAD linker stubs

.ARM.attributes
                0x00000000       0x28
 .ARM.attributes
                0x00000000       0x1e c:/progra~2/arm gnu toolchain arm-none-eabi/12.2 rel1/bin/../lib/gcc/arm-none-eabi/12.2.1/thumb/v6-m/nofp/crti.o
 .ARM.attributes
                0x0000001e       0x2c c:/progra~2/arm gnu toolchain arm-none-eabi/12.2 rel1/bin/../lib/gcc/arm-none-eabi/12.2.1/thumb/v6-m/nofp/crtbegin.o
 .ARM.attributes
                0x0000004a       0x2c CMakeFiles/TalonFirmware.dir/main.c.obj
 .ARM.attributes
                0x00000076       0x2c CMakeFiles/TalonFirmware.dir/C_/Users/David_Zaha/Desktop/2022_school_year/YWISE/pico-sdk/src/rp2_common/hardware_gpio/gpio.c.obj
 .ARM.attributes
                0x000000a2       0x2c CMakeFiles/TalonFirmware.dir/C_/Users/David_Zaha/Desktop/2022_school_year/YWISE/pico-sdk/src/rp2_common/pico_platform/platform.c.obj
 .ARM.attributes
                0x000000ce       0x2c CMakeFiles/TalonFirmware.dir/C_/Users/David_Zaha/Desktop/2022_school_year/YWISE/pico-sdk/src/rp2_common/hardware_claim/claim.c.obj
 .ARM.attributes
                0x000000fa       0x2c CMakeFiles/TalonFirmware.dir/C_/Users/David_Zaha/Desktop/2022_school_year/YWISE/pico-sdk/src/rp2_common/hardware_sync/sync.c.obj
 .ARM.attributes
                0x00000126       0x2c CMakeFiles/TalonFirmware.dir/C_/Users/David_Zaha/Desktop/2022_school_year/YWISE/pico-sdk/src/rp2_common/hardware_irq/irq.c.obj
 .ARM.attributes
                0x00000152       0x22 CMakeFiles/TalonFirmware.dir/C_/Users/David_Zaha/Desktop/2022_school_year/YWISE/pico-sdk/src/rp2_common/hardware_irq/irq_handler_chain.S.obj
 .ARM.attributes
                0x00000174       0x2c CMakeFiles/TalonFirmware.dir/C_/Users/David_Zaha/Desktop/2022_school_year/YWISE/pico-sdk/src/common/pico_sync/lock_core.c.obj
 .ARM.attributes
                0x000001a0       0x2c CMakeFiles/TalonFirmware.dir/C_/Users/David_Zaha/Desktop/2022_school_year/YWISE/pico-sdk/src/common/pico_sync/mutex.c.obj
 .ARM.attributes
                0x000001cc       0x2c CMakeFiles/TalonFirmware.dir/C_/Users/David_Zaha/Desktop/2022_school_year/YWISE/pico-sdk/src/common/pico_time/time.c.obj
 .ARM.attributes
                0x000001f8       0x2c CMakeFiles/TalonFirmware.dir/C_/Users/David_Zaha/Desktop/2022_school_year/YWISE/pico-sdk/src/rp2_common/hardware_timer/timer.c.obj
 .ARM.attributes
                0x00000224       0x2c CMakeFiles/TalonFirmware.dir/C_/Users/David_Zaha/Desktop/2022_school_year/YWISE/pico-sdk/src/common/pico_util/pheap.c.obj
 .ARM.attributes
                0x00000250       0x2c CMakeFiles/TalonFirmware.dir/C_/Users/David_Zaha/Desktop/2022_school_year/YWISE/pico-sdk/src/rp2_common/hardware_uart/uart.c.obj
 .ARM.attributes
                0x0000027c       0x2c CMakeFiles/TalonFirmware.dir/C_/Users/David_Zaha/Desktop/2022_school_year/YWISE/pico-sdk/src/rp2_common/hardware_clocks/clocks.c.obj
 .ARM.attributes
                0x000002a8       0x2c CMakeFiles/TalonFirmware.dir/C_/Users/David_Zaha/Desktop/2022_school_year/YWISE/pico-sdk/src/rp2_common/hardware_pll/pll.c.obj
 .ARM.attributes
                0x000002d4       0x2c CMakeFiles/TalonFirmware.dir/C_/Users/David_Zaha/Desktop/2022_school_year/YWISE/pico-sdk/src/rp2_common/hardware_watchdog/watchdog.c.obj
 .ARM.attributes
                0x00000300       0x2c CMakeFiles/TalonFirmware.dir/C_/Users/David_Zaha/Desktop/2022_school_year/YWISE/pico-sdk/src/rp2_common/hardware_xosc/xosc.c.obj
 .ARM.attributes
                0x0000032c       0x2c CMakeFiles/TalonFirmware.dir/C_/Users/David_Zaha/Desktop/2022_school_year/YWISE/pico-sdk/src/rp2_common/pico_runtime/runtime.c.obj
 .ARM.attributes
                0x00000358       0x2c CMakeFiles/TalonFirmware.dir/C_/Users/David_Zaha/Desktop/2022_school_year/YWISE/pico-sdk/src/rp2_common/pico_printf/printf.c.obj
 .ARM.attributes
                0x00000384       0x22 CMakeFiles/TalonFirmware.dir/C_/Users/David_Zaha/Desktop/2022_school_year/YWISE/pico-sdk/src/rp2_common/pico_bit_ops/bit_ops_aeabi.S.obj
 .ARM.attributes
                0x000003a6       0x2c CMakeFiles/TalonFirmware.dir/C_/Users/David_Zaha/Desktop/2022_school_year/YWISE/pico-sdk/src/rp2_common/pico_bootrom/bootrom.c.obj
 .ARM.attributes